Archive member included to satisfy reference by file (symbol)

D:/tool/cmake/cmake_zip/arm-gnu-toolchain/bin/../lib/gcc/arm-none-eabi/14.2.1/thumb/v7e-m+dp/hard\libc.a(libc_a-exit.o)
                              D:/tool/cmake/cmake_zip/arm-gnu-toolchain/bin/../lib/gcc/arm-none-eabi/14.2.1/thumb/v7e-m+dp/hard/crt0.o (exit)
D:/tool/cmake/cmake_zip/arm-gnu-toolchain/bin/../lib/gcc/arm-none-eabi/14.2.1/thumb/v7e-m+dp/hard\libc.a(libc_a-findfp.o)
                              D:/tool/cmake/cmake_zip/arm-gnu-toolchain/bin/../lib/gcc/arm-none-eabi/14.2.1/thumb/v7e-m+dp/hard\libc.a(libc_a-exit.o) (__stdio_exit_handler)
D:/tool/cmake/cmake_zip/arm-gnu-toolchain/bin/../lib/gcc/arm-none-eabi/14.2.1/thumb/v7e-m+dp/hard\libc.a(libc_a-fwalk.o)
                              D:/tool/cmake/cmake_zip/arm-gnu-toolchain/bin/../lib/gcc/arm-none-eabi/14.2.1/thumb/v7e-m+dp/hard\libc.a(libc_a-findfp.o) (_fwalk_sglue)
D:/tool/cmake/cmake_zip/arm-gnu-toolchain/bin/../lib/gcc/arm-none-eabi/14.2.1/thumb/v7e-m+dp/hard\libc.a(libc_a-stdio.o)
                              D:/tool/cmake/cmake_zip/arm-gnu-toolchain/bin/../lib/gcc/arm-none-eabi/14.2.1/thumb/v7e-m+dp/hard\libc.a(libc_a-findfp.o) (__sread)
D:/tool/cmake/cmake_zip/arm-gnu-toolchain/bin/../lib/gcc/arm-none-eabi/14.2.1/thumb/v7e-m+dp/hard\libc.a(libc_a-memset.o)
                              D:/tool/cmake/cmake_zip/arm-gnu-toolchain/bin/../lib/gcc/arm-none-eabi/14.2.1/thumb/v7e-m+dp/hard/crt0.o (memset)
D:/tool/cmake/cmake_zip/arm-gnu-toolchain/bin/../lib/gcc/arm-none-eabi/14.2.1/thumb/v7e-m+dp/hard\libc.a(libc_a-closer.o)
                              D:/tool/cmake/cmake_zip/arm-gnu-toolchain/bin/../lib/gcc/arm-none-eabi/14.2.1/thumb/v7e-m+dp/hard\libc.a(libc_a-stdio.o) (_close_r)
D:/tool/cmake/cmake_zip/arm-gnu-toolchain/bin/../lib/gcc/arm-none-eabi/14.2.1/thumb/v7e-m+dp/hard\libc.a(libc_a-reent.o)
                              D:/tool/cmake/cmake_zip/arm-gnu-toolchain/bin/../lib/gcc/arm-none-eabi/14.2.1/thumb/v7e-m+dp/hard\libc.a(libc_a-closer.o) (errno)
D:/tool/cmake/cmake_zip/arm-gnu-toolchain/bin/../lib/gcc/arm-none-eabi/14.2.1/thumb/v7e-m+dp/hard\libc.a(libc_a-impure.o)
                              D:/tool/cmake/cmake_zip/arm-gnu-toolchain/bin/../lib/gcc/arm-none-eabi/14.2.1/thumb/v7e-m+dp/hard\libc.a(libc_a-reent.o) (_impure_ptr)
D:/tool/cmake/cmake_zip/arm-gnu-toolchain/bin/../lib/gcc/arm-none-eabi/14.2.1/thumb/v7e-m+dp/hard\libc.a(libc_a-lseekr.o)
                              D:/tool/cmake/cmake_zip/arm-gnu-toolchain/bin/../lib/gcc/arm-none-eabi/14.2.1/thumb/v7e-m+dp/hard\libc.a(libc_a-stdio.o) (_lseek_r)
D:/tool/cmake/cmake_zip/arm-gnu-toolchain/bin/../lib/gcc/arm-none-eabi/14.2.1/thumb/v7e-m+dp/hard\libc.a(libc_a-readr.o)
                              D:/tool/cmake/cmake_zip/arm-gnu-toolchain/bin/../lib/gcc/arm-none-eabi/14.2.1/thumb/v7e-m+dp/hard\libc.a(libc_a-stdio.o) (_read_r)
D:/tool/cmake/cmake_zip/arm-gnu-toolchain/bin/../lib/gcc/arm-none-eabi/14.2.1/thumb/v7e-m+dp/hard\libc.a(libc_a-writer.o)
                              D:/tool/cmake/cmake_zip/arm-gnu-toolchain/bin/../lib/gcc/arm-none-eabi/14.2.1/thumb/v7e-m+dp/hard\libc.a(libc_a-stdio.o) (_write_r)
D:/tool/cmake/cmake_zip/arm-gnu-toolchain/bin/../lib/gcc/arm-none-eabi/14.2.1/thumb/v7e-m+dp/hard\libc.a(libc_a-init.o)
                              D:/tool/cmake/cmake_zip/arm-gnu-toolchain/bin/../lib/gcc/arm-none-eabi/14.2.1/thumb/v7e-m+dp/hard/crt0.o (__libc_init_array)
D:/tool/cmake/cmake_zip/arm-gnu-toolchain/bin/../lib/gcc/arm-none-eabi/14.2.1/thumb/v7e-m+dp/hard\libc.a(libc_a-lock.o)
                              D:/tool/cmake/cmake_zip/arm-gnu-toolchain/bin/../lib/gcc/arm-none-eabi/14.2.1/thumb/v7e-m+dp/hard\libc.a(libc_a-findfp.o) (__retarget_lock_init_recursive)
D:/tool/cmake/cmake_zip/arm-gnu-toolchain/bin/../lib/gcc/arm-none-eabi/14.2.1/thumb/v7e-m+dp/hard\libc.a(libc_a-__call_atexit.o)
                              D:/tool/cmake/cmake_zip/arm-gnu-toolchain/bin/../lib/gcc/arm-none-eabi/14.2.1/thumb/v7e-m+dp/hard\libc.a(libc_a-exit.o) (__call_exitprocs)
D:/tool/cmake/cmake_zip/arm-gnu-toolchain/bin/../lib/gcc/arm-none-eabi/14.2.1/thumb/v7e-m+dp/hard\libc.a(libc_a-atexit.o)
                              D:/tool/cmake/cmake_zip/arm-gnu-toolchain/bin/../lib/gcc/arm-none-eabi/14.2.1/thumb/v7e-m+dp/hard\libc.a(libc_a-__call_atexit.o) (atexit)
D:/tool/cmake/cmake_zip/arm-gnu-toolchain/bin/../lib/gcc/arm-none-eabi/14.2.1/thumb/v7e-m+dp/hard\libc.a(libc_a-freer.o)
                              D:/tool/cmake/cmake_zip/arm-gnu-toolchain/bin/../lib/gcc/arm-none-eabi/14.2.1/thumb/v7e-m+dp/hard\libc.a(libc_a-reent.o) (_free_r)
D:/tool/cmake/cmake_zip/arm-gnu-toolchain/bin/../lib/gcc/arm-none-eabi/14.2.1/thumb/v7e-m+dp/hard\libc.a(libc_a-mallocr.o)
                              D:/tool/cmake/cmake_zip/arm-gnu-toolchain/bin/../lib/gcc/arm-none-eabi/14.2.1/thumb/v7e-m+dp/hard\libc.a(libc_a-findfp.o) (_malloc_r)
[...]
Memory Configuration

Name             Origin             Length             Attributes
DTCMRAM          0x20000000         0x00020000         xrw
RAM              0x24000000         0x00080000         xrw
RAM_D2           0x30000000         0x00048000         xrw
RAM_D3           0x38000000         0x00010000         xrw
ITCMRAM          0x00000000         0x00010000         xrw
FLASH            0x08000000         0x00020000         xr
*default*        0x00000000         0xffffffff

Linker script and memory map

LOAD D:/tool/cmake/cmake_zip/arm-gnu-toolchain/bin/../lib/gcc/arm-none-eabi/14.2.1/thumb/v7e-m+dp/hard/crti.o
LOAD D:/tool/cmake/cmake_zip/arm-gnu-toolchain/bin/../lib/gcc/arm-none-eabi/14.2.1/thumb/v7e-m+dp/hard/crtbegin.o
LOAD D:/tool/cmake/cmake_zip/arm-gnu-toolchain/bin/../lib/gcc/arm-none-eabi/14.2.1/thumb/v7e-m+dp/hard/crt0.o
START GROUP
LOAD D:/tool/cmake/cmake_zip/arm-gnu-toolchain/bin/../lib/gcc/arm-none-eabi/14.2.1/thumb/v7e-m+dp/hard\libc.a
LOAD D:/tool/cmake/cmake_zip/arm-gnu-toolchain/bin/../lib/gcc/arm-none-eabi/14.2.1/thumb/v7e-m+dp/hard\libm.a
END GROUP
LOAD CMakeFiles/debug_gpio.dir/Core/Src/main.c.obj
LOAD CMakeFiles/debug_gpio.dir/Core/Src/stm32h7xx_it.c.obj
LOAD CMakeFiles/debug_gpio.dir/Core/Src/stm32h7xx_hal_msp.c.obj
LOAD CMakeFiles/debug_gpio.dir/Drivers/STM32H7xx_HAL_Driver/Src/stm32h7xx_hal_cortex.c.obj
LOAD CMakeFiles/debug_gpio.dir/Drivers/STM32H7xx_HAL_Driver/Src/stm32h7xx_hal_i2c.c.obj
LOAD CMakeFiles/debug_gpio.dir/Drivers/STM32H7xx_HAL_Driver/Src/stm32h7xx_hal_i2c_ex.c.obj
LOAD CMakeFiles/debug_gpio.dir/Drivers/STM32H7xx_HAL_Driver/Src/stm32h7xx_hal_rcc.c.obj
LOAD CMakeFiles/debug_gpio.dir/Drivers/STM32H7xx_HAL_Driver/Src/stm32h7xx_hal_rcc_ex.c.obj
LOAD CMakeFiles/debug_gpio.dir/Drivers/STM32H7xx_HAL_Driver/Src/stm32h7xx_hal_flash.c.obj
LOAD CMakeFiles/debug_gpio.dir/Drivers/STM32H7xx_HAL_Driver/Src/stm32h7xx_hal_flash_ex.c.obj
LOAD CMakeFiles/debug_gpio.dir/Drivers/STM32H7xx_HAL_Driver/Src/stm32h7xx_hal_gpio.c.obj
LOAD CMakeFiles/debug_gpio.dir/Drivers/STM32H7xx_HAL_Driver/Src/stm32h7xx_hal_hsem.c.obj
LOAD CMakeFiles/debug_gpio.dir/Drivers/STM32H7xx_HAL_Driver/Src/stm32h7xx_hal_dma.c.obj
LOAD CMakeFiles/debug_gpio.dir/Drivers/STM32H7xx_HAL_Driver/Src/stm32h7xx_hal_dma_ex.c.obj
LOAD CMakeFiles/debug_gpio.dir/Drivers/STM32H7xx_HAL_Driver/Src/stm32h7xx_hal_mdma.c.obj
LOAD CMakeFiles/debug_gpio.dir/Drivers/STM32H7xx_HAL_Driver/Src/stm32h7xx_hal_pwr.c.obj
LOAD CMakeFiles/debug_gpio.dir/Drivers/STM32H7xx_HAL_Driver/Src/stm32h7xx_hal_pwr_ex.c.obj
LOAD CMakeFiles/debug_gpio.dir/Drivers/STM32H7xx_HAL_Driver/Src/stm32h7xx_hal.c.obj
LOAD CMakeFiles/debug_gpio.dir/Drivers/STM32H7xx_HAL_Driver/Src/stm32h7xx_hal_exti.c.obj
LOAD CMakeFiles/debug_gpio.dir/Drivers/STM32H7xx_HAL_Driver/Src/stm32h7xx_hal_spi.c.obj
LOAD CMakeFiles/debug_gpio.dir/Drivers/STM32H7xx_HAL_Driver/Src/stm32h7xx_hal_spi_ex.c.obj
LOAD CMakeFiles/debug_gpio.dir/Drivers/STM32H7xx_HAL_Driver/Src/stm32h7xx_hal_uart.c.obj
LOAD CMakeFiles/debug_gpio.dir/Drivers/STM32H7xx_HAL_Driver/Src/stm32h7xx_hal_uart_ex.c.obj
LOAD CMakeFiles/debug_gpio.dir/Core/Src/system_stm32h7xx.c.obj
LOAD CMakeFiles/debug_gpio.dir/Core/Src/sysmem.c.obj
LOAD CMakeFiles/debug_gpio.dir/Core/Src/syscalls.c.obj
LOAD CMakeFiles/debug_gpio.dir/startup_stm32h750xx.s.obj
START GROUP
LOAD D:/tool/cmake/cmake_zip/arm-gnu-toolchain/bin/../lib/gcc/arm-none-eabi/14.2.1/thumb/v7e-m+dp/hard\libgcc.a
LOAD D:/tool/cmake/cmake_zip/arm-gnu-toolchain/bin/../lib/gcc/arm-none-eabi/14.2.1/thumb/v7e-m+dp/hard\libg.a
LOAD D:/tool/cmake/cmake_zip/arm-gnu-toolchain/bin/../lib/gcc/arm-none-eabi/14.2.1/thumb/v7e-m+dp/hard\libc.a
END GROUP
LOAD D:/tool/cmake/cmake_zip/arm-gnu-toolchain/bin/../lib/gcc/arm-none-eabi/14.2.1/thumb/v7e-m+dp/hard/crtend.o
LOAD D:/tool/cmake/cmake_zip/arm-gnu-toolchain/bin/../lib/gcc/arm-none-eabi/14.2.1/thumb/v7e-m+dp/hard/crtn.o
                0x20020000                        _estack = (ORIGIN (DTCMRAM) + LENGTH (DTCMRAM))
                0x00000200                        _Min_Heap_Size = 0x200
                0x00000400                        _Min_Stack_Size = 0x400

.isr_vector     0x08000000      0x298
                0x08000000                        . = ALIGN (0x4)
 *(.isr_vector)
 .isr_vector    0x08000000      0x298 CMakeFiles/debug_gpio.dir/startup_stm32h750xx.s.obj
                0x08000000                g_pfnVectors
                0x08000298                        . = ALIGN (0x4)

.text           0x080002c0     0xd4ac
                0x080002c0                        . = ALIGN (0x4)
 *(.text)
 .text          0x080002c0       0x30 D:/tool/cmake/cmake_zip/arm-gnu-toolchain/bin/../lib/gcc/arm-none-eabi/14.2.1/thumb/v7e-m+dp/hard\libgcc.a(_aeabi_uldivmod.o)
                0x080002c0                __aeabi_uldivmod
 .text          0x080002f0        0x4 D:/tool/cmake/cmake_zip/arm-gnu-toolchain/bin/../lib/gcc/arm-none-eabi/14.2.1/thumb/v7e-m+dp/hard\libgcc.a(_dvmd_tls.o)
                0x080002f0                __aeabi_idiv0
                0x080002f0                __aeabi_ldiv0
 *fill*         0x080002f4        0xc 
 .text          0x08000300       0xd8 D:/tool/cmake/cmake_zip/arm-gnu-toolchain/bin/../lib/gcc/arm-none-eabi/14.2.1/thumb/v7e-m+dp/hard\libg.a(libc_a-strlen.o)
                0x08000300                strlen
 *fill*         0x080003d8        0x8 
 .text          0x080003e0       0xa0 D:/tool/cmake/cmake_zip/arm-gnu-toolchain/bin/../lib/gcc/arm-none-eabi/14.2.1/thumb/v7e-m+dp/hard\libg.a(libc_a-memchr.o)
                0x080003e0                memchr
 .text          0x08000480      0x134 D:/tool/cmake/cmake_zip/arm-gnu-toolchain/bin/../lib/gcc/arm-none-eabi/14.2.1/thumb/v7e-m+dp/hard\libg.a(libc_a-memcpy.o)
                0x08000480                memcpy
 *(.text*)
 .text.deregister_tm_clones
                0x080005b4       0x1c D:/tool/cmake/cmake_zip/arm-gnu-toolchain/bin/../lib/gcc/arm-none-eabi/14.2.1/thumb/v7e-m+dp/hard/crtbegin.o
 .text.register_tm_clones
                0x080005d0       0x24 D:/tool/cmake/cmake_zip/arm-gnu-toolchain/bin/../lib/gcc/arm-none-eabi/14.2.1/thumb/v7e-m+dp/hard/crtbegin.o
 .text.__do_global_dtors_aux
                0x080005f4       0x28 D:/tool/cmake/cmake_zip/arm-gnu-toolchain/bin/../lib/gcc/arm-none-eabi/14.2.1/thumb/v7e-m+dp/hard/crtbegin.o
 .text.frame_dummy
                0x0800061c       0x24 D:/tool/cmake/cmake_zip/arm-gnu-toolchain/bin/../lib/gcc/arm-none-eabi/14.2.1/thumb/v7e-m+dp/hard/crtbegin.o
 .text.stdio_exit_handler
                0x08000640       0x18 D:/tool/cmake/cmake_zip/arm-gnu-toolchain/bin/../lib/gcc/arm-none-eabi/14.2.1/thumb/v7e-m+dp/hard\libc.a(libc_a-findfp.o)
 .text.cleanup_stdio
                0x08000658       0x40 D:/tool/cmake/cmake_zip/arm-gnu-toolchain/bin/../lib/gcc/arm-none-eabi/14.2.1/thumb/v7e-m+dp/hard\libc.a(libc_a-findfp.o)
 .text.global_stdio_init.part.0
                0x08000698       0xf0 D:/tool/cmake/cmake_zip/arm-gnu-toolchain/bin/../lib/gcc/arm-none-eabi/14.2.1/thumb/v7e-m+dp/hard\libc.a(libc_a-findfp.o)
 .text.__sinit  0x08000788       0x3c D:/tool/cmake/cmake_zip/arm-gnu-toolchain/bin/../lib/gcc/arm-none-eabi/14.2.1/thumb/v7e-m+dp/hard\libc.a(libc_a-findfp.o)
                0x08000788                __sinit
 .text.__sfp_lock_acquire
                0x080007c4        0xc D:/tool/cmake/cmake_zip/arm-gnu-toolchain/bin/../lib/gcc/arm-none-eabi/14.2.1/thumb/v7e-m+dp/hard\libc.a(libc_a-findfp.o)
                0x080007c4                __sfp_lock_acquire
 .text.__sfp_lock_release
                0x080007d0        0xc D:/tool/cmake/cmake_zip/arm-gnu-toolchain/bin/../lib/gcc/arm-none-eabi/14.2.1/thumb/v7e-m+dp/hard\libc.a(libc_a-findfp.o)
                0x080007d0                __sfp_lock_release
 .text._fwalk_sglue
                0x080007dc       0x44 D:/tool/cmake/cmake_zip/arm-gnu-toolchain/bin/../lib/gcc/arm-none-eabi/14.2.1/thumb/v7e-m+dp/hard\libc.a(libc_a-fwalk.o)
                0x080007dc                _fwalk_sglue
 .text.__sread  0x08000820       0x24 D:/tool/cmake/cmake_zip/arm-gnu-toolchain/bin/../lib/gcc/arm-none-eabi/14.2.1/thumb/v7e-m+dp/hard\libc.a(libc_a-stdio.o)
                0x08000820                __sread
 .text.__swrite
                0x08000844       0x40 D:/tool/cmake/cmake_zip/arm-gnu-toolchain/bin/../lib/gcc/arm-none-eabi/14.2.1/thumb/v7e-m+dp/hard\libc.a(libc_a-stdio.o)
                0x08000844                __swrite
 .text.__sseek  0x08000884       0x24 D:/tool/cmake/cmake_zip/arm-gnu-toolchain/bin/../lib/gcc/arm-none-eabi/14.2.1/thumb/v7e-m+dp/hard\libc.a(libc_a-stdio.o)
                0x08000884                __sseek
 .text.__sclose
                0x080008a8        0x8 D:/tool/cmake/cmake_zip/arm-gnu-toolchain/bin/../lib/gcc/arm-none-eabi/14.2.1/thumb/v7e-m+dp/hard\libc.a(libc_a-stdio.o)
                0x080008a8                __sclose
 .text.memset   0x080008b0       0x9c D:/tool/cmake/cmake_zip/arm-gnu-toolchain/bin/../lib/gcc/arm-none-eabi/14.2.1/thumb/v7e-m+dp/hard\libc.a(libc_a-memset.o)
                0x080008b0                memset
 .text._close_r
                0x0800094c       0x24 D:/tool/cmake/cmake_zip/arm-gnu-toolchain/bin/../lib/gcc/arm-none-eabi/14.2.1/thumb/v7e-m+dp/hard\libc.a(libc_a-closer.o)
                0x0800094c                _close_r
 .text._lseek_r
                0x08000970       0x2c D:/tool/cmake/cmake_zip/arm-gnu-toolchain/bin/../lib/gcc/arm-none-eabi/14.2.1/thumb/v7e-m+dp/hard\libc.a(libc_a-lseekr.o)
                0x08000970                _lseek_r
 .text._read_r  0x0800099c       0x2c D:/tool/cmake/cmake_zip/arm-gnu-toolchain/bin/../lib/gcc/arm-none-eabi/14.2.1/thumb/v7e-m+dp/hard\libc.a(libc_a-readr.o)
                0x0800099c                _read_r
 .text._write_r
                0x080009c8       0x2c D:/tool/cmake/cmake_zip/arm-gnu-toolchain/bin/../lib/gcc/arm-none-eabi/14.2.1/thumb/v7e-m+dp/hard\libc.a(libc_a-writer.o)
                0x080009c8                _write_r
 .text.__libc_init_array
                0x080009f4       0x50 D:/tool/cmake/cmake_zip/arm-gnu-toolchain/bin/../lib/gcc/arm-none-eabi/14.2.1/thumb/v7e-m+dp/hard\libc.a(libc_a-init.o)
                0x080009f4                __libc_init_array
 .text.__retarget_lock_init_recursive
                0x08000a44        0x4 D:/tool/cmake/cmake_zip/arm-gnu-toolchain/bin/../lib/gcc/arm-none-eabi/14.2.1/thumb/v7e-m+dp/hard\libc.a(libc_a-lock.o)
                0x08000a44                __retarget_lock_init_recursive
 .text.__retarget_lock_close_recursive
                0x08000a48        0x4 D:/tool/cmake/cmake_zip/arm-gnu-toolchain/bin/../lib/gcc/arm-none-eabi/14.2.1/thumb/v7e-m+dp/hard\libc.a(libc_a-lock.o)
                0x08000a48                __retarget_lock_close_recursive
 .text.__retarget_lock_acquire_recursive
                0x08000a4c        0x4 D:/tool/cmake/cmake_zip/arm-gnu-toolchain/bin/../lib/gcc/arm-none-eabi/14.2.1/thumb/v7e-m+dp/hard\libc.a(libc_a-lock.o)
                0x08000a4c                __retarget_lock_acquire_recursive
 .text.__retarget_lock_release_recursive
                0x08000a50        0x4 D:/tool/cmake/cmake_zip/arm-gnu-toolchain/bin/../lib/gcc/arm-none-eabi/14.2.1/thumb/v7e-m+dp/hard\libc.a(libc_a-lock.o)
                0x08000a50                __retarget_lock_release_recursive
 .text.startup.register_fini
                0x08000a54       0x14 D:/tool/cmake/cmake_zip/arm-gnu-toolchain/bin/../lib/gcc/arm-none-eabi/14.2.1/thumb/v7e-m+dp/hard\libc.a(libc_a-__call_atexit.o)
 .text.atexit   0x08000a68        0xc D:/tool/cmake/cmake_zip/arm-gnu-toolchain/bin/../lib/gcc/arm-none-eabi/14.2.1/thumb/v7e-m+dp/hard\libc.a(libc_a-atexit.o)
                0x08000a68                atexit
 .text._malloc_trim_r
                0x08000a74       0xb8 D:/tool/cmake/cmake_zip/arm-gnu-toolchain/bin/../lib/gcc/arm-none-eabi/14.2.1/thumb/v7e-m+dp/hard\libc.a(libc_a-freer.o)
                0x08000a74                _malloc_trim_r
 .text._free_r  0x08000b2c      0x1f0 D:/tool/cmake/cmake_zip/arm-gnu-toolchain/bin/../lib/gcc/arm-none-eabi/14.2.1/thumb/v7e-m+dp/hard\libc.a(libc_a-freer.o)
                0x08000b2c                _free_r
 .text._malloc_r
                0x08000d1c      0x598 D:/tool/cmake/cmake_zip/arm-gnu-toolchain/bin/../lib/gcc/arm-none-eabi/14.2.1/thumb/v7e-m+dp/hard\libc.a(libc_a-mallocr.o)
                0x08000d1c                _malloc_r
 .text.__malloc_lock
                0x080012b4        0xc D:/tool/cmake/cmake_zip/arm-gnu-toolchain/bin/../lib/gcc/arm-none-eabi/14.2.1/thumb/v7e-m+dp/hard\libc.a(libc_a-mlock.o)
                0x080012b4                __malloc_lock
 .text.__malloc_unlock
                0x080012c0        0xc D:/tool/cmake/cmake_zip/arm-gnu-toolchain/bin/../lib/gcc/arm-none-eabi/14.2.1/thumb/v7e-m+dp/hard\libc.a(libc_a-mlock.o)
                0x080012c0                __malloc_unlock
 .text._fclose_r
                0x080012cc       0xc0 D:/tool/cmake/cmake_zip/arm-gnu-toolchain/bin/../lib/gcc/arm-none-eabi/14.2.1/thumb/v7e-m+dp/hard\libc.a(libc_a-fclose.o)
                0x080012cc                _fclose_r
 .text.__sflush_r
                0x0800138c      0x134 D:/tool/cmake/cmake_zip/arm-gnu-toolchain/bin/../lib/gcc/arm-none-eabi/14.2.1/thumb/v7e-m+dp/hard\libc.a(libc_a-fflush.o)
                0x0800138c                __sflush_r
 .text._fflush_r
                0x080014c0       0x54 D:/tool/cmake/cmake_zip/arm-gnu-toolchain/bin/../lib/gcc/arm-none-eabi/14.2.1/thumb/v7e-m+dp/hard\libc.a(libc_a-fflush.o)
                0x080014c0                _fflush_r
 .text._sbrk_r  0x08001514       0x24 D:/tool/cmake/cmake_zip/arm-gnu-toolchain/bin/../lib/gcc/arm-none-eabi/14.2.1/thumb/v7e-m+dp/hard\libc.a(libc_a-sbrkr.o)
                0x08001514                _sbrk_r
 .text.__libc_fini_array
                0x08001538       0x28 D:/tool/cmake/cmake_zip/arm-gnu-toolchain/bin/../lib/gcc/arm-none-eabi/14.2.1/thumb/v7e-m+dp/hard\libc.a(libc_a-fini.o)
                0x08001538                __libc_fini_array
 .text.sysconf  0x08001560       0x1c D:/tool/cmake/cmake_zip/arm-gnu-toolchain/bin/../lib/gcc/arm-none-eabi/14.2.1/thumb/v7e-m+dp/hard\libc.a(libc_a-sysconf.o)
                0x08001560                sysconf
 .text.__register_exitproc
                0x0800157c       0x80 D:/tool/cmake/cmake_zip/arm-gnu-toolchain/bin/../lib/gcc/arm-none-eabi/14.2.1/thumb/v7e-m+dp/hard\libc.a(libc_a-__atexit.o)
                0x0800157c                __register_exitproc
 .text.__errno  0x080015fc        0xc D:/tool/cmake/cmake_zip/arm-gnu-toolchain/bin/../lib/gcc/arm-none-eabi/14.2.1/thumb/v7e-m+dp/hard\libc.a(libc_a-errno.o)
                0x080015fc                __errno
 .text.Convert_ADC_To_Voltage
                0x08001608       0x60 CMakeFiles/debug_gpio.dir/Core/Src/main.c.obj
 .text.SPI_Transmit
                0x08001668       0x5c CMakeFiles/debug_gpio.dir/Core/Src/main.c.obj
                0x08001668                SPI_Transmit
 .text.SPI_TransmitReceive
                0x080016c4       0x3c CMakeFiles/debug_gpio.dir/Core/Src/main.c.obj
 .text.main     0x08001700      0x110 CMakeFiles/debug_gpio.dir/Core/Src/main.c.obj
                0x08001700                main
 .text.SystemClock_Config
                0x08001810       0xf8 CMakeFiles/debug_gpio.dir/Core/Src/main.c.obj
                0x08001810                SystemClock_Config
 .text.MX_I2C1_Init
                0x08001908       0x80 CMakeFiles/debug_gpio.dir/Core/Src/main.c.obj
 .text.MX_SPI4_Init
                0x08001988       0xec CMakeFiles/debug_gpio.dir/Core/Src/main.c.obj
 .text.MX_USART1_Init
                0x08001a74       0x9c CMakeFiles/debug_gpio.dir/Core/Src/main.c.obj
 .text.MX_GPIO_Init
                0x08001b10      0x140 CMakeFiles/debug_gpio.dir/Core/Src/main.c.obj
 .text.UART_SendChar
                0x08001c50       0x28 CMakeFiles/debug_gpio.dir/Core/Src/main.c.obj
                0x08001c50                UART_SendChar
 .text.HAL_GPIO_EXTI_Callback
                0x08001c78      0x290 CMakeFiles/debug_gpio.dir/Core/Src/main.c.obj
                0x08001c78                HAL_GPIO_EXTI_Callback
 .text.MPU_Config
                0x08001f08       0x58 CMakeFiles/debug_gpio.dir/Core/Src/main.c.obj
 .text.Error_Handler
                0x08001f60        0xc CMakeFiles/debug_gpio.dir/Core/Src/main.c.obj
                0x08001f60                Error_Handler
 .text.NMI_Handler
                0x08001f6c        0x8 CMakeFiles/debug_gpio.dir/Core/Src/stm32h7xx_it.c.obj
                0x08001f6c                NMI_Handler
 .text.HardFault_Handler
                0x08001f74        0x8 CMakeFiles/debug_gpio.dir/Core/Src/stm32h7xx_it.c.obj
                0x08001f74                HardFault_Handler
 .text.MemManage_Handler
                0x08001f7c        0x8 CMakeFiles/debug_gpio.dir/Core/Src/stm32h7xx_it.c.obj
                0x08001f7c                MemManage_Handler
 .text.BusFault_Handler
                0x08001f84        0x8 CMakeFiles/debug_gpio.dir/Core/Src/stm32h7xx_it.c.obj
                0x08001f84                BusFault_Handler
 .text.UsageFault_Handler
                0x08001f8c        0x8 CMakeFiles/debug_gpio.dir/Core/Src/stm32h7xx_it.c.obj
                0x08001f8c                UsageFault_Handler
 .text.SVC_Handler
                0x08001f94        0xe CMakeFiles/debug_gpio.dir/Core/Src/stm32h7xx_it.c.obj
                0x08001f94                SVC_Handler
 .text.DebugMon_Handler
                0x08001fa2        0xe CMakeFiles/debug_gpio.dir/Core/Src/stm32h7xx_it.c.obj
                0x08001fa2                DebugMon_Handler
 .text.PendSV_Handler
                0x08001fb0        0xe CMakeFiles/debug_gpio.dir/Core/Src/stm32h7xx_it.c.obj
                0x08001fb0                PendSV_Handler
 .text.SysTick_Handler
                0x08001fbe        0xc CMakeFiles/debug_gpio.dir/Core/Src/stm32h7xx_it.c.obj
                0x08001fbe                SysTick_Handler
 .text.EXTI4_IRQHandler
                0x08001fca        0xe CMakeFiles/debug_gpio.dir/Core/Src/stm32h7xx_it.c.obj
                0x08001fca                EXTI4_IRQHandler
 .text.EXTI3_IRQHandler
                0x08001fd8        0xe CMakeFiles/debug_gpio.dir/Core/Src/stm32h7xx_it.c.obj
                0x08001fd8                EXTI3_IRQHandler
 .text.EXTI9_5_IRQHandler
                0x08001fe6       0x20 CMakeFiles/debug_gpio.dir/Core/Src/stm32h7xx_it.c.obj
                0x08001fe6                EXTI9_5_IRQHandler
 .text.EXTI15_10_IRQHandler
                0x08002006       0x20 CMakeFiles/debug_gpio.dir/Core/Src/stm32h7xx_it.c.obj
                0x08002006                EXTI15_10_IRQHandler
 *fill*         0x08002026        0x2 
 .text.HAL_MspInit
                0x08002028       0x34 CMakeFiles/debug_gpio.dir/Core/Src/stm32h7xx_hal_msp.c.obj
                0x08002028                HAL_MspInit
 .text.HAL_I2C_MspInit
                0x0800205c       0xd0 CMakeFiles/debug_gpio.dir/Core/Src/stm32h7xx_hal_msp.c.obj
                0x0800205c                HAL_I2C_MspInit
 .text.HAL_SPI_MspInit
                0x0800212c       0xd0 CMakeFiles/debug_gpio.dir/Core/Src/stm32h7xx_hal_msp.c.obj
                0x0800212c                HAL_SPI_MspInit
 .text.HAL_UART_MspInit
                0x080021fc       0xd4 CMakeFiles/debug_gpio.dir/Core/Src/stm32h7xx_hal_msp.c.obj
                0x080021fc                HAL_UART_MspInit
 .text.__NVIC_SetPriorityGrouping
                0x080022d0       0x48 CMakeFiles/debug_gpio.dir/Drivers/STM32H7xx_HAL_Driver/Src/stm32h7xx_hal_cortex.c.obj
 .text.__NVIC_GetPriorityGrouping
                0x08002318       0x1c CMakeFiles/debug_gpio.dir/Drivers/STM32H7xx_HAL_Driver/Src/stm32h7xx_hal_cortex.c.obj
 .text.__NVIC_EnableIRQ
                0x08002334       0x3c CMakeFiles/debug_gpio.dir/Drivers/STM32H7xx_HAL_Driver/Src/stm32h7xx_hal_cortex.c.obj
 .text.__NVIC_SetPriority
                0x08002370       0x54 CMakeFiles/debug_gpio.dir/Drivers/STM32H7xx_HAL_Driver/Src/stm32h7xx_hal_cortex.c.obj
 .text.NVIC_EncodePriority
                0x080023c4       0x66 CMakeFiles/debug_gpio.dir/Drivers/STM32H7xx_HAL_Driver/Src/stm32h7xx_hal_cortex.c.obj
 *fill*         0x0800242a        0x2 
 .text.SysTick_Config
                0x0800242c       0x44 CMakeFiles/debug_gpio.dir/Drivers/STM32H7xx_HAL_Driver/Src/stm32h7xx_hal_cortex.c.obj
 .text.HAL_NVIC_SetPriorityGrouping
                0x08002470       0x16 CMakeFiles/debug_gpio.dir/Drivers/STM32H7xx_HAL_Driver/Src/stm32h7xx_hal_cortex.c.obj
                0x08002470                HAL_NVIC_SetPriorityGrouping
 .text.HAL_NVIC_SetPriority
                0x08002486       0x34 CMakeFiles/debug_gpio.dir/Drivers/STM32H7xx_HAL_Driver/Src/stm32h7xx_hal_cortex.c.obj
                0x08002486                HAL_NVIC_SetPriority
 .text.HAL_NVIC_EnableIRQ
                0x080024ba       0x1c CMakeFiles/debug_gpio.dir/Drivers/STM32H7xx_HAL_Driver/Src/stm32h7xx_hal_cortex.c.obj
                0x080024ba                HAL_NVIC_EnableIRQ
 .text.HAL_SYSTICK_Config
                0x080024d6       0x18 CMakeFiles/debug_gpio.dir/Drivers/STM32H7xx_HAL_Driver/Src/stm32h7xx_hal_cortex.c.obj
                0x080024d6                HAL_SYSTICK_Config
 *fill*         0x080024ee        0x2 
 .text.HAL_MPU_Disable
                0x080024f0       0x30 CMakeFiles/debug_gpio.dir/Drivers/STM32H7xx_HAL_Driver/Src/stm32h7xx_hal_cortex.c.obj
                0x080024f0                HAL_MPU_Disable
 .text.HAL_MPU_Enable
                0x08002520       0x40 CMakeFiles/debug_gpio.dir/Drivers/STM32H7xx_HAL_Driver/Src/stm32h7xx_hal_cortex.c.obj
                0x08002520                HAL_MPU_Enable
 .text.HAL_MPU_ConfigRegion
                0x08002560       0x80 CMakeFiles/debug_gpio.dir/Drivers/STM32H7xx_HAL_Driver/Src/stm32h7xx_hal_cortex.c.obj
                0x08002560                HAL_MPU_ConfigRegion
 .text.HAL_I2C_Init
                0x080025e0      0x138 CMakeFiles/debug_gpio.dir/Drivers/STM32H7xx_HAL_Driver/Src/stm32h7xx_hal_i2c.c.obj
                0x080025e0                HAL_I2C_Init
 .text.HAL_I2CEx_ConfigAnalogFilter
                0x08002718       0x96 CMakeFiles/debug_gpio.dir/Drivers/STM32H7xx_HAL_Driver/Src/stm32h7xx_hal_i2c_ex.c.obj
                0x08002718                HAL_I2CEx_ConfigAnalogFilter
 .text.HAL_I2CEx_ConfigDigitalFilter
                0x080027ae       0x98 CMakeFiles/debug_gpio.dir/Drivers/STM32H7xx_HAL_Driver/Src/stm32h7xx_hal_i2c_ex.c.obj
                0x080027ae                HAL_I2CEx_ConfigDigitalFilter
 *fill*         0x08002846        0x2 
 .text.HAL_RCC_OscConfig
                0x08002848      0x8b4 CMakeFiles/debug_gpio.dir/Drivers/STM32H7xx_HAL_Driver/Src/stm32h7xx_hal_rcc.c.obj
                0x08002848                HAL_RCC_OscConfig
 .text.HAL_RCC_ClockConfig
                0x080030fc      0x36c CMakeFiles/debug_gpio.dir/Drivers/STM32H7xx_HAL_Driver/Src/stm32h7xx_hal_rcc.c.obj
                0x080030fc                HAL_RCC_ClockConfig
 .text.HAL_RCC_GetSysClockFreq
                0x08003468      0x2f4 CMakeFiles/debug_gpio.dir/Drivers/STM32H7xx_HAL_Driver/Src/stm32h7xx_hal_rcc.c.obj
                0x08003468                HAL_RCC_GetSysClockFreq
 .text.HAL_RCC_GetHCLKFreq
                0x0800375c       0x60 CMakeFiles/debug_gpio.dir/Drivers/STM32H7xx_HAL_Driver/Src/stm32h7xx_hal_rcc.c.obj
                0x0800375c                HAL_RCC_GetHCLKFreq
 .text.HAL_RCC_GetPCLK1Freq
                0x080037bc       0x2c CMakeFiles/debug_gpio.dir/Drivers/STM32H7xx_HAL_Driver/Src/stm32h7xx_hal_rcc.c.obj
                0x080037bc                HAL_RCC_GetPCLK1Freq
 .text.HAL_RCC_GetPCLK2Freq
                0x080037e8       0x2c CMakeFiles/debug_gpio.dir/Drivers/STM32H7xx_HAL_Driver/Src/stm32h7xx_hal_rcc.c.obj
                0x080037e8                HAL_RCC_GetPCLK2Freq
 .text.HAL_RCCEx_PeriphCLKConfig
                0x08003814     0x1414 CMakeFiles/debug_gpio.dir/Drivers/STM32H7xx_HAL_Driver/Src/stm32h7xx_hal_rcc_ex.c.obj
                0x08003814                HAL_RCCEx_PeriphCLKConfig
 .text.HAL_RCCEx_GetD3PCLK1Freq
                0x08004c28       0x2c CMakeFiles/debug_gpio.dir/Drivers/STM32H7xx_HAL_Driver/Src/stm32h7xx_hal_rcc_ex.c.obj
                0x08004c28                HAL_RCCEx_GetD3PCLK1Freq
 .text.HAL_RCCEx_GetPLL2ClockFreq
                0x08004c54      0x2a8 CMakeFiles/debug_gpio.dir/Drivers/STM32H7xx_HAL_Driver/Src/stm32h7xx_hal_rcc_ex.c.obj
                0x08004c54                HAL_RCCEx_GetPLL2ClockFreq
 .text.HAL_RCCEx_GetPLL3ClockFreq
                0x08004efc      0x2a8 CMakeFiles/debug_gpio.dir/Drivers/STM32H7xx_HAL_Driver/Src/stm32h7xx_hal_rcc_ex.c.obj
                0x08004efc                HAL_RCCEx_GetPLL3ClockFreq
 .text.RCCEx_PLL2_Config
                0x080051a4      0x164 CMakeFiles/debug_gpio.dir/Drivers/STM32H7xx_HAL_Driver/Src/stm32h7xx_hal_rcc_ex.c.obj
 .text.RCCEx_PLL3_Config
                0x08005308      0x164 CMakeFiles/debug_gpio.dir/Drivers/STM32H7xx_HAL_Driver/Src/stm32h7xx_hal_rcc_ex.c.obj
 .text.HAL_GPIO_Init
                0x0800546c      0x360 CMakeFiles/debug_gpio.dir/Drivers/STM32H7xx_HAL_Driver/Src/stm32h7xx_hal_gpio.c.obj
                0x0800546c                HAL_GPIO_Init
 .text.HAL_GPIO_WritePin
                0x080057cc       0x32 CMakeFiles/debug_gpio.dir/Drivers/STM32H7xx_HAL_Driver/Src/stm32h7xx_hal_gpio.c.obj
                0x080057cc                HAL_GPIO_WritePin
 .text.HAL_GPIO_EXTI_IRQHandler
                0x080057fe       0x34 CMakeFiles/debug_gpio.dir/Drivers/STM32H7xx_HAL_Driver/Src/stm32h7xx_hal_gpio.c.obj
                0x080057fe                HAL_GPIO_EXTI_IRQHandler
 *fill*         0x08005832        0x2 
 .text.HAL_PWREx_ConfigSupply
                0x08005834       0x74 CMakeFiles/debug_gpio.dir/Drivers/STM32H7xx_HAL_Driver/Src/stm32h7xx_hal_pwr_ex.c.obj
                0x08005834                HAL_PWREx_ConfigSupply
 .text.HAL_Init
                0x080058a8       0x78 CMakeFiles/debug_gpio.dir/Drivers/STM32H7xx_HAL_Driver/Src/stm32h7xx_hal.c.obj
                0x080058a8                HAL_Init
 .text.HAL_InitTick
                0x08005920       0x6c CMakeFiles/debug_gpio.dir/Drivers/STM32H7xx_HAL_Driver/Src/stm32h7xx_hal.c.obj
                0x08005920                HAL_InitTick
 .text.HAL_IncTick
                0x0800598c       0x28 CMakeFiles/debug_gpio.dir/Drivers/STM32H7xx_HAL_Driver/Src/stm32h7xx_hal.c.obj
                0x0800598c                HAL_IncTick
 .text.HAL_GetTick
                0x080059b4       0x18 CMakeFiles/debug_gpio.dir/Drivers/STM32H7xx_HAL_Driver/Src/stm32h7xx_hal.c.obj
                0x080059b4                HAL_GetTick
 .text.HAL_Delay
                0x080059cc       0x48 CMakeFiles/debug_gpio.dir/Drivers/STM32H7xx_HAL_Driver/Src/stm32h7xx_hal.c.obj
                0x080059cc                HAL_Delay
 .text.HAL_GetREVID
                0x08005a14       0x18 CMakeFiles/debug_gpio.dir/Drivers/STM32H7xx_HAL_Driver/Src/stm32h7xx_hal.c.obj
                0x08005a14                HAL_GetREVID
 .text.HAL_SPI_Init
                0x08005a2c      0x248 CMakeFiles/debug_gpio.dir/Drivers/STM32H7xx_HAL_Driver/Src/stm32h7xx_hal_spi.c.obj
                0x08005a2c                HAL_SPI_Init
 .text.HAL_SPI_TransmitReceive
                0x08005c74      0x674 CMakeFiles/debug_gpio.dir/Drivers/STM32H7xx_HAL_Driver/Src/stm32h7xx_hal_spi.c.obj
                0x08005c74                HAL_SPI_TransmitReceive
 .text.SPI_CloseTransfer
                0x080062e8      0x140 CMakeFiles/debug_gpio.dir/Drivers/STM32H7xx_HAL_Driver/Src/stm32h7xx_hal_spi.c.obj
 .text.SPI_WaitOnFlagUntilTimeout
                0x08006428       0x5c CMakeFiles/debug_gpio.dir/Drivers/STM32H7xx_HAL_Driver/Src/stm32h7xx_hal_spi.c.obj
 .text.SPI_GetPacketSize
                0x08006484       0x36 CMakeFiles/debug_gpio.dir/Drivers/STM32H7xx_HAL_Driver/Src/stm32h7xx_hal_spi.c.obj
 .text.HAL_UART_Init
                0x080064ba       0xa0 CMakeFiles/debug_gpio.dir/Drivers/STM32H7xx_HAL_Driver/Src/stm32h7xx_hal_uart.c.obj
                0x080064ba                HAL_UART_Init
 .text.HAL_UART_Transmit
                0x0800655a      0x11c CMakeFiles/debug_gpio.dir/Drivers/STM32H7xx_HAL_Driver/Src/stm32h7xx_hal_uart.c.obj
                0x0800655a                HAL_UART_Transmit
 *fill*         0x08006676        0x2 
 .text.UART_SetConfig
                0x08006678      0xad0 CMakeFiles/debug_gpio.dir/Drivers/STM32H7xx_HAL_Driver/Src/stm32h7xx_hal_uart.c.obj
                0x08006678                UART_SetConfig
 .text.UART_AdvFeatureConfig
                0x08007148      0x144 CMakeFiles/debug_gpio.dir/Drivers/STM32H7xx_HAL_Driver/Src/stm32h7xx_hal_uart.c.obj
                0x08007148                UART_AdvFeatureConfig
 .text.UART_CheckIdleState
                0x0800728c      0x154 CMakeFiles/debug_gpio.dir/Drivers/STM32H7xx_HAL_Driver/Src/stm32h7xx_hal_uart.c.obj
                0x0800728c                UART_CheckIdleState
 .text.UART_WaitOnFlagUntilTimeout
                0x080073e0       0xda CMakeFiles/debug_gpio.dir/Drivers/STM32H7xx_HAL_Driver/Src/stm32h7xx_hal_uart.c.obj
                0x080073e0                UART_WaitOnFlagUntilTimeout
 *fill*         0x080074ba        0x2 
 .text.UART_EndRxTransfer
                0x080074bc       0xcc CMakeFiles/debug_gpio.dir/Drivers/STM32H7xx_HAL_Driver/Src/stm32h7xx_hal_uart.c.obj
 .text.HAL_UARTEx_EnableFifoMode
                0x08007588       0x76 CMakeFiles/debug_gpio.dir/Drivers/STM32H7xx_HAL_Driver/Src/stm32h7xx_hal_uart_ex.c.obj
                0x08007588                HAL_UARTEx_EnableFifoMode
 .text.HAL_UARTEx_SetTxFifoThreshold
                0x080075fe       0x7c CMakeFiles/debug_gpio.dir/Drivers/STM32H7xx_HAL_Driver/Src/stm32h7xx_hal_uart_ex.c.obj
                0x080075fe                HAL_UARTEx_SetTxFifoThreshold
 .text.HAL_UARTEx_SetRxFifoThreshold
                0x0800767a       0x7c CMakeFiles/debug_gpio.dir/Drivers/STM32H7xx_HAL_Driver/Src/stm32h7xx_hal_uart_ex.c.obj
                0x0800767a                HAL_UARTEx_SetRxFifoThreshold
 *fill*         0x080076f6        0x2 
 .text.UARTEx_SetNbDataToProcess
                0x080076f8       0x9c CMakeFiles/debug_gpio.dir/Drivers/STM32H7xx_HAL_Driver/Src/stm32h7xx_hal_uart_ex.c.obj
 .text.SystemInit
                0x08007794      0x140 CMakeFiles/debug_gpio.dir/Core/Src/system_stm32h7xx.c.obj
                0x08007794                SystemInit
 .text.ExitRun0Mode
                0x080078d4       0x30 CMakeFiles/debug_gpio.dir/Core/Src/system_stm32h7xx.c.obj
                0x080078d4                ExitRun0Mode
 .text._sbrk    0x08007904       0x6c CMakeFiles/debug_gpio.dir/Core/Src/sysmem.c.obj
                0x08007904                _sbrk
 .text._getpid  0x08007970       0x10 CMakeFiles/debug_gpio.dir/Core/Src/syscalls.c.obj
                0x08007970                _getpid
 .text._kill    0x08007980       0x20 CMakeFiles/debug_gpio.dir/Core/Src/syscalls.c.obj
                0x08007980                _kill
 .text._exit    0x080079a0       0x16 CMakeFiles/debug_gpio.dir/Core/Src/syscalls.c.obj
                0x080079a0                _exit
 .text._read    0x080079b6       0x3a CMakeFiles/debug_gpio.dir/Core/Src/syscalls.c.obj
                0x080079b6                _read
 .text._write   0x080079f0       0x38 CMakeFiles/debug_gpio.dir/Core/Src/syscalls.c.obj
                0x080079f0                _write
 .text._close   0x08007a28       0x18 CMakeFiles/debug_gpio.dir/Core/Src/syscalls.c.obj
                0x08007a28                _close
 .text._fstat   0x08007a40       0x20 CMakeFiles/debug_gpio.dir/Core/Src/syscalls.c.obj
                0x08007a40                _fstat
 .text._isatty  0x08007a60       0x16 CMakeFiles/debug_gpio.dir/Core/Src/syscalls.c.obj
                0x08007a60                _isatty
 .text._lseek   0x08007a76       0x1a CMakeFiles/debug_gpio.dir/Core/Src/syscalls.c.obj
                0x08007a76                _lseek
 .text.Reset_Handler
                0x08007a90       0x54 CMakeFiles/debug_gpio.dir/startup_stm32h750xx.s.obj
                0x08007a90                Reset_Handler
 .text.Default_Handler
                0x08007ae4        0x2 CMakeFiles/debug_gpio.dir/startup_stm32h750xx.s.obj
                0x08007ae4                RTC_Alarm_IRQHandler
                0x08007ae4                HASH_RNG_IRQHandler
                0x08007ae4                EXTI2_IRQHandler
                0x08007ae4                TIM8_CC_IRQHandler
                0x08007ae4                HRTIM1_Master_IRQHandler
                0x08007ae4                UART8_IRQHandler
                0x08007ae4                SPI4_IRQHandler
                0x08007ae4                TIM1_CC_IRQHandler
                0x08007ae4                BDMA_Channel6_IRQHandler
                0x08007ae4                DMA2_Stream5_IRQHandler
                0x08007ae4                HRTIM1_FLT_IRQHandler
                0x08007ae4                JPEG_IRQHandler
                0x08007ae4                DMA1_Stream5_IRQHandler
                0x08007ae4                BDMA_Channel1_IRQHandler
                0x08007ae4                HRTIM1_TIMD_IRQHandler
                0x08007ae4                TAMP_STAMP_IRQHandler
                0x08007ae4                LPTIM4_IRQHandler
                0x08007ae4                TIM8_TRG_COM_TIM14_IRQHandler
                0x08007ae4                LPTIM2_IRQHandler
                0x08007ae4                DFSDM1_FLT1_IRQHandler
                0x08007ae4                DMAMUX2_OVR_IRQHandler
                0x08007ae4                TIM8_UP_TIM13_IRQHandler
                0x08007ae4                I2C3_ER_IRQHandler
                0x08007ae4                DFSDM1_FLT2_IRQHandler
                0x08007ae4                MDMA_IRQHandler
                0x08007ae4                LPTIM3_IRQHandler
                0x08007ae4                HSEM1_IRQHandler
                0x08007ae4                EXTI0_IRQHandler
                0x08007ae4                I2C2_EV_IRQHandler
                0x08007ae4                DMA1_Stream2_IRQHandler
                0x08007ae4                FPU_IRQHandler
                0x08007ae4                OTG_HS_WKUP_IRQHandler
                0x08007ae4                FDCAN1_IT1_IRQHandler
                0x08007ae4                LTDC_ER_IRQHandler
                0x08007ae4                DMA2_Stream2_IRQHandler
                0x08007ae4                HRTIM1_TIME_IRQHandler
                0x08007ae4                SPI1_IRQHandler
                0x08007ae4                TIM6_DAC_IRQHandler
                0x08007ae4                DCMI_IRQHandler
                0x08007ae4                HRTIM1_TIMC_IRQHandler
                0x08007ae4                DMA2_Stream3_IRQHandler
                0x08007ae4                SAI2_IRQHandler
                0x08007ae4                DFSDM1_FLT3_IRQHandler
                0x08007ae4                USART6_IRQHandler
                0x08007ae4                TIM17_IRQHandler
                0x08007ae4                USART3_IRQHandler
                0x08007ae4                BDMA_Channel7_IRQHandler
                0x08007ae4                CRYP_IRQHandler
                0x08007ae4                LPTIM5_IRQHandler
                0x08007ae4                UART5_IRQHandler
                0x08007ae4                ADC3_IRQHandler
                0x08007ae4                DMA2_Stream0_IRQHandler
                0x08007ae4                TIM4_IRQHandler
                0x08007ae4                BDMA_Channel2_IRQHandler
                0x08007ae4                QUADSPI_IRQHandler
                0x08007ae4                I2C1_EV_IRQHandler
                0x08007ae4                DMA1_Stream6_IRQHandler
                0x08007ae4                DMAMUX1_OVR_IRQHandler
                0x08007ae4                DMA1_Stream1_IRQHandler
                0x08007ae4                TIM16_IRQHandler
                0x08007ae4                UART4_IRQHandler
                0x08007ae4                BDMA_Channel5_IRQHandler
                0x08007ae4                TIM3_IRQHandler
                0x08007ae4                RCC_IRQHandler
                0x08007ae4                TIM8_BRK_TIM12_IRQHandler
                0x08007ae4                TIM1_TRG_COM_IRQHandler
                0x08007ae4                Default_Handler
                0x08007ae4                ECC_IRQHandler
                0x08007ae4                CEC_IRQHandler
                0x08007ae4                BDMA_Channel0_IRQHandler
                0x08007ae4                ADC_IRQHandler
                0x08007ae4                DMA1_Stream7_IRQHandler
                0x08007ae4                HRTIM1_TIMA_IRQHandler
                0x08007ae4                SPI5_IRQHandler
                0x08007ae4                TIM7_IRQHandler
                0x08007ae4                SDMMC1_IRQHandler
                0x08007ae4                TIM5_IRQHandler
                0x08007ae4                DMA2_Stream7_IRQHandler
                0x08007ae4                TIM15_IRQHandler
                0x08007ae4                PVD_AVD_IRQHandler
                0x08007ae4                I2C3_EV_IRQHandler
                0x08007ae4                RTC_WKUP_IRQHandler
                0x08007ae4                LTDC_IRQHandler
                0x08007ae4                SAI3_IRQHandler
                0x08007ae4                ETH_WKUP_IRQHandler
                0x08007ae4                SPDIF_RX_IRQHandler
                0x08007ae4                SPI2_IRQHandler
                0x08007ae4                OTG_HS_EP1_IN_IRQHandler
                0x08007ae4                DMA1_Stream0_IRQHandler
                0x08007ae4                CRS_IRQHandler
                0x08007ae4                HRTIM1_TIMB_IRQHandler
                0x08007ae4                FDCAN2_IT1_IRQHandler
                0x08007ae4                ETH_IRQHandler
                0x08007ae4                TIM1_UP_IRQHandler
                0x08007ae4                BDMA_Channel4_IRQHandler
                0x08007ae4                OTG_HS_EP1_OUT_IRQHandler
                0x08007ae4                WWDG_IRQHandler
                0x08007ae4                SPI6_IRQHandler
                0x08007ae4                MDIOS_IRQHandler
                0x08007ae4                I2C4_EV_IRQHandler
                0x08007ae4                FDCAN2_IT0_IRQHandler
                0x08007ae4                LPUART1_IRQHandler
                0x08007ae4                FDCAN1_IT0_IRQHandler
                0x08007ae4                TIM2_IRQHandler
                0x08007ae4                OTG_FS_WKUP_IRQHandler
                0x08007ae4                OTG_HS_IRQHandler
                0x08007ae4                DMA2D_IRQHandler
                0x08007ae4                TIM1_BRK_IRQHandler
                0x08007ae4                EXTI1_IRQHandler
                0x08007ae4                SDMMC2_IRQHandler
                0x08007ae4                OTG_FS_EP1_OUT_IRQHandler
                0x08007ae4                BDMA_Channel3_IRQHandler
                0x08007ae4                UART7_IRQHandler
                0x08007ae4                MDIOS_WKUP_IRQHandler
                0x08007ae4                USART2_IRQHandler
                0x08007ae4                DFSDM1_FLT0_IRQHandler
                0x08007ae4                SAI4_IRQHandler
                0x08007ae4                I2C2_ER_IRQHandler
                0x08007ae4                DMA2_Stream1_IRQHandler
                0x08007ae4                FLASH_IRQHandler
                0x08007ae4                DMA2_Stream4_IRQHandler
                0x08007ae4                USART1_IRQHandler
                0x08007ae4                OTG_FS_IRQHandler
                0x08007ae4                SPI3_IRQHandler
                0x08007ae4                WAKEUP_PIN_IRQHandler
                0x08007ae4                DMA1_Stream4_IRQHandler
                0x08007ae4                OTG_FS_EP1_IN_IRQHandler
                0x08007ae4                I2C1_ER_IRQHandler
                0x08007ae4                FMC_IRQHandler
                0x08007ae4                FDCAN_CAL_IRQHandler
                0x08007ae4                SWPMI1_IRQHandler
                0x08007ae4                COMP1_IRQHandler
                0x08007ae4                LPTIM1_IRQHandler
                0x08007ae4                I2C4_ER_IRQHandler
                0x08007ae4                DMA2_Stream6_IRQHandler
                0x08007ae4                SAI1_IRQHandler
                0x08007ae4                DMA1_Stream3_IRQHandler
 *fill*         0x08007ae6        0x2 
 .text.__udivmoddi4
                0x08007ae8      0x2f8 D:/tool/cmake/cmake_zip/arm-gnu-toolchain/bin/../lib/gcc/arm-none-eabi/14.2.1/thumb/v7e-m+dp/hard\libgcc.a(_udivmoddi4.o)
                0x08007ae8                __udivmoddi4
 .text.sprintf  0x08007de0       0x44 D:/tool/cmake/cmake_zip/arm-gnu-toolchain/bin/../lib/gcc/arm-none-eabi/14.2.1/thumb/v7e-m+dp/hard\libg.a(libc_a-sprintf.o)
                0x08007de0                sprintf
 *fill*         0x08007e24        0x4 
 .text._svfprintf_r
                0x08007e28     0x2080 D:/tool/cmake/cmake_zip/arm-gnu-toolchain/bin/../lib/gcc/arm-none-eabi/14.2.1/thumb/v7e-m+dp/hard\libg.a(libc_a-svfprintf.o)
                0x08007e28                _svfprintf_r
 .text.__ssprint_r
                0x08009ea8       0x58 D:/tool/cmake/cmake_zip/arm-gnu-toolchain/bin/../lib/gcc/arm-none-eabi/14.2.1/thumb/v7e-m+dp/hard\libg.a(libc_a-ssprint_r.o)
                0x08009ea8                __ssprint_r
 .text.strncpy  0x08009f00       0x68 D:/tool/cmake/cmake_zip/arm-gnu-toolchain/bin/../lib/gcc/arm-none-eabi/14.2.1/thumb/v7e-m+dp/hard\libg.a(libc_a-strncpy.o)
                0x08009f00                strncpy
 .text.__locale_mb_cur_max
                0x08009f68        0xc D:/tool/cmake/cmake_zip/arm-gnu-toolchain/bin/../lib/gcc/arm-none-eabi/14.2.1/thumb/v7e-m+dp/hard\libg.a(libc_a-locale.o)
                0x08009f68                __locale_mb_cur_max
 .text._localeconv_r
                0x08009f74        0x8 D:/tool/cmake/cmake_zip/arm-gnu-toolchain/bin/../lib/gcc/arm-none-eabi/14.2.1/thumb/v7e-m+dp/hard\libg.a(libc_a-localeconv.o)
                0x08009f74                _localeconv_r
 *fill*         0x08009f7c        0x4 
 .text.frexp    0x08009f80       0x78 D:/tool/cmake/cmake_zip/arm-gnu-toolchain/bin/../lib/gcc/arm-none-eabi/14.2.1/thumb/v7e-m+dp/hard\libg.a(libm_a-s_frexp.o)
                0x08009f80                frexp
 .text.quorem   0x08009ff8      0x12c D:/tool/cmake/cmake_zip/arm-gnu-toolchain/bin/../lib/gcc/arm-none-eabi/14.2.1/thumb/v7e-m+dp/hard\libg.a(libc_a-dtoa.o)
 *fill*         0x0800a124        0x4 
 .text._dtoa_r  0x0800a128      0xe1c D:/tool/cmake/cmake_zip/arm-gnu-toolchain/bin/../lib/gcc/arm-none-eabi/14.2.1/thumb/v7e-m+dp/hard\libg.a(libc_a-dtoa.o)
                0x0800a128                _dtoa_r
 .text.__ascii_mbtowc
                0x0800af44       0x2c D:/tool/cmake/cmake_zip/arm-gnu-toolchain/bin/../lib/gcc/arm-none-eabi/14.2.1/thumb/v7e-m+dp/hard\libg.a(libc_a-mbtowc_r.o)
                0x0800af44                __ascii_mbtowc
 .text._Balloc  0x0800af70       0x4c D:/tool/cmake/cmake_zip/arm-gnu-toolchain/bin/../lib/gcc/arm-none-eabi/14.2.1/thumb/v7e-m+dp/hard\libg.a(libc_a-mprec.o)
                0x0800af70                _Balloc
 .text._Bfree   0x0800afbc       0x14 D:/tool/cmake/cmake_zip/arm-gnu-toolchain/bin/../lib/gcc/arm-none-eabi/14.2.1/thumb/v7e-m+dp/hard\libg.a(libc_a-mprec.o)
                0x0800afbc                _Bfree
 .text.__multadd
                0x0800afd0       0xa0 D:/tool/cmake/cmake_zip/arm-gnu-toolchain/bin/../lib/gcc/arm-none-eabi/14.2.1/thumb/v7e-m+dp/hard\libg.a(libc_a-mprec.o)
                0x0800afd0                __multadd
 .text.__hi0bits
                0x0800b070       0x54 D:/tool/cmake/cmake_zip/arm-gnu-toolchain/bin/../lib/gcc/arm-none-eabi/14.2.1/thumb/v7e-m+dp/hard\libg.a(libc_a-mprec.o)
                0x0800b070                __hi0bits
 .text.__lo0bits
                0x0800b0c4       0x80 D:/tool/cmake/cmake_zip/arm-gnu-toolchain/bin/../lib/gcc/arm-none-eabi/14.2.1/thumb/v7e-m+dp/hard\libg.a(libc_a-mprec.o)
                0x0800b0c4                __lo0bits
 .text.__i2b    0x0800b144       0x5c D:/tool/cmake/cmake_zip/arm-gnu-toolchain/bin/../lib/gcc/arm-none-eabi/14.2.1/thumb/v7e-m+dp/hard\libg.a(libc_a-mprec.o)
                0x0800b144                __i2b
 .text.__multiply
                0x0800b1a0      0x16c D:/tool/cmake/cmake_zip/arm-gnu-toolchain/bin/../lib/gcc/arm-none-eabi/14.2.1/thumb/v7e-m+dp/hard\libg.a(libc_a-mprec.o)
                0x0800b1a0                __multiply
 .text.__pow5mult
                0x0800b30c       0xc0 D:/tool/cmake/cmake_zip/arm-gnu-toolchain/bin/../lib/gcc/arm-none-eabi/14.2.1/thumb/v7e-m+dp/hard\libg.a(libc_a-mprec.o)
                0x0800b30c                __pow5mult
 .text.__lshift
                0x0800b3cc       0xe8 D:/tool/cmake/cmake_zip/arm-gnu-toolchain/bin/../lib/gcc/arm-none-eabi/14.2.1/thumb/v7e-m+dp/hard\libg.a(libc_a-mprec.o)
                0x0800b3cc                __lshift
 .text.__mcmp   0x0800b4b4       0x44 D:/tool/cmake/cmake_zip/arm-gnu-toolchain/bin/../lib/gcc/arm-none-eabi/14.2.1/thumb/v7e-m+dp/hard\libg.a(libc_a-mprec.o)
                0x0800b4b4                __mcmp
 .text.__mdiff  0x0800b4f8      0x174 D:/tool/cmake/cmake_zip/arm-gnu-toolchain/bin/../lib/gcc/arm-none-eabi/14.2.1/thumb/v7e-m+dp/hard\libg.a(libc_a-mprec.o)
                0x0800b4f8                __mdiff
 .text.__d2b    0x0800b66c       0xbc D:/tool/cmake/cmake_zip/arm-gnu-toolchain/bin/../lib/gcc/arm-none-eabi/14.2.1/thumb/v7e-m+dp/hard\libg.a(libc_a-mprec.o)
                0x0800b66c                __d2b
 .text.__ascii_wctomb
                0x0800b728       0x1c D:/tool/cmake/cmake_zip/arm-gnu-toolchain/bin/../lib/gcc/arm-none-eabi/14.2.1/thumb/v7e-m+dp/hard\libg.a(libc_a-wctomb_r.o)
                0x0800b728                __ascii_wctomb
 .text._wcrtomb_r
                0x0800b744       0x4c D:/tool/cmake/cmake_zip/arm-gnu-toolchain/bin/../lib/gcc/arm-none-eabi/14.2.1/thumb/v7e-m+dp/hard\libg.a(libc_a-wcrtomb.o)
                0x0800b744                _wcrtomb_r
 .text._wcsrtombs_r
                0x0800b790       0x18 D:/tool/cmake/cmake_zip/arm-gnu-toolchain/bin/../lib/gcc/arm-none-eabi/14.2.1/thumb/v7e-m+dp/hard\libg.a(libc_a-wcsrtombs.o)
                0x0800b790                _wcsrtombs_r
 .text.__ssputs_r
                0x0800b7a8       0xc0 D:/tool/cmake/cmake_zip/arm-gnu-toolchain/bin/../lib/gcc/arm-none-eabi/14.2.1/thumb/v7e-m+dp/hard\libg.a(libc_a-ssputs_r.o)
                0x0800b7a8                __ssputs_r
 .text.memmove  0x0800b868       0xf8 D:/tool/cmake/cmake_zip/arm-gnu-toolchain/bin/../lib/gcc/arm-none-eabi/14.2.1/thumb/v7e-m+dp/hard\libg.a(libc_a-memmove.o)
                0x0800b868                memmove
 .text.__assert_func
                0x0800b960       0x40 D:/tool/cmake/cmake_zip/arm-gnu-toolchain/bin/../lib/gcc/arm-none-eabi/14.2.1/thumb/v7e-m+dp/hard\libg.a(libc_a-assert.o)
                0x0800b960                __assert_func
 .text._calloc_r
                0x0800b9a0       0x6c D:/tool/cmake/cmake_zip/arm-gnu-toolchain/bin/../lib/gcc/arm-none-eabi/14.2.1/thumb/v7e-m+dp/hard\libg.a(libc_a-callocr.o)
                0x0800b9a0                _calloc_r
 .text._realloc_r
                0x0800ba0c      0x348 D:/tool/cmake/cmake_zip/arm-gnu-toolchain/bin/../lib/gcc/arm-none-eabi/14.2.1/thumb/v7e-m+dp/hard\libg.a(libc_a-reallocr.o)
                0x0800ba0c                _realloc_r
 .text._wcsnrtombs_l
                0x0800bd54       0xf0 D:/tool/cmake/cmake_zip/arm-gnu-toolchain/bin/../lib/gcc/arm-none-eabi/14.2.1/thumb/v7e-m+dp/hard\libg.a(libc_a-wcsnrtombs.o)
                0x0800bd54                _wcsnrtombs_l
 .text._wcsnrtombs_r
                0x0800be44       0x24 D:/tool/cmake/cmake_zip/arm-gnu-toolchain/bin/../lib/gcc/arm-none-eabi/14.2.1/thumb/v7e-m+dp/hard\libg.a(libc_a-wcsnrtombs.o)
                0x0800be44                _wcsnrtombs_r
 .text.fiprintf
                0x0800be68       0x28 D:/tool/cmake/cmake_zip/arm-gnu-toolchain/bin/../lib/gcc/arm-none-eabi/14.2.1/thumb/v7e-m+dp/hard\libg.a(libc_a-fiprintf.o)
                0x0800be68                fiprintf
 .text._vfiprintf_r
                0x0800be90     0x1288 D:/tool/cmake/cmake_zip/arm-gnu-toolchain/bin/../lib/gcc/arm-none-eabi/14.2.1/thumb/v7e-m+dp/hard\libg.a(libc_a-vfiprintf.o)
                0x0800be90                _vfiprintf_r
 .text.__sbprintf
                0x0800d118       0x84 D:/tool/cmake/cmake_zip/arm-gnu-toolchain/bin/../lib/gcc/arm-none-eabi/14.2.1/thumb/v7e-m+dp/hard\libg.a(libc_a-vfiprintf.o)
 .text.__sprint_r
                0x0800d19c       0x20 D:/tool/cmake/cmake_zip/arm-gnu-toolchain/bin/../lib/gcc/arm-none-eabi/14.2.1/thumb/v7e-m+dp/hard\libg.a(libc_a-sprint_r.o)
                0x0800d19c                __sprint_r
 .text.__sfvwrite_r
                0x0800d1bc      0x2e4 D:/tool/cmake/cmake_zip/arm-gnu-toolchain/bin/../lib/gcc/arm-none-eabi/14.2.1/thumb/v7e-m+dp/hard\libg.a(libc_a-fvwrite.o)
                0x0800d1bc                __sfvwrite_r
 .text.__swsetup_r
                0x0800d4a0       0xfc D:/tool/cmake/cmake_zip/arm-gnu-toolchain/bin/../lib/gcc/arm-none-eabi/14.2.1/thumb/v7e-m+dp/hard\libg.a(libc_a-wsetup.o)
                0x0800d4a0                __swsetup_r
 .text.abort    0x0800d59c       0x10 D:/tool/cmake/cmake_zip/arm-gnu-toolchain/bin/../lib/gcc/arm-none-eabi/14.2.1/thumb/v7e-m+dp/hard\libg.a(libc_a-abort.o)
                0x0800d59c                abort
 .text.__smakebuf_r
                0x0800d5ac       0xd0 D:/tool/cmake/cmake_zip/arm-gnu-toolchain/bin/../lib/gcc/arm-none-eabi/14.2.1/thumb/v7e-m+dp/hard\libg.a(libc_a-makebuf.o)
                0x0800d5ac                __smakebuf_r
 .text.raise    0x0800d67c       0x58 D:/tool/cmake/cmake_zip/arm-gnu-toolchain/bin/../lib/gcc/arm-none-eabi/14.2.1/thumb/v7e-m+dp/hard\libg.a(libc_a-signal.o)
                0x0800d67c                raise
 .text._fstat_r
                0x0800d6d4       0x2c D:/tool/cmake/cmake_zip/arm-gnu-toolchain/bin/../lib/gcc/arm-none-eabi/14.2.1/thumb/v7e-m+dp/hard\libg.a(libc_a-fstatr.o)
                0x0800d6d4                _fstat_r
 .text._isatty_r
                0x0800d700       0x24 D:/tool/cmake/cmake_zip/arm-gnu-toolchain/bin/../lib/gcc/arm-none-eabi/14.2.1/thumb/v7e-m+dp/hard\libg.a(libc_a-isattyr.o)
                0x0800d700                _isatty_r
 .text._kill_r  0x0800d724       0x2c D:/tool/cmake/cmake_zip/arm-gnu-toolchain/bin/../lib/gcc/arm-none-eabi/14.2.1/thumb/v7e-m+dp/hard\libg.a(libc_a-signalr.o)
                0x0800d724                _kill_r
 .text._getpid_r
                0x0800d750        0x4 D:/tool/cmake/cmake_zip/arm-gnu-toolchain/bin/../lib/gcc/arm-none-eabi/14.2.1/thumb/v7e-m+dp/hard\libg.a(libc_a-signalr.o)
                0x0800d750                _getpid_r
 *(.glue_7)
 .glue_7        0x0800d754        0x0 linker stubs
 *(.glue_7t)
 .glue_7t       0x0800d754        0x0 linker stubs
 *(.eh_frame)
 .eh_frame      0x0800d754        0x0 D:/tool/cmake/cmake_zip/arm-gnu-toolchain/bin/../lib/gcc/arm-none-eabi/14.2.1/thumb/v7e-m+dp/hard/crtbegin.o
 *(.init)
 .init          0x0800d754        0x4 D:/tool/cmake/cmake_zip/arm-gnu-toolchain/bin/../lib/gcc/arm-none-eabi/14.2.1/thumb/v7e-m+dp/hard/crti.o
                0x0800d754                _init
 .init          0x0800d758        0x8 D:/tool/cmake/cmake_zip/arm-gnu-toolchain/bin/../lib/gcc/arm-none-eabi/14.2.1/thumb/v7e-m+dp/hard/crtn.o
 *(.fini)
 .fini          0x0800d760        0x4 D:/tool/cmake/cmake_zip/arm-gnu-toolchain/bin/../lib/gcc/arm-none-eabi/14.2.1/thumb/v7e-m+dp/hard/crti.o
                0x0800d760                _fini
 .fini          0x0800d764        0x8 D:/tool/cmake/cmake_zip/arm-gnu-toolchain/bin/../lib/gcc/arm-none-eabi/14.2.1/thumb/v7e-m+dp/hard/crtn.o
                0x0800d76c                        . = ALIGN (0x4)
                0x0800d76c                        _etext = .

.vfp11_veneer   0x0800d76c        0x0
 .vfp11_veneer  0x0800d76c        0x0 linker stubs

.v4_bx          0x0800d76c        0x0
 .v4_bx         0x0800d76c        0x0 linker stubs

.iplt           0x0800d76c        0x0
 .iplt          0x0800d76c        0x0 D:/tool/cmake/cmake_zip/arm-gnu-toolchain/bin/../lib/gcc/arm-none-eabi/14.2.1/thumb/v7e-m+dp/hard/crtbegin.o

.rodata         0x0800d770      0x4ac
                0x0800d770                        . = ALIGN (0x4)
 *(.rodata)
 .rodata        0x0800d770       0x87 CMakeFiles/debug_gpio.dir/Core/Src/main.c.obj
 *(.rodata*)
 *fill*         0x0800d7f7        0x1 
 .rodata.UARTPrescTable
                0x0800d7f8       0x18 CMakeFiles/debug_gpio.dir/Drivers/STM32H7xx_HAL_Driver/Src/stm32h7xx_hal_uart.c.obj
                0x0800d7f8                UARTPrescTable
 .rodata.numerator.1
                0x0800d810        0x8 CMakeFiles/debug_gpio.dir/Drivers/STM32H7xx_HAL_Driver/Src/stm32h7xx_hal_uart_ex.c.obj
 .rodata.denominator.0
                0x0800d818        0x8 CMakeFiles/debug_gpio.dir/Drivers/STM32H7xx_HAL_Driver/Src/stm32h7xx_hal_uart_ex.c.obj
 .rodata.D1CorePrescTable
                0x0800d820       0x10 CMakeFiles/debug_gpio.dir/Core/Src/system_stm32h7xx.c.obj
                0x0800d820                D1CorePrescTable
 .rodata._svfprintf_r.str1.4
                0x0800d830      0x1a7 D:/tool/cmake/cmake_zip/arm-gnu-toolchain/bin/../lib/gcc/arm-none-eabi/14.2.1/thumb/v7e-m+dp/hard\libg.a(libc_a-svfprintf.o)
                                 0x42 (size before relaxing)
 *fill*         0x0800d9d7        0x1 
 .rodata.zeroes.0
                0x0800d9d8       0x10 D:/tool/cmake/cmake_zip/arm-gnu-toolchain/bin/../lib/gcc/arm-none-eabi/14.2.1/thumb/v7e-m+dp/hard\libg.a(libc_a-svfprintf.o)
 .rodata.blanks.1
                0x0800d9e8       0x10 D:/tool/cmake/cmake_zip/arm-gnu-toolchain/bin/../lib/gcc/arm-none-eabi/14.2.1/thumb/v7e-m+dp/hard\libg.a(libc_a-svfprintf.o)
 .rodata.str1.4
                0x0800d9f8       0x4c D:/tool/cmake/cmake_zip/arm-gnu-toolchain/bin/../lib/gcc/arm-none-eabi/14.2.1/thumb/v7e-m+dp/hard\libg.a(libc_a-locale.o)
 .rodata._dtoa_r.str1.4
                0x0800d9f8       0x81 D:/tool/cmake/cmake_zip/arm-gnu-toolchain/bin/../lib/gcc/arm-none-eabi/14.2.1/thumb/v7e-m+dp/hard\libg.a(libc_a-dtoa.o)
 .rodata.__multadd.str1.4
                0x0800d9f8       0x6e D:/tool/cmake/cmake_zip/arm-gnu-toolchain/bin/../lib/gcc/arm-none-eabi/14.2.1/thumb/v7e-m+dp/hard\libg.a(libc_a-mprec.o)
 .rodata.p05.0  0x0800d9f8        0xc D:/tool/cmake/cmake_zip/arm-gnu-toolchain/bin/../lib/gcc/arm-none-eabi/14.2.1/thumb/v7e-m+dp/hard\libg.a(libc_a-mprec.o)
 *fill*         0x0800da04        0x4 
 .rodata.__mprec_bigtens
                0x0800da08       0x28 D:/tool/cmake/cmake_zip/arm-gnu-toolchain/bin/../lib/gcc/arm-none-eabi/14.2.1/thumb/v7e-m+dp/hard\libg.a(libc_a-mprec.o)
                0x0800da08                __mprec_bigtens
 .rodata.__mprec_tens
                0x0800da30       0xc8 D:/tool/cmake/cmake_zip/arm-gnu-toolchain/bin/../lib/gcc/arm-none-eabi/14.2.1/thumb/v7e-m+dp/hard\libg.a(libc_a-mprec.o)
                0x0800da30                __mprec_tens
 .rodata._ctype_
                0x0800daf8      0x101 D:/tool/cmake/cmake_zip/arm-gnu-toolchain/bin/../lib/gcc/arm-none-eabi/14.2.1/thumb/v7e-m+dp/hard\libg.a(libc_a-ctype_.o)
                0x0800daf8                _ctype_
 .rodata.__assert_func.str1.4
                0x0800dbf9       0x43 D:/tool/cmake/cmake_zip/arm-gnu-toolchain/bin/../lib/gcc/arm-none-eabi/14.2.1/thumb/v7e-m+dp/hard\libg.a(libc_a-assert.o)
 .rodata._vfiprintf_r.str1.4
                0x0800dbf9       0x2f D:/tool/cmake/cmake_zip/arm-gnu-toolchain/bin/../lib/gcc/arm-none-eabi/14.2.1/thumb/v7e-m+dp/hard\libg.a(libc_a-vfiprintf.o)
 *fill*         0x0800dbf9        0x3 
 .rodata.zeroes.0
                0x0800dbfc       0x10 D:/tool/cmake/cmake_zip/arm-gnu-toolchain/bin/../lib/gcc/arm-none-eabi/14.2.1/thumb/v7e-m+dp/hard\libg.a(libc_a-vfiprintf.o)
 .rodata.blanks.1
                0x0800dc0c       0x10 D:/tool/cmake/cmake_zip/arm-gnu-toolchain/bin/../lib/gcc/arm-none-eabi/14.2.1/thumb/v7e-m+dp/hard\libg.a(libc_a-vfiprintf.o)
                0x0800dc1c                        . = ALIGN (0x4)

.ARM.extab
 *(.ARM.extab* .gnu.linkonce.armextab.*)

.ARM            0x0800dc1c        0x8
                0x0800dc1c                        __exidx_start = .
 *(.ARM.exidx*)
 .ARM.exidx     0x0800dc1c        0x8 D:/tool/cmake/cmake_zip/arm-gnu-toolchain/bin/../lib/gcc/arm-none-eabi/14.2.1/thumb/v7e-m+dp/hard\libg.a(libc_a-strlen.o)
 .ARM.exidx     0x0800dc24        0x0 D:/tool/cmake/cmake_zip/arm-gnu-toolchain/bin/../lib/gcc/arm-none-eabi/14.2.1/thumb/v7e-m+dp/hard\libg.a(libc_a-memchr.o)
                                  0x8 (size before relaxing)
 .ARM.exidx     0x0800dc24        0x0 D:/tool/cmake/cmake_zip/arm-gnu-toolchain/bin/../lib/gcc/arm-none-eabi/14.2.1/thumb/v7e-m+dp/hard\libg.a(libc_a-memcpy.o)
                                  0x8 (size before relaxing)
 .ARM.exidx.text.__udivmoddi4
                0x0800dc24        0x0 D:/tool/cmake/cmake_zip/arm-gnu-toolchain/bin/../lib/gcc/arm-none-eabi/14.2.1/thumb/v7e-m+dp/hard\libgcc.a(_udivmoddi4.o)
                                  0x8 (size before relaxing)
                0x0800dc24                        __exidx_end = .

.rel.dyn        0x0800dc24        0x0
 .rel.iplt      0x0800dc24        0x0 D:/tool/cmake/cmake_zip/arm-gnu-toolchain/bin/../lib/gcc/arm-none-eabi/14.2.1/thumb/v7e-m+dp/hard/crtbegin.o

.preinit_array  0x0800dc24        0x0
                0x0800dc24                        PROVIDE (__preinit_array_start = .)
 *(.preinit_array*)
                0x0800dc24                        PROVIDE (__preinit_array_end = .)

.init_array     0x0800dc24        0x8
                0x0800dc24                        PROVIDE (__init_array_start = .)
 *(SORT_BY_NAME(.init_array.*))
 .init_array.00000
                0x0800dc24        0x4 D:/tool/cmake/cmake_zip/arm-gnu-toolchain/bin/../lib/gcc/arm-none-eabi/14.2.1/thumb/v7e-m+dp/hard\libc.a(libc_a-__call_atexit.o)
 *(.init_array*)
 .init_array    0x0800dc28        0x4 D:/tool/cmake/cmake_zip/arm-gnu-toolchain/bin/../lib/gcc/arm-none-eabi/14.2.1/thumb/v7e-m+dp/hard/crtbegin.o
                0x0800dc2c                        PROVIDE (__init_array_end = .)

.fini_array     0x0800dc2c        0x4
                0x0800dc2c                        PROVIDE (__fini_array_start = .)
 *(SORT_BY_NAME(.fini_array.*))
 *(.fini_array*)
 .fini_array    0x0800dc2c        0x4 D:/tool/cmake/cmake_zip/arm-gnu-toolchain/bin/../lib/gcc/arm-none-eabi/14.2.1/thumb/v7e-m+dp/hard/crtbegin.o
                0x0800dc30                        PROVIDE (__fini_array_end = .)
                0x0800dc30                        _sidata = LOADADDR (.data)

.data           0x20000000      0x6e4 load address 0x0800dc30
                0x20000000                        . = ALIGN (0x4)
                0x20000000                        _sdata = .
 *(.data)
 *(.data*)
 .data.__sglue  0x20000000        0xc D:/tool/cmake/cmake_zip/arm-gnu-toolchain/bin/../lib/gcc/arm-none-eabi/14.2.1/thumb/v7e-m+dp/hard\libc.a(libc_a-findfp.o)
                0x20000000                __sglue
 .data._impure_ptr
                0x2000000c        0x4 D:/tool/cmake/cmake_zip/arm-gnu-toolchain/bin/../lib/gcc/arm-none-eabi/14.2.1/thumb/v7e-m+dp/hard\libc.a(libc_a-impure.o)
                0x2000000c                _impure_ptr
 .data._impure_data
                0x20000010      0x140 D:/tool/cmake/cmake_zip/arm-gnu-toolchain/bin/../lib/gcc/arm-none-eabi/14.2.1/thumb/v7e-m+dp/hard\libc.a(libc_a-impure.o)
                0x20000010                _impure_data
 .data.__atexit_recursive_mutex
                0x20000150        0x4 D:/tool/cmake/cmake_zip/arm-gnu-toolchain/bin/../lib/gcc/arm-none-eabi/14.2.1/thumb/v7e-m+dp/hard\libc.a(libc_a-__call_atexit.o)
                0x20000150                __atexit_recursive_mutex
 .data.__malloc_sbrk_base
                0x20000154        0x4 D:/tool/cmake/cmake_zip/arm-gnu-toolchain/bin/../lib/gcc/arm-none-eabi/14.2.1/thumb/v7e-m+dp/hard\libc.a(libc_a-mallocr.o)
                0x20000154                __malloc_sbrk_base
 .data.__malloc_trim_threshold
                0x20000158        0x4 D:/tool/cmake/cmake_zip/arm-gnu-toolchain/bin/../lib/gcc/arm-none-eabi/14.2.1/thumb/v7e-m+dp/hard\libc.a(libc_a-mallocr.o)
                0x20000158                __malloc_trim_threshold
 *fill*         0x2000015c        0x4 
 .data.__malloc_av_
                0x20000160      0x408 D:/tool/cmake/cmake_zip/arm-gnu-toolchain/bin/../lib/gcc/arm-none-eabi/14.2.1/thumb/v7e-m+dp/hard\libc.a(libc_a-mallocr.o)
                0x20000160                __malloc_av_
 .data.uwTickPrio
                0x20000568        0x4 CMakeFiles/debug_gpio.dir/Drivers/STM32H7xx_HAL_Driver/Src/stm32h7xx_hal.c.obj
                0x20000568                uwTickPrio
 .data.uwTickFreq
                0x2000056c        0x1 CMakeFiles/debug_gpio.dir/Drivers/STM32H7xx_HAL_Driver/Src/stm32h7xx_hal.c.obj
                0x2000056c                uwTickFreq
 *fill*         0x2000056d        0x3 
 .data.SystemCoreClock
                0x20000570        0x4 CMakeFiles/debug_gpio.dir/Core/Src/system_stm32h7xx.c.obj
                0x20000570                SystemCoreClock
 .data.SystemD2Clock
                0x20000574        0x4 CMakeFiles/debug_gpio.dir/Core/Src/system_stm32h7xx.c.obj
                0x20000574                SystemD2Clock
 .data.__global_locale
                0x20000578      0x16c D:/tool/cmake/cmake_zip/arm-gnu-toolchain/bin/../lib/gcc/arm-none-eabi/14.2.1/thumb/v7e-m+dp/hard\libg.a(libc_a-locale.o)
                0x20000578                __global_locale
                0x200006e4                        . = ALIGN (0x4)
                0x200006e4                        _edata = .

.tm_clone_table
                0x200006e4        0x0 load address 0x0800e314
 .tm_clone_table
                0x200006e4        0x0 D:/tool/cmake/cmake_zip/arm-gnu-toolchain/bin/../lib/gcc/arm-none-eabi/14.2.1/thumb/v7e-m+dp/hard/crtbegin.o
 .tm_clone_table
                0x200006e4        0x0 D:/tool/cmake/cmake_zip/arm-gnu-toolchain/bin/../lib/gcc/arm-none-eabi/14.2.1/thumb/v7e-m+dp/hard/crtend.o

.igot.plt       0x200006e4        0x0 load address 0x0800e314
 .igot.plt      0x200006e4        0x0 D:/tool/cmake/cmake_zip/arm-gnu-toolchain/bin/../lib/gcc/arm-none-eabi/14.2.1/thumb/v7e-m+dp/hard/crtbegin.o
                0x200006e4                        . = ALIGN (0x4)

.bss            0x200006e4      0x4bc load address 0x0800e314
                0x200006e4                        _sbss = .
                0x200006e4                        __bss_start__ = _sbss
 *(.bss)
 *(.bss*)
 .bss.completed.1
                0x200006e4        0x1 D:/tool/cmake/cmake_zip/arm-gnu-toolchain/bin/../lib/gcc/arm-none-eabi/14.2.1/thumb/v7e-m+dp/hard/crtbegin.o
 *fill*         0x200006e5        0x3 
 .bss.object.0  0x200006e8       0x18 D:/tool/cmake/cmake_zip/arm-gnu-toolchain/bin/../lib/gcc/arm-none-eabi/14.2.1/thumb/v7e-m+dp/hard/crtbegin.o
 .bss.__sf      0x20000700      0x138 D:/tool/cmake/cmake_zip/arm-gnu-toolchain/bin/../lib/gcc/arm-none-eabi/14.2.1/thumb/v7e-m+dp/hard\libc.a(libc_a-findfp.o)
                0x20000700                __sf
 .bss.__stdio_exit_handler
                0x20000838        0x4 D:/tool/cmake/cmake_zip/arm-gnu-toolchain/bin/../lib/gcc/arm-none-eabi/14.2.1/thumb/v7e-m+dp/hard\libc.a(libc_a-findfp.o)
                0x20000838                __stdio_exit_handler
 .bss.errno     0x2000083c        0x4 D:/tool/cmake/cmake_zip/arm-gnu-toolchain/bin/../lib/gcc/arm-none-eabi/14.2.1/thumb/v7e-m+dp/hard\libc.a(libc_a-reent.o)
                0x2000083c                errno
 .bss.__lock___malloc_recursive_mutex
                0x20000840        0x1 D:/tool/cmake/cmake_zip/arm-gnu-toolchain/bin/../lib/gcc/arm-none-eabi/14.2.1/thumb/v7e-m+dp/hard\libc.a(libc_a-lock.o)
                0x20000840                __lock___malloc_recursive_mutex
 *fill*         0x20000841        0x3 
 .bss.__lock___atexit_recursive_mutex
                0x20000844        0x1 D:/tool/cmake/cmake_zip/arm-gnu-toolchain/bin/../lib/gcc/arm-none-eabi/14.2.1/thumb/v7e-m+dp/hard\libc.a(libc_a-lock.o)
                0x20000844                __lock___atexit_recursive_mutex
 *fill*         0x20000845        0x3 
 .bss.__lock___sfp_recursive_mutex
                0x20000848        0x1 D:/tool/cmake/cmake_zip/arm-gnu-toolchain/bin/../lib/gcc/arm-none-eabi/14.2.1/thumb/v7e-m+dp/hard\libc.a(libc_a-lock.o)
                0x20000848                __lock___sfp_recursive_mutex
 *fill*         0x20000849        0x3 
 .bss.__atexit  0x2000084c        0x4 D:/tool/cmake/cmake_zip/arm-gnu-toolchain/bin/../lib/gcc/arm-none-eabi/14.2.1/thumb/v7e-m+dp/hard\libc.a(libc_a-__call_atexit.o)
                0x2000084c                __atexit
 .bss.__malloc_current_mallinfo
                0x20000850       0x28 D:/tool/cmake/cmake_zip/arm-gnu-toolchain/bin/../lib/gcc/arm-none-eabi/14.2.1/thumb/v7e-m+dp/hard\libc.a(libc_a-mallocr.o)
                0x20000850                __malloc_current_mallinfo
 .bss.__malloc_max_total_mem
                0x20000878        0x4 D:/tool/cmake/cmake_zip/arm-gnu-toolchain/bin/../lib/gcc/arm-none-eabi/14.2.1/thumb/v7e-m+dp/hard\libc.a(libc_a-mallocr.o)
                0x20000878                __malloc_max_total_mem
 .bss.__malloc_max_sbrked_mem
                0x2000087c        0x4 D:/tool/cmake/cmake_zip/arm-gnu-toolchain/bin/../lib/gcc/arm-none-eabi/14.2.1/thumb/v7e-m+dp/hard\libc.a(libc_a-mallocr.o)
                0x2000087c                __malloc_max_sbrked_mem
 .bss.__malloc_top_pad
                0x20000880        0x4 D:/tool/cmake/cmake_zip/arm-gnu-toolchain/bin/../lib/gcc/arm-none-eabi/14.2.1/thumb/v7e-m+dp/hard\libc.a(libc_a-mallocr.o)
                0x20000880                __malloc_top_pad
 .bss.__atexit0
                0x20000884      0x190 D:/tool/cmake/cmake_zip/arm-gnu-toolchain/bin/../lib/gcc/arm-none-eabi/14.2.1/thumb/v7e-m+dp/hard\libc.a(libc_a-__atexit.o)
                0x20000884                __atexit0
 .bss.hi2c1     0x20000a14       0x54 CMakeFiles/debug_gpio.dir/Core/Src/main.c.obj
                0x20000a14                hi2c1
 .bss.hspi4     0x20000a68       0x88 CMakeFiles/debug_gpio.dir/Core/Src/main.c.obj
                0x20000a68                hspi4
 .bss.huart1    0x20000af0       0x94 CMakeFiles/debug_gpio.dir/Core/Src/main.c.obj
                0x20000af0                huart1
 .bss.sample_count
                0x20000b84        0x4 CMakeFiles/debug_gpio.dir/Core/Src/main.c.obj
 .bss.voltage_sum
                0x20000b88        0x4 CMakeFiles/debug_gpio.dir/Core/Src/main.c.obj
 .bss.raw_voltage_sum
                0x20000b8c        0x4 CMakeFiles/debug_gpio.dir/Core/Src/main.c.obj
 .bss.sample_count_2
                0x20000b90        0x4 CMakeFiles/debug_gpio.dir/Core/Src/main.c.obj
 .bss.voltage_sum_2
                0x20000b94        0x4 CMakeFiles/debug_gpio.dir/Core/Src/main.c.obj
 .bss.uwTick    0x20000b98        0x4 CMakeFiles/debug_gpio.dir/Drivers/STM32H7xx_HAL_Driver/Src/stm32h7xx_hal.c.obj
                0x20000b98                uwTick
 .bss.__sbrk_heap_end
                0x20000b9c        0x4 CMakeFiles/debug_gpio.dir/Core/Src/sysmem.c.obj
 *(COMMON)
                0x20000ba0                        . = ALIGN (0x4)
                0x20000ba0                        _ebss = .
                0x20000ba0                        __bss_end__ = _ebss

._user_heap_stack
                0x20000ba0      0x600 load address 0x0800e314
                0x20000ba0                        . = ALIGN (0x8)
                [!provide]                        PROVIDE (end = .)
                0x20000ba0                        PROVIDE (_end = .)
                0x20000da0                        . = (. + _Min_Heap_Size)
 *fill*         0x20000ba0      0x200 
                0x200011a0                        . = (. + _Min_Stack_Size)
 *fill*         0x20000da0      0x400 
                0x200011a0                        . = ALIGN (0x8)

/DISCARD/
 libc.a(*)
 libm.a(*)
 libgcc.a(*)
OUTPUT(debug_gpio.elf elf32-littlearm)
LOAD linker stubs
LOAD D:/tool/cmake/cmake_zip/arm-gnu-toolchain/bin/../lib/gcc/arm-none-eabi/14.2.1/thumb/v7e-m+dp/hard\libc.a
LOAD D:/tool/cmake/cmake_zip/arm-gnu-toolchain/bin/../lib/gcc/arm-none-eabi/14.2.1/thumb/v7e-m+dp/hard\libm.a
LOAD D:/tool/cmake/cmake_zip/arm-gnu-toolchain/bin/../lib/gcc/arm-none-eabi/14.2.1/thumb/v7e-m+dp/hard\libgcc.a

.ARM.attributes
                0x00000000       0x2e
 .ARM.attributes
                0x00000000       0x20 D:/tool/cmake/cmake_zip/arm-gnu-toolchain/bin/../lib/gcc/arm-none-eabi/14.2.1/thumb/v7e-m+dp/hard/crti.o
 .ARM.attributes
                0x00000020       0x32 D:/tool/cmake/cmake_zip/arm-gnu-toolchain/bin/../lib/gcc/arm-none-eabi/14.2.1/thumb/v7e-m+dp/hard/crtbegin.o
 .ARM.attributes
                0x00000052       0x32 D:/tool/cmake/cmake_zip/arm-gnu-toolchain/bin/../lib/gcc/arm-none-eabi/14.2.1/thumb/v7e-m+dp/hard\libc.a(libc_a-findfp.o)
 .ARM.attributes
                0x00000084       0x32 D:/tool/cmake/cmake_zip/arm-gnu-toolchain/bin/../lib/gcc/arm-none-eabi/14.2.1/thumb/v7e-m+dp/hard\libc.a(libc_a-fwalk.o)
 .ARM.attributes
                0x000000b6       0x32 D:/tool/cmake/cmake_zip/arm-gnu-toolchain/bin/../lib/gcc/arm-none-eabi/14.2.1/thumb/v7e-m+dp/hard\libc.a(libc_a-stdio.o)
 .ARM.attributes
                0x000000e8       0x32 D:/tool/cmake/cmake_zip/arm-gnu-toolchain/bin/../lib/gcc/arm-none-eabi/14.2.1/thumb/v7e-m+dp/hard\libc.a(libc_a-memset.o)
 .ARM.attributes
                0x0000011a       0x32 D:/tool/cmake/cmake_zip/arm-gnu-toolchain/bin/../lib/gcc/arm-none-eabi/14.2.1/thumb/v7e-m+dp/hard\libc.a(libc_a-closer.o)
 .ARM.attributes
                0x0000014c       0x32 D:/tool/cmake/cmake_zip/arm-gnu-toolchain/bin/../lib/gcc/arm-none-eabi/14.2.1/thumb/v7e-m+dp/hard\libc.a(libc_a-reent.o)
 .ARM.attributes
                0x0000017e       0x32 D:/tool/cmake/cmake_zip/arm-gnu-toolchain/bin/../lib/gcc/arm-none-eabi/14.2.1/thumb/v7e-m+dp/hard\libc.a(libc_a-impure.o)
 .ARM.attributes
                0x000001b0       0x32 D:/tool/cmake/cmake_zip/arm-gnu-toolchain/bin/../lib/gcc/arm-none-eabi/14.2.1/thumb/v7e-m+dp/hard\libc.a(libc_a-lseekr.o)
 .ARM.attributes
                0x000001e2       0x32 D:/tool/cmake/cmake_zip/arm-gnu-toolchain/bin/../lib/gcc/arm-none-eabi/14.2.1/thumb/v7e-m+dp/hard\libc.a(libc_a-readr.o)
 .ARM.attributes
                0x00000214       0x32 D:/tool/cmake/cmake_zip/arm-gnu-toolchain/bin/../lib/gcc/arm-none-eabi/14.2.1/thumb/v7e-m+dp/hard\libc.a(libc_a-writer.o)
 .ARM.attributes
                0x00000246       0x32 D:/tool/cmake/cmake_zip/arm-gnu-toolchain/bin/../lib/gcc/arm-none-eabi/14.2.1/thumb/v7e-m+dp/hard\libc.a(libc_a-init.o)
 .ARM.attributes
                0x00000278       0x32 D:/tool/cmake/cmake_zip/arm-gnu-toolchain/bin/../lib/gcc/arm-none-eabi/14.2.1/thumb/v7e-m+dp/hard\libc.a(libc_a-lock.o)
 .ARM.attributes
                0x000002aa       0x32 D:/tool/cmake/cmake_zip/arm-gnu-toolchain/bin/../lib/gcc/arm-none-eabi/14.2.1/thumb/v7e-m+dp/hard\libc.a(libc_a-__call_atexit.o)
 .ARM.attributes
                0x000002dc       0x32 D:/tool/cmake/cmake_zip/arm-gnu-toolchain/bin/../lib/gcc/arm-none-eabi/14.2.1/thumb/v7e-m+dp/hard\libc.a(libc_a-atexit.o)
 .ARM.attributes
                0x0000030e       0x32 D:/tool/cmake/cmake_zip/arm-gnu-toolchain/bin/../lib/gcc/arm-none-eabi/14.2.1/thumb/v7e-m+dp/hard\libc.a(libc_a-freer.o)
 .ARM.attributes
                0x00000340       0x32 D:/tool/cmake/cmake_zip/arm-gnu-toolchain/bin/../lib/gcc/arm-none-eabi/14.2.1/thumb/v7e-m+dp/hard\libc.a(libc_a-mallocr.o)
 .ARM.attributes
                0x00000372       0x32 D:/tool/cmake/cmake_zip/arm-gnu-toolchain/bin/../lib/gcc/arm-none-eabi/14.2.1/thumb/v7e-m+dp/hard\libc.a(libc_a-mlock.o)
 .ARM.attributes
                0x000003a4       0x32 D:/tool/cmake/cmake_zip/arm-gnu-toolchain/bin/../lib/gcc/arm-none-eabi/14.2.1/thumb/v7e-m+dp/hard\libc.a(libc_a-fclose.o)
 .ARM.attributes
                0x000003d6       0x32 D:/tool/cmake/cmake_zip/arm-gnu-toolchain/bin/../lib/gcc/arm-none-eabi/14.2.1/thumb/v7e-m+dp/hard\libc.a(libc_a-fflush.o)
 .ARM.attributes
                0x00000408       0x32 D:/tool/cmake/cmake_zip/arm-gnu-toolchain/bin/../lib/gcc/arm-none-eabi/14.2.1/thumb/v7e-m+dp/hard\libc.a(libc_a-sbrkr.o)
 .ARM.attributes
                0x0000043a       0x32 D:/tool/cmake/cmake_zip/arm-gnu-toolchain/bin/../lib/gcc/arm-none-eabi/14.2.1/thumb/v7e-m+dp/hard\libc.a(libc_a-fini.o)
 .ARM.attributes
                0x0000046c       0x32 D:/tool/cmake/cmake_zip/arm-gnu-toolchain/bin/../lib/gcc/arm-none-eabi/14.2.1/thumb/v7e-m+dp/hard\libc.a(libc_a-sysconf.o)
 .ARM.attributes
                0x0000049e       0x32 D:/tool/cmake/cmake_zip/arm-gnu-toolchain/bin/../lib/gcc/arm-none-eabi/14.2.1/thumb/v7e-m+dp/hard\libc.a(libc_a-__atexit.o)
 .ARM.attributes
                0x000004d0       0x32 D:/tool/cmake/cmake_zip/arm-gnu-toolchain/bin/../lib/gcc/arm-none-eabi/14.2.1/thumb/v7e-m+dp/hard\libc.a(libc_a-errno.o)
 .ARM.attributes
                0x00000502       0x32 CMakeFiles/debug_gpio.dir/Core/Src/main.c.obj
 .ARM.attributes
                0x00000534       0x32 CMakeFiles/debug_gpio.dir/Core/Src/stm32h7xx_it.c.obj
 .ARM.attributes
                0x00000566       0x32 CMakeFiles/debug_gpio.dir/Core/Src/stm32h7xx_hal_msp.c.obj
 .ARM.attributes
                0x00000598       0x32 CMakeFiles/debug_gpio.dir/Drivers/STM32H7xx_HAL_Driver/Src/stm32h7xx_hal_cortex.c.obj
 .ARM.attributes
                0x000005ca       0x32 CMakeFiles/debug_gpio.dir/Drivers/STM32H7xx_HAL_Driver/Src/stm32h7xx_hal_i2c.c.obj
 .ARM.attributes
                0x000005fc       0x32 CMakeFiles/debug_gpio.dir/Drivers/STM32H7xx_HAL_Driver/Src/stm32h7xx_hal_i2c_ex.c.obj
 .ARM.attributes
                0x0000062e       0x32 CMakeFiles/debug_gpio.dir/Drivers/STM32H7xx_HAL_Driver/Src/stm32h7xx_hal_rcc.c.obj
 .ARM.attributes
                0x00000660       0x32 CMakeFiles/debug_gpio.dir/Drivers/STM32H7xx_HAL_Driver/Src/stm32h7xx_hal_rcc_ex.c.obj
 .ARM.attributes
                0x00000692       0x32 CMakeFiles/debug_gpio.dir/Drivers/STM32H7xx_HAL_Driver/Src/stm32h7xx_hal_gpio.c.obj
 .ARM.attributes
                0x000006c4       0x32 CMakeFiles/debug_gpio.dir/Drivers/STM32H7xx_HAL_Driver/Src/stm32h7xx_hal_pwr_ex.c.obj
 .ARM.attributes
                0x000006f6       0x32 CMakeFiles/debug_gpio.dir/Drivers/STM32H7xx_HAL_Driver/Src/stm32h7xx_hal.c.obj
 .ARM.attributes
                0x00000728       0x32 CMakeFiles/debug_gpio.dir/Drivers/STM32H7xx_HAL_Driver/Src/stm32h7xx_hal_spi.c.obj
 .ARM.attributes
                0x0000075a       0x32 CMakeFiles/debug_gpio.dir/Drivers/STM32H7xx_HAL_Driver/Src/stm32h7xx_hal_uart.c.obj
 .ARM.attributes
                0x0000078c       0x32 CMakeFiles/debug_gpio.dir/Drivers/STM32H7xx_HAL_Driver/Src/stm32h7xx_hal_uart_ex.c.obj
 .ARM.attributes
                0x000007be       0x32 CMakeFiles/debug_gpio.dir/Core/Src/system_stm32h7xx.c.obj
 .ARM.attributes
                0x000007f0       0x32 CMakeFiles/debug_gpio.dir/Core/Src/sysmem.c.obj
 .ARM.attributes
                0x00000822       0x32 CMakeFiles/debug_gpio.dir/Core/Src/syscalls.c.obj
 .ARM.attributes
                0x00000854       0x21 CMakeFiles/debug_gpio.dir/startup_stm32h750xx.s.obj
 .ARM.attributes
                0x00000875       0x20 D:/tool/cmake/cmake_zip/arm-gnu-toolchain/bin/../lib/gcc/arm-none-eabi/14.2.1/thumb/v7e-m+dp/hard\libgcc.a(_aeabi_uldivmod.o)
 .ARM.attributes
                0x00000895       0x32 D:/tool/cmake/cmake_zip/arm-gnu-toolchain/bin/../lib/gcc/arm-none-eabi/14.2.1/thumb/v7e-m+dp/hard\libgcc.a(_udivmoddi4.o)
 .ARM.attributes
                0x000008c7       0x20 D:/tool/cmake/cmake_zip/arm-gnu-toolchain/bin/../lib/gcc/arm-none-eabi/14.2.1/thumb/v7e-m+dp/hard\libgcc.a(_dvmd_tls.o)
 .ARM.attributes
                0x000008e7       0x32 D:/tool/cmake/cmake_zip/arm-gnu-toolchain/bin/../lib/gcc/arm-none-eabi/14.2.1/thumb/v7e-m+dp/hard\libg.a(libc_a-sprintf.o)
 .ARM.attributes
                0x00000919       0x1c D:/tool/cmake/cmake_zip/arm-gnu-toolchain/bin/../lib/gcc/arm-none-eabi/14.2.1/thumb/v7e-m+dp/hard\libg.a(libc_a-strlen.o)
 .ARM.attributes
                0x00000935       0x32 D:/tool/cmake/cmake_zip/arm-gnu-toolchain/bin/../lib/gcc/arm-none-eabi/14.2.1/thumb/v7e-m+dp/hard\libg.a(libc_a-svfprintf.o)
 .ARM.attributes
                0x00000967       0x32 D:/tool/cmake/cmake_zip/arm-gnu-toolchain/bin/../lib/gcc/arm-none-eabi/14.2.1/thumb/v7e-m+dp/hard\libg.a(libc_a-ssprint_r.o)
 .ARM.attributes
                0x00000999       0x32 D:/tool/cmake/cmake_zip/arm-gnu-toolchain/bin/../lib/gcc/arm-none-eabi/14.2.1/thumb/v7e-m+dp/hard\libg.a(libc_a-strncpy.o)
 .ARM.attributes
                0x000009cb       0x32 D:/tool/cmake/cmake_zip/arm-gnu-toolchain/bin/../lib/gcc/arm-none-eabi/14.2.1/thumb/v7e-m+dp/hard\libg.a(libc_a-locale.o)
 .ARM.attributes
                0x000009fd       0x32 D:/tool/cmake/cmake_zip/arm-gnu-toolchain/bin/../lib/gcc/arm-none-eabi/14.2.1/thumb/v7e-m+dp/hard\libg.a(libc_a-localeconv.o)
 .ARM.attributes
                0x00000a2f       0x1c D:/tool/cmake/cmake_zip/arm-gnu-toolchain/bin/../lib/gcc/arm-none-eabi/14.2.1/thumb/v7e-m+dp/hard\libg.a(libc_a-memchr.o)
 .ARM.attributes
                0x00000a4b       0x32 D:/tool/cmake/cmake_zip/arm-gnu-toolchain/bin/../lib/gcc/arm-none-eabi/14.2.1/thumb/v7e-m+dp/hard\libg.a(libm_a-s_frexp.o)
 .ARM.attributes
                0x00000a7d       0x32 D:/tool/cmake/cmake_zip/arm-gnu-toolchain/bin/../lib/gcc/arm-none-eabi/14.2.1/thumb/v7e-m+dp/hard\libg.a(libc_a-dtoa.o)
 .ARM.attributes
                0x00000aaf       0x32 D:/tool/cmake/cmake_zip/arm-gnu-toolchain/bin/../lib/gcc/arm-none-eabi/14.2.1/thumb/v7e-m+dp/hard\libg.a(libc_a-mbtowc_r.o)
 .ARM.attributes
                0x00000ae1       0x32 D:/tool/cmake/cmake_zip/arm-gnu-toolchain/bin/../lib/gcc/arm-none-eabi/14.2.1/thumb/v7e-m+dp/hard\libg.a(libc_a-mprec.o)
 .ARM.attributes
                0x00000b13       0x32 D:/tool/cmake/cmake_zip/arm-gnu-toolchain/bin/../lib/gcc/arm-none-eabi/14.2.1/thumb/v7e-m+dp/hard\libg.a(libc_a-wctomb_r.o)
 .ARM.attributes
                0x00000b45       0x32 D:/tool/cmake/cmake_zip/arm-gnu-toolchain/bin/../lib/gcc/arm-none-eabi/14.2.1/thumb/v7e-m+dp/hard\libg.a(libc_a-wcrtomb.o)
 .ARM.attributes
                0x00000b77       0x32 D:/tool/cmake/cmake_zip/arm-gnu-toolchain/bin/../lib/gcc/arm-none-eabi/14.2.1/thumb/v7e-m+dp/hard\libg.a(libc_a-wcsrtombs.o)
 .ARM.attributes
                0x00000ba9       0x32 D:/tool/cmake/cmake_zip/arm-gnu-toolchain/bin/../lib/gcc/arm-none-eabi/14.2.1/thumb/v7e-m+dp/hard\libg.a(libc_a-ctype_.o)
 .ARM.attributes
                0x00000bdb       0x32 D:/tool/cmake/cmake_zip/arm-gnu-toolchain/bin/../lib/gcc/arm-none-eabi/14.2.1/thumb/v7e-m+dp/hard\libg.a(libc_a-ssputs_r.o)
 .ARM.attributes
                0x00000c0d       0x32 D:/tool/cmake/cmake_zip/arm-gnu-toolchain/bin/../lib/gcc/arm-none-eabi/14.2.1/thumb/v7e-m+dp/hard\libg.a(libc_a-memmove.o)
 .ARM.attributes
                0x00000c3f       0x1e D:/tool/cmake/cmake_zip/arm-gnu-toolchain/bin/../lib/gcc/arm-none-eabi/14.2.1/thumb/v7e-m+dp/hard\libg.a(libc_a-memcpy.o)
 .ARM.attributes
                0x00000c5d       0x32 D:/tool/cmake/cmake_zip/arm-gnu-toolchain/bin/../lib/gcc/arm-none-eabi/14.2.1/thumb/v7e-m+dp/hard\libg.a(libc_a-assert.o)
 .ARM.attributes
                0x00000c8f       0x32 D:/tool/cmake/cmake_zip/arm-gnu-toolchain/bin/../lib/gcc/arm-none-eabi/14.2.1/thumb/v7e-m+dp/hard\libg.a(libc_a-callocr.o)
 .ARM.attributes
                0x00000cc1       0x32 D:/tool/cmake/cmake_zip/arm-gnu-toolchain/bin/../lib/gcc/arm-none-eabi/14.2.1/thumb/v7e-m+dp/hard\libg.a(libc_a-reallocr.o)
 .ARM.attributes
                0x00000cf3       0x32 D:/tool/cmake/cmake_zip/arm-gnu-toolchain/bin/../lib/gcc/arm-none-eabi/14.2.1/thumb/v7e-m+dp/hard\libg.a(libc_a-wcsnrtombs.o)
 .ARM.attributes
                0x00000d25       0x32 D:/tool/cmake/cmake_zip/arm-gnu-toolchain/bin/../lib/gcc/arm-none-eabi/14.2.1/thumb/v7e-m+dp/hard\libg.a(libc_a-fiprintf.o)
 .ARM.attributes
                0x00000d57       0x32 D:/tool/cmake/cmake_zip/arm-gnu-toolchain/bin/../lib/gcc/arm-none-eabi/14.2.1/thumb/v7e-m+dp/hard\libg.a(libc_a-vfiprintf.o)
 .ARM.attributes
                0x00000d89       0x32 D:/tool/cmake/cmake_zip/arm-gnu-toolchain/bin/../lib/gcc/arm-none-eabi/14.2.1/thumb/v7e-m+dp/hard\libg.a(libc_a-sprint_r.o)
 .ARM.attributes
                0x00000dbb       0x32 D:/tool/cmake/cmake_zip/arm-gnu-toolchain/bin/../lib/gcc/arm-none-eabi/14.2.1/thumb/v7e-m+dp/hard\libg.a(libc_a-fvwrite.o)
 .ARM.attributes
                0x00000ded       0x32 D:/tool/cmake/cmake_zip/arm-gnu-toolchain/bin/../lib/gcc/arm-none-eabi/14.2.1/thumb/v7e-m+dp/hard\libg.a(libc_a-wsetup.o)
 .ARM.attributes
                0x00000e1f       0x32 D:/tool/cmake/cmake_zip/arm-gnu-toolchain/bin/../lib/gcc/arm-none-eabi/14.2.1/thumb/v7e-m+dp/hard\libg.a(libc_a-abort.o)
 .ARM.attributes
                0x00000e51       0x32 D:/tool/cmake/cmake_zip/arm-gnu-toolchain/bin/../lib/gcc/arm-none-eabi/14.2.1/thumb/v7e-m+dp/hard\libg.a(libc_a-makebuf.o)
 .ARM.attributes
                0x00000e83       0x32 D:/tool/cmake/cmake_zip/arm-gnu-toolchain/bin/../lib/gcc/arm-none-eabi/14.2.1/thumb/v7e-m+dp/hard\libg.a(libc_a-signal.o)
 .ARM.attributes
                0x00000eb5       0x32 D:/tool/cmake/cmake_zip/arm-gnu-toolchain/bin/../lib/gcc/arm-none-eabi/14.2.1/thumb/v7e-m+dp/hard\libg.a(libc_a-fstatr.o)
 .ARM.attributes
                0x00000ee7       0x32 D:/tool/cmake/cmake_zip/arm-gnu-toolchain/bin/../lib/gcc/arm-none-eabi/14.2.1/thumb/v7e-m+dp/hard\libg.a(libc_a-isattyr.o)
 .ARM.attributes
                0x00000f19       0x32 D:/tool/cmake/cmake_zip/arm-gnu-toolchain/bin/../lib/gcc/arm-none-eabi/14.2.1/thumb/v7e-m+dp/hard\libg.a(libc_a-signalr.o)
 .ARM.attributes
                0x00000f4b       0x32 D:/tool/cmake/cmake_zip/arm-gnu-toolchain/bin/../lib/gcc/arm-none-eabi/14.2.1/thumb/v7e-m+dp/hard/crtend.o
 .ARM.attributes
                0x00000f7d       0x20 D:/tool/cmake/cmake_zip/arm-gnu-toolchain/bin/../lib/gcc/arm-none-eabi/14.2.1/thumb/v7e-m+dp/hard/crtn.o

.comment        0x00000000       0x45
 .comment       0x00000000       0x45 CMakeFiles/debug_gpio.dir/Core/Src/main.c.obj
                                 0x46 (size before relaxing)
 .comment       0x00000045       0x46 CMakeFiles/debug_gpio.dir/Core/Src/stm32h7xx_it.c.obj
 .comment       0x00000045       0x46 CMakeFiles/debug_gpio.dir/Core/Src/stm32h7xx_hal_msp.c.obj
 .comment       0x00000045       0x46 CMakeFiles/debug_gpio.dir/Drivers/STM32H7xx_HAL_Driver/Src/stm32h7xx_hal_cortex.c.obj
 .comment       0x00000045       0x46 CMakeFiles/debug_gpio.dir/Drivers/STM32H7xx_HAL_Driver/Src/stm32h7xx_hal_i2c.c.obj
 .comment       0x00000045       0x46 CMakeFiles/debug_gpio.dir/Drivers/STM32H7xx_HAL_Driver/Src/stm32h7xx_hal_i2c_ex.c.obj
 .comment       0x00000045       0x46 CMakeFiles/debug_gpio.dir/Drivers/STM32H7xx_HAL_Driver/Src/stm32h7xx_hal_rcc.c.obj
 .comment       0x00000045       0x46 CMakeFiles/debug_gpio.dir/Drivers/STM32H7xx_HAL_Driver/Src/stm32h7xx_hal_rcc_ex.c.obj
 .comment       0x00000045       0x46 CMakeFiles/debug_gpio.dir/Drivers/STM32H7xx_HAL_Driver/Src/stm32h7xx_hal_gpio.c.obj
 .comment       0x00000045       0x46 CMakeFiles/debug_gpio.dir/Drivers/STM32H7xx_HAL_Driver/Src/stm32h7xx_hal_pwr_ex.c.obj
 .comment       0x00000045       0x46 CMakeFiles/debug_gpio.dir/Drivers/STM32H7xx_HAL_Driver/Src/stm32h7xx_hal.c.obj
 .comment       0x00000045       0x46 CMakeFiles/debug_gpio.dir/Drivers/STM32H7xx_HAL_Driver/Src/stm32h7xx_hal_spi.c.obj
 .comment       0x00000045       0x46 CMakeFiles/debug_gpio.dir/Drivers/STM32H7xx_HAL_Driver/Src/stm32h7xx_hal_uart.c.obj
 .comment       0x00000045       0x46 CMakeFiles/debug_gpio.dir/Drivers/STM32H7xx_HAL_Driver/Src/stm32h7xx_hal_uart_ex.c.obj
 .comment       0x00000045       0x46 CMakeFiles/debug_gpio.dir/Core/Src/system_stm32h7xx.c.obj
 .comment       0x00000045       0x46 CMakeFiles/debug_gpio.dir/Core/Src/sysmem.c.obj
 .comment       0x00000045       0x46 CMakeFiles/debug_gpio.dir/Core/Src/syscalls.c.obj

.debug_frame    0x00000000     0x5854
 .debug_frame   0x00000000      0x13c D:/tool/cmake/cmake_zip/arm-gnu-toolchain/bin/../lib/gcc/arm-none-eabi/14.2.1/thumb/v7e-m+dp/hard\libc.a(libc_a-findfp.o)
 .debug_frame   0x0000013c       0x34 D:/tool/cmake/cmake_zip/arm-gnu-toolchain/bin/../lib/gcc/arm-none-eabi/14.2.1/thumb/v7e-m+dp/hard\libc.a(libc_a-fwalk.o)
 .debug_frame   0x00000170       0x8c D:/tool/cmake/cmake_zip/arm-gnu-toolchain/bin/../lib/gcc/arm-none-eabi/14.2.1/thumb/v7e-m+dp/hard\libc.a(libc_a-stdio.o)
 .debug_frame   0x000001fc       0x2c D:/tool/cmake/cmake_zip/arm-gnu-toolchain/bin/../lib/gcc/arm-none-eabi/14.2.1/thumb/v7e-m+dp/hard\libc.a(libc_a-memset.o)
 .debug_frame   0x00000228       0x2c D:/tool/cmake/cmake_zip/arm-gnu-toolchain/bin/../lib/gcc/arm-none-eabi/14.2.1/thumb/v7e-m+dp/hard\libc.a(libc_a-closer.o)
 .debug_frame   0x00000254       0x3c D:/tool/cmake/cmake_zip/arm-gnu-toolchain/bin/../lib/gcc/arm-none-eabi/14.2.1/thumb/v7e-m+dp/hard\libc.a(libc_a-reent.o)
 .debug_frame   0x00000290       0x2c D:/tool/cmake/cmake_zip/arm-gnu-toolchain/bin/../lib/gcc/arm-none-eabi/14.2.1/thumb/v7e-m+dp/hard\libc.a(libc_a-lseekr.o)
 .debug_frame   0x000002bc       0x2c D:/tool/cmake/cmake_zip/arm-gnu-toolchain/bin/../lib/gcc/arm-none-eabi/14.2.1/thumb/v7e-m+dp/hard\libc.a(libc_a-readr.o)
 .debug_frame   0x000002e8       0x2c D:/tool/cmake/cmake_zip/arm-gnu-toolchain/bin/../lib/gcc/arm-none-eabi/14.2.1/thumb/v7e-m+dp/hard\libc.a(libc_a-writer.o)
 .debug_frame   0x00000314       0x2c D:/tool/cmake/cmake_zip/arm-gnu-toolchain/bin/../lib/gcc/arm-none-eabi/14.2.1/thumb/v7e-m+dp/hard\libc.a(libc_a-init.o)
 .debug_frame   0x00000340       0xb0 D:/tool/cmake/cmake_zip/arm-gnu-toolchain/bin/../lib/gcc/arm-none-eabi/14.2.1/thumb/v7e-m+dp/hard\libc.a(libc_a-lock.o)
 .debug_frame   0x000003f0       0x5c D:/tool/cmake/cmake_zip/arm-gnu-toolchain/bin/../lib/gcc/arm-none-eabi/14.2.1/thumb/v7e-m+dp/hard\libc.a(libc_a-__call_atexit.o)
 .debug_frame   0x0000044c       0x20 D:/tool/cmake/cmake_zip/arm-gnu-toolchain/bin/../lib/gcc/arm-none-eabi/14.2.1/thumb/v7e-m+dp/hard\libc.a(libc_a-atexit.o)
 .debug_frame   0x0000046c       0x84 D:/tool/cmake/cmake_zip/arm-gnu-toolchain/bin/../lib/gcc/arm-none-eabi/14.2.1/thumb/v7e-m+dp/hard\libc.a(libc_a-freer.o)
 .debug_frame   0x000004f0       0x4c D:/tool/cmake/cmake_zip/arm-gnu-toolchain/bin/../lib/gcc/arm-none-eabi/14.2.1/thumb/v7e-m+dp/hard\libc.a(libc_a-mallocr.o)
 .debug_frame   0x0000053c       0x30 D:/tool/cmake/cmake_zip/arm-gnu-toolchain/bin/../lib/gcc/arm-none-eabi/14.2.1/thumb/v7e-m+dp/hard\libc.a(libc_a-mlock.o)
 .debug_frame   0x0000056c       0x3c D:/tool/cmake/cmake_zip/arm-gnu-toolchain/bin/../lib/gcc/arm-none-eabi/14.2.1/thumb/v7e-m+dp/hard\libc.a(libc_a-fclose.o)
 .debug_frame   0x000005a8       0x70 D:/tool/cmake/cmake_zip/arm-gnu-toolchain/bin/../lib/gcc/arm-none-eabi/14.2.1/thumb/v7e-m+dp/hard\libc.a(libc_a-fflush.o)
 .debug_frame   0x00000618       0x2c D:/tool/cmake/cmake_zip/arm-gnu-toolchain/bin/../lib/gcc/arm-none-eabi/14.2.1/thumb/v7e-m+dp/hard\libc.a(libc_a-sbrkr.o)
 .debug_frame   0x00000644       0x34 D:/tool/cmake/cmake_zip/arm-gnu-toolchain/bin/../lib/gcc/arm-none-eabi/14.2.1/thumb/v7e-m+dp/hard\libc.a(libc_a-fini.o)
 .debug_frame   0x00000678       0x28 D:/tool/cmake/cmake_zip/arm-gnu-toolchain/bin/../lib/gcc/arm-none-eabi/14.2.1/thumb/v7e-m+dp/hard\libc.a(libc_a-sysconf.o)
 .debug_frame   0x000006a0       0x34 D:/tool/cmake/cmake_zip/arm-gnu-toolchain/bin/../lib/gcc/arm-none-eabi/14.2.1/thumb/v7e-m+dp/hard\libc.a(libc_a-__atexit.o)
 .debug_frame   0x000006d4       0x20 D:/tool/cmake/cmake_zip/arm-gnu-toolchain/bin/../lib/gcc/arm-none-eabi/14.2.1/thumb/v7e-m+dp/hard\libc.a(libc_a-errno.o)
 .debug_frame   0x000006f4      0x1f0 CMakeFiles/debug_gpio.dir/Core/Src/main.c.obj
 .debug_frame   0x000008e4      0x174 CMakeFiles/debug_gpio.dir/Core/Src/stm32h7xx_it.c.obj
 .debug_frame   0x00000a58      0x11c CMakeFiles/debug_gpio.dir/Core/Src/stm32h7xx_hal_msp.c.obj
 .debug_frame   0x00000b74      0x508 CMakeFiles/debug_gpio.dir/Drivers/STM32H7xx_HAL_Driver/Src/stm32h7xx_hal_cortex.c.obj
 .debug_frame   0x0000107c      0xc40 CMakeFiles/debug_gpio.dir/Drivers/STM32H7xx_HAL_Driver/Src/stm32h7xx_hal_i2c.c.obj
 .debug_frame   0x00001cbc      0x100 CMakeFiles/debug_gpio.dir/Drivers/STM32H7xx_HAL_Driver/Src/stm32h7xx_hal_i2c_ex.c.obj
 .debug_frame   0x00001dbc      0x1f8 CMakeFiles/debug_gpio.dir/Drivers/STM32H7xx_HAL_Driver/Src/stm32h7xx_hal_rcc.c.obj
 .debug_frame   0x00001fb4      0x414 CMakeFiles/debug_gpio.dir/Drivers/STM32H7xx_HAL_Driver/Src/stm32h7xx_hal_rcc_ex.c.obj
 .debug_frame   0x000023c8      0x14c CMakeFiles/debug_gpio.dir/Drivers/STM32H7xx_HAL_Driver/Src/stm32h7xx_hal_gpio.c.obj
 .debug_frame   0x00002514      0x580 CMakeFiles/debug_gpio.dir/Drivers/STM32H7xx_HAL_Driver/Src/stm32h7xx_hal_pwr_ex.c.obj
 .debug_frame   0x00002a94      0x690 CMakeFiles/debug_gpio.dir/Drivers/STM32H7xx_HAL_Driver/Src/stm32h7xx_hal.c.obj
 .debug_frame   0x00003124      0x7a8 CMakeFiles/debug_gpio.dir/Drivers/STM32H7xx_HAL_Driver/Src/stm32h7xx_hal_spi.c.obj
 .debug_frame   0x000038cc      0xa94 CMakeFiles/debug_gpio.dir/Drivers/STM32H7xx_HAL_Driver/Src/stm32h7xx_hal_uart.c.obj
 .debug_frame   0x00004360      0x2c0 CMakeFiles/debug_gpio.dir/Drivers/STM32H7xx_HAL_Driver/Src/stm32h7xx_hal_uart_ex.c.obj
 .debug_frame   0x00004620       0x78 CMakeFiles/debug_gpio.dir/Core/Src/system_stm32h7xx.c.obj
 .debug_frame   0x00004698       0x34 CMakeFiles/debug_gpio.dir/Core/Src/sysmem.c.obj
 .debug_frame   0x000046cc      0x2ac CMakeFiles/debug_gpio.dir/Core/Src/syscalls.c.obj
 .debug_frame   0x00004978       0x2c D:/tool/cmake/cmake_zip/arm-gnu-toolchain/bin/../lib/gcc/arm-none-eabi/14.2.1/thumb/v7e-m+dp/hard\libgcc.a(_aeabi_uldivmod.o)
 .debug_frame   0x000049a4       0x34 D:/tool/cmake/cmake_zip/arm-gnu-toolchain/bin/../lib/gcc/arm-none-eabi/14.2.1/thumb/v7e-m+dp/hard\libgcc.a(_udivmoddi4.o)
 .debug_frame   0x000049d8       0x78 D:/tool/cmake/cmake_zip/arm-gnu-toolchain/bin/../lib/gcc/arm-none-eabi/14.2.1/thumb/v7e-m+dp/hard\libg.a(libc_a-sprintf.o)
 .debug_frame   0x00004a50       0x30 D:/tool/cmake/cmake_zip/arm-gnu-toolchain/bin/../lib/gcc/arm-none-eabi/14.2.1/thumb/v7e-m+dp/hard\libg.a(libc_a-strlen.o)
 .debug_frame   0x00004a80       0x5c D:/tool/cmake/cmake_zip/arm-gnu-toolchain/bin/../lib/gcc/arm-none-eabi/14.2.1/thumb/v7e-m+dp/hard\libg.a(libc_a-svfprintf.o)
 .debug_frame   0x00004adc       0x34 D:/tool/cmake/cmake_zip/arm-gnu-toolchain/bin/../lib/gcc/arm-none-eabi/14.2.1/thumb/v7e-m+dp/hard\libg.a(libc_a-ssprint_r.o)
 .debug_frame   0x00004b10       0x28 D:/tool/cmake/cmake_zip/arm-gnu-toolchain/bin/../lib/gcc/arm-none-eabi/14.2.1/thumb/v7e-m+dp/hard\libg.a(libc_a-strncpy.o)
 .debug_frame   0x00004b38       0xe8 D:/tool/cmake/cmake_zip/arm-gnu-toolchain/bin/../lib/gcc/arm-none-eabi/14.2.1/thumb/v7e-m+dp/hard\libg.a(libc_a-locale.o)
 .debug_frame   0x00004c20       0x40 D:/tool/cmake/cmake_zip/arm-gnu-toolchain/bin/../lib/gcc/arm-none-eabi/14.2.1/thumb/v7e-m+dp/hard\libg.a(libc_a-localeconv.o)
 .debug_frame   0x00004c60       0x4c D:/tool/cmake/cmake_zip/arm-gnu-toolchain/bin/../lib/gcc/arm-none-eabi/14.2.1/thumb/v7e-m+dp/hard\libg.a(libc_a-memchr.o)
 .debug_frame   0x00004cac       0x34 D:/tool/cmake/cmake_zip/arm-gnu-toolchain/bin/../lib/gcc/arm-none-eabi/14.2.1/thumb/v7e-m+dp/hard\libg.a(libm_a-s_frexp.o)
 .debug_frame   0x00004ce0       0xa0 D:/tool/cmake/cmake_zip/arm-gnu-toolchain/bin/../lib/gcc/arm-none-eabi/14.2.1/thumb/v7e-m+dp/hard\libg.a(libc_a-dtoa.o)
 .debug_frame   0x00004d80      0x130 D:/tool/cmake/cmake_zip/arm-gnu-toolchain/bin/../lib/gcc/arm-none-eabi/14.2.1/thumb/v7e-m+dp/hard\libg.a(libc_a-mbtowc_r.o)
 .debug_frame   0x00004eb0      0x27c D:/tool/cmake/cmake_zip/arm-gnu-toolchain/bin/../lib/gcc/arm-none-eabi/14.2.1/thumb/v7e-m+dp/hard\libg.a(libc_a-mprec.o)
 .debug_frame   0x0000512c       0x8c D:/tool/cmake/cmake_zip/arm-gnu-toolchain/bin/../lib/gcc/arm-none-eabi/14.2.1/thumb/v7e-m+dp/hard\libg.a(libc_a-wctomb_r.o)
 .debug_frame   0x000051b8       0x60 D:/tool/cmake/cmake_zip/arm-gnu-toolchain/bin/../lib/gcc/arm-none-eabi/14.2.1/thumb/v7e-m+dp/hard\libg.a(libc_a-wcrtomb.o)
 .debug_frame   0x00005218       0x50 D:/tool/cmake/cmake_zip/arm-gnu-toolchain/bin/../lib/gcc/arm-none-eabi/14.2.1/thumb/v7e-m+dp/hard\libg.a(libc_a-wcsrtombs.o)
 .debug_frame   0x00005268       0x20 D:/tool/cmake/cmake_zip/arm-gnu-toolchain/bin/../lib/gcc/arm-none-eabi/14.2.1/thumb/v7e-m+dp/hard\libg.a(libc_a-ctype_.o)
 .debug_frame   0x00005288       0x34 D:/tool/cmake/cmake_zip/arm-gnu-toolchain/bin/../lib/gcc/arm-none-eabi/14.2.1/thumb/v7e-m+dp/hard\libg.a(libc_a-ssputs_r.o)
 .debug_frame   0x000052bc       0x44 D:/tool/cmake/cmake_zip/arm-gnu-toolchain/bin/../lib/gcc/arm-none-eabi/14.2.1/thumb/v7e-m+dp/hard\libg.a(libc_a-memmove.o)
 .debug_frame   0x00005300       0x28 D:/tool/cmake/cmake_zip/arm-gnu-toolchain/bin/../lib/gcc/arm-none-eabi/14.2.1/thumb/v7e-m+dp/hard\libg.a(libc_a-memcpy.o)