Archive member included to satisfy reference by file (symbol)

D:/tool/cmake/cmake_zip/arm-gnu-toolchain/bin/../lib/gcc/arm-none-eabi/14.2.1/thumb/v7e-m+dp/hard\libc_nano.a(libc_a-exit.o)
                              D:/tool/cmake/cmake_zip/arm-gnu-toolchain/bin/../lib/gcc/arm-none-eabi/14.2.1/thumb/v7e-m+dp/hard/crt0.o (exit)
D:/tool/cmake/cmake_zip/arm-gnu-toolchain/bin/../lib/gcc/arm-none-eabi/14.2.1/thumb/v7e-m+dp/hard\libc_nano.a(libc_a-findfp.o)
                              D:/tool/cmake/cmake_zip/arm-gnu-toolchain/bin/../lib/gcc/arm-none-eabi/14.2.1/thumb/v7e-m+dp/hard\libc_nano.a(libc_a-exit.o) (__stdio_exit_handler)
D:/tool/cmake/cmake_zip/arm-gnu-toolchain/bin/../lib/gcc/arm-none-eabi/14.2.1/thumb/v7e-m+dp/hard\libc_nano.a(libc_a-fwalk.o)
                              D:/tool/cmake/cmake_zip/arm-gnu-toolchain/bin/../lib/gcc/arm-none-eabi/14.2.1/thumb/v7e-m+dp/hard\libc_nano.a(libc_a-findfp.o) (_fwalk_sglue)
D:/tool/cmake/cmake_zip/arm-gnu-toolchain/bin/../lib/gcc/arm-none-eabi/14.2.1/thumb/v7e-m+dp/hard\libc_nano.a(libc_a-stdio.o)
                              D:/tool/cmake/cmake_zip/arm-gnu-toolchain/bin/../lib/gcc/arm-none-eabi/14.2.1/thumb/v7e-m+dp/hard\libc_nano.a(libc_a-findfp.o) (__sread)
D:/tool/cmake/cmake_zip/arm-gnu-toolchain/bin/../lib/gcc/arm-none-eabi/14.2.1/thumb/v7e-m+dp/hard\libc_nano.a(libc_a-memset.o)
                              D:/tool/cmake/cmake_zip/arm-gnu-toolchain/bin/../lib/gcc/arm-none-eabi/14.2.1/thumb/v7e-m+dp/hard/crt0.o (memset)
D:/tool/cmake/cmake_zip/arm-gnu-toolchain/bin/../lib/gcc/arm-none-eabi/14.2.1/thumb/v7e-m+dp/hard\libc_nano.a(libc_a-closer.o)
                              D:/tool/cmake/cmake_zip/arm-gnu-toolchain/bin/../lib/gcc/arm-none-eabi/14.2.1/thumb/v7e-m+dp/hard\libc_nano.a(libc_a-stdio.o) (_close_r)
D:/tool/cmake/cmake_zip/arm-gnu-toolchain/bin/../lib/gcc/arm-none-eabi/14.2.1/thumb/v7e-m+dp/hard\libc_nano.a(libc_a-reent.o)
                              D:/tool/cmake/cmake_zip/arm-gnu-toolchain/bin/../lib/gcc/arm-none-eabi/14.2.1/thumb/v7e-m+dp/hard\libc_nano.a(libc_a-closer.o) (errno)
D:/tool/cmake/cmake_zip/arm-gnu-toolchain/bin/../lib/gcc/arm-none-eabi/14.2.1/thumb/v7e-m+dp/hard\libc_nano.a(libc_a-impure.o)
                              D:/tool/cmake/cmake_zip/arm-gnu-toolchain/bin/../lib/gcc/arm-none-eabi/14.2.1/thumb/v7e-m+dp/hard\libc_nano.a(libc_a-reent.o) (_impure_ptr)
D:/tool/cmake/cmake_zip/arm-gnu-toolchain/bin/../lib/gcc/arm-none-eabi/14.2.1/thumb/v7e-m+dp/hard\libc_nano.a(libc_a-lseekr.o)
                              D:/tool/cmake/cmake_zip/arm-gnu-toolchain/bin/../lib/gcc/arm-none-eabi/14.2.1/thumb/v7e-m+dp/hard\libc_nano.a(libc_a-stdio.o) (_lseek_r)
D:/tool/cmake/cmake_zip/arm-gnu-toolchain/bin/../lib/gcc/arm-none-eabi/14.2.1/thumb/v7e-m+dp/hard\libc_nano.a(libc_a-readr.o)
                              D:/tool/cmake/cmake_zip/arm-gnu-toolchain/bin/../lib/gcc/arm-none-eabi/14.2.1/thumb/v7e-m+dp/hard\libc_nano.a(libc_a-stdio.o) (_read_r)
D:/tool/cmake/cmake_zip/arm-gnu-toolchain/bin/../lib/gcc/arm-none-eabi/14.2.1/thumb/v7e-m+dp/hard\libc_nano.a(libc_a-writer.o)
                              D:/tool/cmake/cmake_zip/arm-gnu-toolchain/bin/../lib/gcc/arm-none-eabi/14.2.1/thumb/v7e-m+dp/hard\libc_nano.a(libc_a-stdio.o) (_write_r)
D:/tool/cmake/cmake_zip/arm-gnu-toolchain/bin/../lib/gcc/arm-none-eabi/14.2.1/thumb/v7e-m+dp/hard\libc_nano.a(libc_a-init.o)
                              D:/tool/cmake/cmake_zip/arm-gnu-toolchain/bin/../lib/gcc/arm-none-eabi/14.2.1/thumb/v7e-m+dp/hard/crt0.o (__libc_init_array)
D:/tool/cmake/cmake_zip/arm-gnu-toolchain/bin/../lib/gcc/arm-none-eabi/14.2.1/thumb/v7e-m+dp/hard\libc_nano.a(libc_a-lock.o)
                              D:/tool/cmake/cmake_zip/arm-gnu-toolchain/bin/../lib/gcc/arm-none-eabi/14.2.1/thumb/v7e-m+dp/hard\libc_nano.a(libc_a-findfp.o) (__retarget_lock_init_recursive)
D:/tool/cmake/cmake_zip/arm-gnu-toolchain/bin/../lib/gcc/arm-none-eabi/14.2.1/thumb/v7e-m+dp/hard\libc_nano.a(libc_a-freer.o)
                              D:/tool/cmake/cmake_zip/arm-gnu-toolchain/bin/../lib/gcc/arm-none-eabi/14.2.1/thumb/v7e-m+dp/hard\libc_nano.a(libc_a-reent.o) (_free_r)
D:/tool/cmake/cmake_zip/arm-gnu-toolchain/bin/../lib/gcc/arm-none-eabi/14.2.1/thumb/v7e-m+dp/hard\libc_nano.a(libc_a-mallocr.o)
                              D:/tool/cmake/cmake_zip/arm-gnu-toolchain/bin/../lib/gcc/arm-none-eabi/14.2.1/thumb/v7e-m+dp/hard\libc_nano.a(libc_a-findfp.o) (_malloc_r)
D:/tool/cmake/cmake_zip/arm-gnu-toolchain/bin/../lib/gcc/arm-none-eabi/14.2.1/thumb/v7e-m+dp/hard\libc_nano.a(libc_a-mlock.o)
                              D:/tool/cmake/cmake_zip/arm-gnu-toolchain/bin/../lib/gcc/arm-none-eabi/14.2.1/thumb/v7e-m+dp/hard\libc_nano.a(libc_a-freer.o) (__malloc_lock)
D:/tool/cmake/cmake_zip/arm-gnu-toolchain/bin/../lib/gcc/arm-none-eabi/14.2.1/thumb/v7e-m+dp/hard\libc_nano.a(libc_a-fflush.o)
[...]
Memory Configuration

Name             Origin             Length             Attributes
DTCMRAM          0x20000000         0x00020000         xrw
RAM              0x24000000         0x00080000         xrw
RAM_D2           0x30000000         0x00048000         xrw
RAM_D3           0x38000000         0x00010000         xrw
ITCMRAM          0x00000000         0x00010000         xrw
FLASH            0x08000000         0x00020000         xr
*default*        0x00000000         0xffffffff

Linker script and memory map

LOAD D:/tool/cmake/cmake_zip/arm-gnu-toolchain/bin/../lib/gcc/arm-none-eabi/14.2.1/thumb/v7e-m+dp/hard/crti.o
LOAD D:/tool/cmake/cmake_zip/arm-gnu-toolchain/bin/../lib/gcc/arm-none-eabi/14.2.1/thumb/v7e-m+dp/hard/crtbegin.o
LOAD D:/tool/cmake/cmake_zip/arm-gnu-toolchain/bin/../lib/gcc/arm-none-eabi/14.2.1/thumb/v7e-m+dp/hard/crt0.o
START GROUP
LOAD D:/tool/cmake/cmake_zip/arm-gnu-toolchain/bin/../lib/gcc/arm-none-eabi/14.2.1/thumb/v7e-m+dp/hard\libc_nano.a
LOAD D:/tool/cmake/cmake_zip/arm-gnu-toolchain/bin/../lib/gcc/arm-none-eabi/14.2.1/thumb/v7e-m+dp/hard\libm.a
END GROUP
LOAD CMakeFiles/debug_gpio.dir/Core/Src/main.c.obj
LOAD CMakeFiles/debug_gpio.dir/Core/Src/stm32h7xx_it.c.obj
LOAD CMakeFiles/debug_gpio.dir/Core/Src/stm32h7xx_hal_msp.c.obj
LOAD CMakeFiles/debug_gpio.dir/Drivers/STM32H7xx_HAL_Driver/Src/stm32h7xx_hal_cortex.c.obj
LOAD CMakeFiles/debug_gpio.dir/Drivers/STM32H7xx_HAL_Driver/Src/stm32h7xx_hal_i2c.c.obj
LOAD CMakeFiles/debug_gpio.dir/Drivers/STM32H7xx_HAL_Driver/Src/stm32h7xx_hal_i2c_ex.c.obj
LOAD CMakeFiles/debug_gpio.dir/Drivers/STM32H7xx_HAL_Driver/Src/stm32h7xx_hal_rcc.c.obj
LOAD CMakeFiles/debug_gpio.dir/Drivers/STM32H7xx_HAL_Driver/Src/stm32h7xx_hal_rcc_ex.c.obj
LOAD CMakeFiles/debug_gpio.dir/Drivers/STM32H7xx_HAL_Driver/Src/stm32h7xx_hal_flash.c.obj
LOAD CMakeFiles/debug_gpio.dir/Drivers/STM32H7xx_HAL_Driver/Src/stm32h7xx_hal_flash_ex.c.obj
LOAD CMakeFiles/debug_gpio.dir/Drivers/STM32H7xx_HAL_Driver/Src/stm32h7xx_hal_gpio.c.obj
LOAD CMakeFiles/debug_gpio.dir/Drivers/STM32H7xx_HAL_Driver/Src/stm32h7xx_hal_hsem.c.obj
LOAD CMakeFiles/debug_gpio.dir/Drivers/STM32H7xx_HAL_Driver/Src/stm32h7xx_hal_dma.c.obj
LOAD CMakeFiles/debug_gpio.dir/Drivers/STM32H7xx_HAL_Driver/Src/stm32h7xx_hal_dma_ex.c.obj
LOAD CMakeFiles/debug_gpio.dir/Drivers/STM32H7xx_HAL_Driver/Src/stm32h7xx_hal_mdma.c.obj
LOAD CMakeFiles/debug_gpio.dir/Drivers/STM32H7xx_HAL_Driver/Src/stm32h7xx_hal_pwr.c.obj
LOAD CMakeFiles/debug_gpio.dir/Drivers/STM32H7xx_HAL_Driver/Src/stm32h7xx_hal_pwr_ex.c.obj
LOAD CMakeFiles/debug_gpio.dir/Drivers/STM32H7xx_HAL_Driver/Src/stm32h7xx_hal.c.obj
LOAD CMakeFiles/debug_gpio.dir/Drivers/STM32H7xx_HAL_Driver/Src/stm32h7xx_hal_exti.c.obj
LOAD CMakeFiles/debug_gpio.dir/Drivers/STM32H7xx_HAL_Driver/Src/stm32h7xx_hal_spi.c.obj
LOAD CMakeFiles/debug_gpio.dir/Drivers/STM32H7xx_HAL_Driver/Src/stm32h7xx_hal_spi_ex.c.obj
LOAD CMakeFiles/debug_gpio.dir/Drivers/STM32H7xx_HAL_Driver/Src/stm32h7xx_hal_uart.c.obj
LOAD CMakeFiles/debug_gpio.dir/Drivers/STM32H7xx_HAL_Driver/Src/stm32h7xx_hal_uart_ex.c.obj
LOAD CMakeFiles/debug_gpio.dir/Core/Src/system_stm32h7xx.c.obj
LOAD CMakeFiles/debug_gpio.dir/Core/Src/sysmem.c.obj
LOAD CMakeFiles/debug_gpio.dir/Core/Src/syscalls.c.obj
LOAD CMakeFiles/debug_gpio.dir/startup_stm32h750xx.s.obj
START GROUP
LOAD D:/tool/cmake/cmake_zip/arm-gnu-toolchain/bin/../lib/gcc/arm-none-eabi/14.2.1/thumb/v7e-m+dp/hard\libgcc.a
LOAD D:/tool/cmake/cmake_zip/arm-gnu-toolchain/bin/../lib/gcc/arm-none-eabi/14.2.1/thumb/v7e-m+dp/hard\libg_nano.a
LOAD D:/tool/cmake/cmake_zip/arm-gnu-toolchain/bin/../lib/gcc/arm-none-eabi/14.2.1/thumb/v7e-m+dp/hard\libc_nano.a
END GROUP
START GROUP
LOAD D:/tool/cmake/cmake_zip/arm-gnu-toolchain/bin/../lib/gcc/arm-none-eabi/14.2.1/thumb/v7e-m+dp/hard\libgcc.a
LOAD D:/tool/cmake/cmake_zip/arm-gnu-toolchain/bin/../lib/gcc/arm-none-eabi/14.2.1/thumb/v7e-m+dp/hard\libc_nano.a
END GROUP
LOAD D:/tool/cmake/cmake_zip/arm-gnu-toolchain/bin/../lib/gcc/arm-none-eabi/14.2.1/thumb/v7e-m+dp/hard/crtend.o
LOAD D:/tool/cmake/cmake_zip/arm-gnu-toolchain/bin/../lib/gcc/arm-none-eabi/14.2.1/thumb/v7e-m+dp/hard/crtn.o
                0x20020000                        _estack = (ORIGIN (DTCMRAM) + LENGTH (DTCMRAM))
                0x00000200                        _Min_Heap_Size = 0x200
                0x00000400                        _Min_Stack_Size = 0x400

.isr_vector     0x08000000      0x298
                0x08000000                        . = ALIGN (0x4)
 *(.isr_vector)
 .isr_vector    0x08000000      0x298 CMakeFiles/debug_gpio.dir/startup_stm32h750xx.s.obj
                0x08000000                g_pfnVectors
                0x08000298                        . = ALIGN (0x4)

.text           0x08000298     0x63b0
                0x08000298                        . = ALIGN (0x4)
 *(.text)
 .text          0x08000298       0x30 D:/tool/cmake/cmake_zip/arm-gnu-toolchain/bin/../lib/gcc/arm-none-eabi/14.2.1/thumb/v7e-m+dp/hard\libgcc.a(_aeabi_uldivmod.o)
                0x08000298                __aeabi_uldivmod
 .text          0x080002c8        0x4 D:/tool/cmake/cmake_zip/arm-gnu-toolchain/bin/../lib/gcc/arm-none-eabi/14.2.1/thumb/v7e-m+dp/hard\libgcc.a(_dvmd_tls.o)
                0x080002c8                __aeabi_idiv0
                0x080002c8                __aeabi_ldiv0
 *(.text*)
 .text.deregister_tm_clones
                0x080002cc       0x1c D:/tool/cmake/cmake_zip/arm-gnu-toolchain/bin/../lib/gcc/arm-none-eabi/14.2.1/thumb/v7e-m+dp/hard/crtbegin.o
 .text.register_tm_clones
                0x080002e8       0x24 D:/tool/cmake/cmake_zip/arm-gnu-toolchain/bin/../lib/gcc/arm-none-eabi/14.2.1/thumb/v7e-m+dp/hard/crtbegin.o
 .text.__do_global_dtors_aux
                0x0800030c       0x28 D:/tool/cmake/cmake_zip/arm-gnu-toolchain/bin/../lib/gcc/arm-none-eabi/14.2.1/thumb/v7e-m+dp/hard/crtbegin.o
 .text.frame_dummy
                0x08000334       0x24 D:/tool/cmake/cmake_zip/arm-gnu-toolchain/bin/../lib/gcc/arm-none-eabi/14.2.1/thumb/v7e-m+dp/hard/crtbegin.o
 .text.memset   0x08000358       0x10 D:/tool/cmake/cmake_zip/arm-gnu-toolchain/bin/../lib/gcc/arm-none-eabi/14.2.1/thumb/v7e-m+dp/hard\libc_nano.a(libc_a-memset.o)
                0x08000358                memset
 .text.__libc_init_array
                0x08000368       0x48 D:/tool/cmake/cmake_zip/arm-gnu-toolchain/bin/../lib/gcc/arm-none-eabi/14.2.1/thumb/v7e-m+dp/hard\libc_nano.a(libc_a-init.o)
                0x08000368                __libc_init_array
 .text.Convert_ADC_To_Voltage
                0x080003b0       0x5c CMakeFiles/debug_gpio.dir/Core/Src/main.c.obj
 .text.Is_ADC_Data_Valid
                0x0800040c       0x32 CMakeFiles/debug_gpio.dir/Core/Src/main.c.obj
 *fill*         0x0800043e        0x2 
 .text.SPI_Transmit
                0x08000440       0x38 CMakeFiles/debug_gpio.dir/Core/Src/main.c.obj
                0x08000440                SPI_Transmit
 .text.SPI_TransmitReceive
                0x08000478       0x3c CMakeFiles/debug_gpio.dir/Core/Src/main.c.obj
 .text.main     0x080004b4       0x90 CMakeFiles/debug_gpio.dir/Core/Src/main.c.obj
                0x080004b4                main
 .text.SystemClock_Config
                0x08000544       0xf8 CMakeFiles/debug_gpio.dir/Core/Src/main.c.obj
                0x08000544                SystemClock_Config
 .text.MX_I2C1_Init
                0x0800063c       0x80 CMakeFiles/debug_gpio.dir/Core/Src/main.c.obj
 .text.MX_SPI1_Init
                0x080006bc      0x10c CMakeFiles/debug_gpio.dir/Core/Src/main.c.obj
 .text.MX_UART4_Init
                0x080007c8       0x98 CMakeFiles/debug_gpio.dir/Core/Src/main.c.obj
 .text.MX_GPIO_Init
                0x08000860      0x110 CMakeFiles/debug_gpio.dir/Core/Src/main.c.obj
 .text.HAL_GPIO_EXTI_Callback
                0x08000970       0xe8 CMakeFiles/debug_gpio.dir/Core/Src/main.c.obj
                0x08000970                HAL_GPIO_EXTI_Callback
 .text.MPU_Config
                0x08000a58       0x58 CMakeFiles/debug_gpio.dir/Core/Src/main.c.obj
 .text.Error_Handler
                0x08000ab0        0xc CMakeFiles/debug_gpio.dir/Core/Src/main.c.obj
                0x08000ab0                Error_Handler
 .text.NMI_Handler
                0x08000abc        0x8 CMakeFiles/debug_gpio.dir/Core/Src/stm32h7xx_it.c.obj
                0x08000abc                NMI_Handler
 .text.HardFault_Handler
                0x08000ac4        0x8 CMakeFiles/debug_gpio.dir/Core/Src/stm32h7xx_it.c.obj
                0x08000ac4                HardFault_Handler
 .text.MemManage_Handler
                0x08000acc        0x8 CMakeFiles/debug_gpio.dir/Core/Src/stm32h7xx_it.c.obj
                0x08000acc                MemManage_Handler
 .text.BusFault_Handler
                0x08000ad4        0x8 CMakeFiles/debug_gpio.dir/Core/Src/stm32h7xx_it.c.obj
                0x08000ad4                BusFault_Handler
 .text.UsageFault_Handler
                0x08000adc        0x8 CMakeFiles/debug_gpio.dir/Core/Src/stm32h7xx_it.c.obj
                0x08000adc                UsageFault_Handler
 .text.SVC_Handler
                0x08000ae4        0xe CMakeFiles/debug_gpio.dir/Core/Src/stm32h7xx_it.c.obj
                0x08000ae4                SVC_Handler
 .text.DebugMon_Handler
                0x08000af2        0xe CMakeFiles/debug_gpio.dir/Core/Src/stm32h7xx_it.c.obj
                0x08000af2                DebugMon_Handler
 .text.PendSV_Handler
                0x08000b00        0xe CMakeFiles/debug_gpio.dir/Core/Src/stm32h7xx_it.c.obj
                0x08000b00                PendSV_Handler
 .text.SysTick_Handler
                0x08000b0e        0xc CMakeFiles/debug_gpio.dir/Core/Src/stm32h7xx_it.c.obj
                0x08000b0e                SysTick_Handler
 .text.EXTI4_IRQHandler
                0x08000b1a        0xe CMakeFiles/debug_gpio.dir/Core/Src/stm32h7xx_it.c.obj
                0x08000b1a                EXTI4_IRQHandler
 .text.HAL_MspInit
                0x08000b28       0x34 CMakeFiles/debug_gpio.dir/Core/Src/stm32h7xx_hal_msp.c.obj
                0x08000b28                HAL_MspInit
 .text.HAL_I2C_MspInit
                0x08000b5c       0xd0 CMakeFiles/debug_gpio.dir/Core/Src/stm32h7xx_hal_msp.c.obj
                0x08000b5c                HAL_I2C_MspInit
 .text.HAL_SPI_MspInit
                0x08000c2c       0xd0 CMakeFiles/debug_gpio.dir/Core/Src/stm32h7xx_hal_msp.c.obj
                0x08000c2c                HAL_SPI_MspInit
 .text.HAL_UART_MspInit
                0x08000cfc       0xd0 CMakeFiles/debug_gpio.dir/Core/Src/stm32h7xx_hal_msp.c.obj
                0x08000cfc                HAL_UART_MspInit
 .text.__NVIC_SetPriorityGrouping
                0x08000dcc       0x48 CMakeFiles/debug_gpio.dir/Drivers/STM32H7xx_HAL_Driver/Src/stm32h7xx_hal_cortex.c.obj
 .text.__NVIC_GetPriorityGrouping
                0x08000e14       0x1c CMakeFiles/debug_gpio.dir/Drivers/STM32H7xx_HAL_Driver/Src/stm32h7xx_hal_cortex.c.obj
 .text.__NVIC_EnableIRQ
                0x08000e30       0x3c CMakeFiles/debug_gpio.dir/Drivers/STM32H7xx_HAL_Driver/Src/stm32h7xx_hal_cortex.c.obj
 .text.__NVIC_SetPriority
                0x08000e6c       0x54 CMakeFiles/debug_gpio.dir/Drivers/STM32H7xx_HAL_Driver/Src/stm32h7xx_hal_cortex.c.obj
 .text.NVIC_EncodePriority
                0x08000ec0       0x66 CMakeFiles/debug_gpio.dir/Drivers/STM32H7xx_HAL_Driver/Src/stm32h7xx_hal_cortex.c.obj
 *fill*         0x08000f26        0x2 
 .text.SysTick_Config
                0x08000f28       0x44 CMakeFiles/debug_gpio.dir/Drivers/STM32H7xx_HAL_Driver/Src/stm32h7xx_hal_cortex.c.obj
 .text.HAL_NVIC_SetPriorityGrouping
                0x08000f6c       0x16 CMakeFiles/debug_gpio.dir/Drivers/STM32H7xx_HAL_Driver/Src/stm32h7xx_hal_cortex.c.obj
                0x08000f6c                HAL_NVIC_SetPriorityGrouping
 .text.HAL_NVIC_SetPriority
                0x08000f82       0x34 CMakeFiles/debug_gpio.dir/Drivers/STM32H7xx_HAL_Driver/Src/stm32h7xx_hal_cortex.c.obj
                0x08000f82                HAL_NVIC_SetPriority
 .text.HAL_NVIC_EnableIRQ
                0x08000fb6       0x1c CMakeFiles/debug_gpio.dir/Drivers/STM32H7xx_HAL_Driver/Src/stm32h7xx_hal_cortex.c.obj
                0x08000fb6                HAL_NVIC_EnableIRQ
 .text.HAL_SYSTICK_Config
                0x08000fd2       0x18 CMakeFiles/debug_gpio.dir/Drivers/STM32H7xx_HAL_Driver/Src/stm32h7xx_hal_cortex.c.obj
                0x08000fd2                HAL_SYSTICK_Config
 *fill*         0x08000fea        0x2 
 .text.HAL_MPU_Disable
                0x08000fec       0x30 CMakeFiles/debug_gpio.dir/Drivers/STM32H7xx_HAL_Driver/Src/stm32h7xx_hal_cortex.c.obj
                0x08000fec                HAL_MPU_Disable
 .text.HAL_MPU_Enable
                0x0800101c       0x40 CMakeFiles/debug_gpio.dir/Drivers/STM32H7xx_HAL_Driver/Src/stm32h7xx_hal_cortex.c.obj
                0x0800101c                HAL_MPU_Enable
 .text.HAL_MPU_ConfigRegion
                0x0800105c       0x80 CMakeFiles/debug_gpio.dir/Drivers/STM32H7xx_HAL_Driver/Src/stm32h7xx_hal_cortex.c.obj
                0x0800105c                HAL_MPU_ConfigRegion
 .text.HAL_I2C_Init
                0x080010dc      0x138 CMakeFiles/debug_gpio.dir/Drivers/STM32H7xx_HAL_Driver/Src/stm32h7xx_hal_i2c.c.obj
                0x080010dc                HAL_I2C_Init
 .text.HAL_I2CEx_ConfigAnalogFilter
                0x08001214       0x96 CMakeFiles/debug_gpio.dir/Drivers/STM32H7xx_HAL_Driver/Src/stm32h7xx_hal_i2c_ex.c.obj
                0x08001214                HAL_I2CEx_ConfigAnalogFilter
 .text.HAL_I2CEx_ConfigDigitalFilter
                0x080012aa       0x98 CMakeFiles/debug_gpio.dir/Drivers/STM32H7xx_HAL_Driver/Src/stm32h7xx_hal_i2c_ex.c.obj
                0x080012aa                HAL_I2CEx_ConfigDigitalFilter
 *fill*         0x08001342        0x2 
 .text.HAL_RCC_OscConfig
                0x08001344      0x8b4 CMakeFiles/debug_gpio.dir/Drivers/STM32H7xx_HAL_Driver/Src/stm32h7xx_hal_rcc.c.obj
                0x08001344                HAL_RCC_OscConfig
 .text.HAL_RCC_ClockConfig
                0x08001bf8      0x36c CMakeFiles/debug_gpio.dir/Drivers/STM32H7xx_HAL_Driver/Src/stm32h7xx_hal_rcc.c.obj
                0x08001bf8                HAL_RCC_ClockConfig
 .text.HAL_RCC_GetSysClockFreq
                0x08001f64      0x2f4 CMakeFiles/debug_gpio.dir/Drivers/STM32H7xx_HAL_Driver/Src/stm32h7xx_hal_rcc.c.obj
                0x08001f64                HAL_RCC_GetSysClockFreq
 .text.HAL_RCC_GetHCLKFreq
                0x08002258       0x60 CMakeFiles/debug_gpio.dir/Drivers/STM32H7xx_HAL_Driver/Src/stm32h7xx_hal_rcc.c.obj
                0x08002258                HAL_RCC_GetHCLKFreq
 .text.HAL_RCC_GetPCLK1Freq
                0x080022b8       0x2c CMakeFiles/debug_gpio.dir/Drivers/STM32H7xx_HAL_Driver/Src/stm32h7xx_hal_rcc.c.obj
                0x080022b8                HAL_RCC_GetPCLK1Freq
 .text.HAL_RCC_GetPCLK2Freq
                0x080022e4       0x2c CMakeFiles/debug_gpio.dir/Drivers/STM32H7xx_HAL_Driver/Src/stm32h7xx_hal_rcc.c.obj
                0x080022e4                HAL_RCC_GetPCLK2Freq
 .text.HAL_RCCEx_PeriphCLKConfig
                0x08002310     0x1414 CMakeFiles/debug_gpio.dir/Drivers/STM32H7xx_HAL_Driver/Src/stm32h7xx_hal_rcc_ex.c.obj
                0x08002310                HAL_RCCEx_PeriphCLKConfig
 .text.HAL_RCCEx_GetD3PCLK1Freq
                0x08003724       0x2c CMakeFiles/debug_gpio.dir/Drivers/STM32H7xx_HAL_Driver/Src/stm32h7xx_hal_rcc_ex.c.obj
                0x08003724                HAL_RCCEx_GetD3PCLK1Freq
 .text.HAL_RCCEx_GetPLL2ClockFreq
                0x08003750      0x2a8 CMakeFiles/debug_gpio.dir/Drivers/STM32H7xx_HAL_Driver/Src/stm32h7xx_hal_rcc_ex.c.obj
                0x08003750                HAL_RCCEx_GetPLL2ClockFreq
 .text.HAL_RCCEx_GetPLL3ClockFreq
                0x080039f8      0x2a8 CMakeFiles/debug_gpio.dir/Drivers/STM32H7xx_HAL_Driver/Src/stm32h7xx_hal_rcc_ex.c.obj
                0x080039f8                HAL_RCCEx_GetPLL3ClockFreq
 .text.RCCEx_PLL2_Config
                0x08003ca0      0x164 CMakeFiles/debug_gpio.dir/Drivers/STM32H7xx_HAL_Driver/Src/stm32h7xx_hal_rcc_ex.c.obj
 .text.RCCEx_PLL3_Config
                0x08003e04      0x164 CMakeFiles/debug_gpio.dir/Drivers/STM32H7xx_HAL_Driver/Src/stm32h7xx_hal_rcc_ex.c.obj
 .text.HAL_GPIO_Init
                0x08003f68      0x360 CMakeFiles/debug_gpio.dir/Drivers/STM32H7xx_HAL_Driver/Src/stm32h7xx_hal_gpio.c.obj
                0x08003f68                HAL_GPIO_Init
 .text.HAL_GPIO_WritePin
                0x080042c8       0x32 CMakeFiles/debug_gpio.dir/Drivers/STM32H7xx_HAL_Driver/Src/stm32h7xx_hal_gpio.c.obj
                0x080042c8                HAL_GPIO_WritePin
 .text.HAL_GPIO_EXTI_IRQHandler
                0x080042fa       0x34 CMakeFiles/debug_gpio.dir/Drivers/STM32H7xx_HAL_Driver/Src/stm32h7xx_hal_gpio.c.obj
                0x080042fa                HAL_GPIO_EXTI_IRQHandler
 *fill*         0x0800432e        0x2 
 .text.HAL_PWREx_ConfigSupply
                0x08004330       0x74 CMakeFiles/debug_gpio.dir/Drivers/STM32H7xx_HAL_Driver/Src/stm32h7xx_hal_pwr_ex.c.obj
                0x08004330                HAL_PWREx_ConfigSupply
 .text.HAL_Init
                0x080043a4       0x78 CMakeFiles/debug_gpio.dir/Drivers/STM32H7xx_HAL_Driver/Src/stm32h7xx_hal.c.obj
                0x080043a4                HAL_Init
 .text.HAL_InitTick
                0x0800441c       0x6c CMakeFiles/debug_gpio.dir/Drivers/STM32H7xx_HAL_Driver/Src/stm32h7xx_hal.c.obj
                0x0800441c                HAL_InitTick
 .text.HAL_IncTick
                0x08004488       0x28 CMakeFiles/debug_gpio.dir/Drivers/STM32H7xx_HAL_Driver/Src/stm32h7xx_hal.c.obj
                0x08004488                HAL_IncTick
 .text.HAL_GetTick
                0x080044b0       0x18 CMakeFiles/debug_gpio.dir/Drivers/STM32H7xx_HAL_Driver/Src/stm32h7xx_hal.c.obj
                0x080044b0                HAL_GetTick
 .text.HAL_Delay
                0x080044c8       0x48 CMakeFiles/debug_gpio.dir/Drivers/STM32H7xx_HAL_Driver/Src/stm32h7xx_hal.c.obj
                0x080044c8                HAL_Delay
 .text.HAL_GetREVID
                0x08004510       0x18 CMakeFiles/debug_gpio.dir/Drivers/STM32H7xx_HAL_Driver/Src/stm32h7xx_hal.c.obj
                0x08004510                HAL_GetREVID
 .text.HAL_SPI_Init
                0x08004528      0x248 CMakeFiles/debug_gpio.dir/Drivers/STM32H7xx_HAL_Driver/Src/stm32h7xx_hal_spi.c.obj
                0x08004528                HAL_SPI_Init
 .text.HAL_SPI_TransmitReceive
                0x08004770      0x674 CMakeFiles/debug_gpio.dir/Drivers/STM32H7xx_HAL_Driver/Src/stm32h7xx_hal_spi.c.obj
                0x08004770                HAL_SPI_TransmitReceive
 .text.SPI_CloseTransfer
                0x08004de4      0x140 CMakeFiles/debug_gpio.dir/Drivers/STM32H7xx_HAL_Driver/Src/stm32h7xx_hal_spi.c.obj
 .text.SPI_WaitOnFlagUntilTimeout
                0x08004f24       0x5c CMakeFiles/debug_gpio.dir/Drivers/STM32H7xx_HAL_Driver/Src/stm32h7xx_hal_spi.c.obj
 .text.SPI_GetPacketSize
                0x08004f80       0x36 CMakeFiles/debug_gpio.dir/Drivers/STM32H7xx_HAL_Driver/Src/stm32h7xx_hal_spi.c.obj
 .text.HAL_UART_Init
                0x08004fb6       0xa0 CMakeFiles/debug_gpio.dir/Drivers/STM32H7xx_HAL_Driver/Src/stm32h7xx_hal_uart.c.obj
                0x08004fb6                HAL_UART_Init
 *fill*         0x08005056        0x2 
 .text.UART_SetConfig
                0x08005058      0xad0 CMakeFiles/debug_gpio.dir/Drivers/STM32H7xx_HAL_Driver/Src/stm32h7xx_hal_uart.c.obj
                0x08005058                UART_SetConfig
 .text.UART_AdvFeatureConfig
                0x08005b28      0x144 CMakeFiles/debug_gpio.dir/Drivers/STM32H7xx_HAL_Driver/Src/stm32h7xx_hal_uart.c.obj
                0x08005b28                UART_AdvFeatureConfig
 .text.UART_CheckIdleState
                0x08005c6c      0x154 CMakeFiles/debug_gpio.dir/Drivers/STM32H7xx_HAL_Driver/Src/stm32h7xx_hal_uart.c.obj
                0x08005c6c                UART_CheckIdleState
 .text.UART_WaitOnFlagUntilTimeout
                0x08005dc0       0xda CMakeFiles/debug_gpio.dir/Drivers/STM32H7xx_HAL_Driver/Src/stm32h7xx_hal_uart.c.obj
                0x08005dc0                UART_WaitOnFlagUntilTimeout
 *fill*         0x08005e9a        0x2 
 .text.UART_EndRxTransfer
                0x08005e9c       0xcc CMakeFiles/debug_gpio.dir/Drivers/STM32H7xx_HAL_Driver/Src/stm32h7xx_hal_uart.c.obj
 .text.HAL_UARTEx_DisableFifoMode
                0x08005f68       0x72 CMakeFiles/debug_gpio.dir/Drivers/STM32H7xx_HAL_Driver/Src/stm32h7xx_hal_uart_ex.c.obj
                0x08005f68                HAL_UARTEx_DisableFifoMode
 .text.HAL_UARTEx_SetTxFifoThreshold
                0x08005fda       0x7c CMakeFiles/debug_gpio.dir/Drivers/STM32H7xx_HAL_Driver/Src/stm32h7xx_hal_uart_ex.c.obj
                0x08005fda                HAL_UARTEx_SetTxFifoThreshold
 .text.HAL_UARTEx_SetRxFifoThreshold
                0x08006056       0x7c CMakeFiles/debug_gpio.dir/Drivers/STM32H7xx_HAL_Driver/Src/stm32h7xx_hal_uart_ex.c.obj
                0x08006056                HAL_UARTEx_SetRxFifoThreshold
 *fill*         0x080060d2        0x2 
 .text.UARTEx_SetNbDataToProcess
                0x080060d4       0x9c CMakeFiles/debug_gpio.dir/Drivers/STM32H7xx_HAL_Driver/Src/stm32h7xx_hal_uart_ex.c.obj
 .text.SystemInit
                0x08006170      0x140 CMakeFiles/debug_gpio.dir/Core/Src/system_stm32h7xx.c.obj
                0x08006170                SystemInit
 .text.ExitRun0Mode
                0x080062b0       0x30 CMakeFiles/debug_gpio.dir/Core/Src/system_stm32h7xx.c.obj
                0x080062b0                ExitRun0Mode
 .text.Reset_Handler
                0x080062e0       0x54 CMakeFiles/debug_gpio.dir/startup_stm32h750xx.s.obj
                0x080062e0                Reset_Handler
 .text.Default_Handler
                0x08006334        0x2 CMakeFiles/debug_gpio.dir/startup_stm32h750xx.s.obj
                0x08006334                RTC_Alarm_IRQHandler
                0x08006334                HASH_RNG_IRQHandler
                0x08006334                EXTI2_IRQHandler
                0x08006334                TIM8_CC_IRQHandler
                0x08006334                HRTIM1_Master_IRQHandler
                0x08006334                UART8_IRQHandler
                0x08006334                SPI4_IRQHandler
                0x08006334                TIM1_CC_IRQHandler
                0x08006334                BDMA_Channel6_IRQHandler
                0x08006334                DMA2_Stream5_IRQHandler
                0x08006334                HRTIM1_FLT_IRQHandler
                0x08006334                JPEG_IRQHandler
                0x08006334                DMA1_Stream5_IRQHandler
                0x08006334                BDMA_Channel1_IRQHandler
                0x08006334                HRTIM1_TIMD_IRQHandler
                0x08006334                TAMP_STAMP_IRQHandler
                0x08006334                EXTI3_IRQHandler
                0x08006334                LPTIM4_IRQHandler
                0x08006334                TIM8_TRG_COM_TIM14_IRQHandler
                0x08006334                LPTIM2_IRQHandler
                0x08006334                DFSDM1_FLT1_IRQHandler
                0x08006334                DMAMUX2_OVR_IRQHandler
                0x08006334                TIM8_UP_TIM13_IRQHandler
                0x08006334                I2C3_ER_IRQHandler
                0x08006334                DFSDM1_FLT2_IRQHandler
                0x08006334                MDMA_IRQHandler
                0x08006334                LPTIM3_IRQHandler
                0x08006334                HSEM1_IRQHandler
                0x08006334                EXTI0_IRQHandler
                0x08006334                I2C2_EV_IRQHandler
                0x08006334                DMA1_Stream2_IRQHandler
                0x08006334                FPU_IRQHandler
                0x08006334                OTG_HS_WKUP_IRQHandler
                0x08006334                FDCAN1_IT1_IRQHandler
                0x08006334                LTDC_ER_IRQHandler
                0x08006334                DMA2_Stream2_IRQHandler
                0x08006334                HRTIM1_TIME_IRQHandler
                0x08006334                SPI1_IRQHandler
                0x08006334                TIM6_DAC_IRQHandler
                0x08006334                DCMI_IRQHandler
                0x08006334                HRTIM1_TIMC_IRQHandler
                0x08006334                DMA2_Stream3_IRQHandler
                0x08006334                SAI2_IRQHandler
                0x08006334                DFSDM1_FLT3_IRQHandler
                0x08006334                USART6_IRQHandler
                0x08006334                TIM17_IRQHandler
                0x08006334                USART3_IRQHandler
                0x08006334                BDMA_Channel7_IRQHandler
                0x08006334                CRYP_IRQHandler
                0x08006334                LPTIM5_IRQHandler
                0x08006334                UART5_IRQHandler
                0x08006334                ADC3_IRQHandler
                0x08006334                DMA2_Stream0_IRQHandler
                0x08006334                TIM4_IRQHandler
                0x08006334                BDMA_Channel2_IRQHandler
                0x08006334                QUADSPI_IRQHandler
                0x08006334                I2C1_EV_IRQHandler
                0x08006334                DMA1_Stream6_IRQHandler
                0x08006334                DMAMUX1_OVR_IRQHandler
                0x08006334                DMA1_Stream1_IRQHandler
                0x08006334                TIM16_IRQHandler
                0x08006334                UART4_IRQHandler
                0x08006334                BDMA_Channel5_IRQHandler
                0x08006334                TIM3_IRQHandler
                0x08006334                RCC_IRQHandler
                0x08006334                TIM8_BRK_TIM12_IRQHandler
                0x08006334                TIM1_TRG_COM_IRQHandler
                0x08006334                Default_Handler
                0x08006334                ECC_IRQHandler
                0x08006334                CEC_IRQHandler
                0x08006334                EXTI15_10_IRQHandler
                0x08006334                BDMA_Channel0_IRQHandler
                0x08006334                ADC_IRQHandler
                0x08006334                DMA1_Stream7_IRQHandler
                0x08006334                HRTIM1_TIMA_IRQHandler
                0x08006334                SPI5_IRQHandler
                0x08006334                TIM7_IRQHandler
                0x08006334                SDMMC1_IRQHandler
                0x08006334                TIM5_IRQHandler
                0x08006334                DMA2_Stream7_IRQHandler
                0x08006334                TIM15_IRQHandler
                0x08006334                PVD_AVD_IRQHandler
                0x08006334                I2C3_EV_IRQHandler
                0x08006334                EXTI9_5_IRQHandler
                0x08006334                RTC_WKUP_IRQHandler
                0x08006334                LTDC_IRQHandler
                0x08006334                SAI3_IRQHandler
                0x08006334                ETH_WKUP_IRQHandler
                0x08006334                SPDIF_RX_IRQHandler
                0x08006334                SPI2_IRQHandler
                0x08006334                OTG_HS_EP1_IN_IRQHandler
                0x08006334                DMA1_Stream0_IRQHandler
                0x08006334                CRS_IRQHandler
                0x08006334                HRTIM1_TIMB_IRQHandler
                0x08006334                FDCAN2_IT1_IRQHandler
                0x08006334                ETH_IRQHandler
                0x08006334                TIM1_UP_IRQHandler
                0x08006334                BDMA_Channel4_IRQHandler
                0x08006334                OTG_HS_EP1_OUT_IRQHandler
                0x08006334                WWDG_IRQHandler
                0x08006334                SPI6_IRQHandler
                0x08006334                MDIOS_IRQHandler
                0x08006334                I2C4_EV_IRQHandler
                0x08006334                FDCAN2_IT0_IRQHandler
                0x08006334                LPUART1_IRQHandler
                0x08006334                FDCAN1_IT0_IRQHandler
                0x08006334                TIM2_IRQHandler
                0x08006334                OTG_FS_WKUP_IRQHandler
                0x08006334                OTG_HS_IRQHandler
                0x08006334                DMA2D_IRQHandler
                0x08006334                TIM1_BRK_IRQHandler
                0x08006334                EXTI1_IRQHandler
                0x08006334                SDMMC2_IRQHandler
                0x08006334                OTG_FS_EP1_OUT_IRQHandler
                0x08006334                BDMA_Channel3_IRQHandler
                0x08006334                UART7_IRQHandler
                0x08006334                MDIOS_WKUP_IRQHandler
                0x08006334                USART2_IRQHandler
                0x08006334                DFSDM1_FLT0_IRQHandler
                0x08006334                SAI4_IRQHandler
                0x08006334                I2C2_ER_IRQHandler
                0x08006334                DMA2_Stream1_IRQHandler
                0x08006334                FLASH_IRQHandler
                0x08006334                DMA2_Stream4_IRQHandler
                0x08006334                USART1_IRQHandler
                0x08006334                OTG_FS_IRQHandler
                0x08006334                SPI3_IRQHandler
                0x08006334                WAKEUP_PIN_IRQHandler
                0x08006334                DMA1_Stream4_IRQHandler
                0x08006334                OTG_FS_EP1_IN_IRQHandler
                0x08006334                I2C1_ER_IRQHandler
                0x08006334                FMC_IRQHandler
                0x08006334                FDCAN_CAL_IRQHandler
                0x08006334                SWPMI1_IRQHandler
                0x08006334                COMP1_IRQHandler
                0x08006334                LPTIM1_IRQHandler
                0x08006334                I2C4_ER_IRQHandler
                0x08006334                DMA2_Stream6_IRQHandler
                0x08006334                SAI1_IRQHandler
                0x08006334                DMA1_Stream3_IRQHandler
 *fill*         0x08006336        0x2 
 .text.__udivmoddi4
                0x08006338      0x2f8 D:/tool/cmake/cmake_zip/arm-gnu-toolchain/bin/../lib/gcc/arm-none-eabi/14.2.1/thumb/v7e-m+dp/hard\libgcc.a(_udivmoddi4.o)
                0x08006338                __udivmoddi4
 *(.glue_7)
 .glue_7        0x08006630        0x0 linker stubs
 *(.glue_7t)
 .glue_7t       0x08006630        0x0 linker stubs
 *(.eh_frame)
 .eh_frame      0x08006630        0x0 D:/tool/cmake/cmake_zip/arm-gnu-toolchain/bin/../lib/gcc/arm-none-eabi/14.2.1/thumb/v7e-m+dp/hard/crtbegin.o
 *(.init)
 .init          0x08006630        0x4 D:/tool/cmake/cmake_zip/arm-gnu-toolchain/bin/../lib/gcc/arm-none-eabi/14.2.1/thumb/v7e-m+dp/hard/crti.o
                0x08006630                _init
 .init          0x08006634        0x8 D:/tool/cmake/cmake_zip/arm-gnu-toolchain/bin/../lib/gcc/arm-none-eabi/14.2.1/thumb/v7e-m+dp/hard/crtn.o
 *(.fini)
 .fini          0x0800663c        0x4 D:/tool/cmake/cmake_zip/arm-gnu-toolchain/bin/../lib/gcc/arm-none-eabi/14.2.1/thumb/v7e-m+dp/hard/crti.o
                0x0800663c                _fini
 .fini          0x08006640        0x8 D:/tool/cmake/cmake_zip/arm-gnu-toolchain/bin/../lib/gcc/arm-none-eabi/14.2.1/thumb/v7e-m+dp/hard/crtn.o
                0x08006648                        . = ALIGN (0x4)
                0x08006648                        _etext = .

.vfp11_veneer   0x08006648        0x0
 .vfp11_veneer  0x08006648        0x0 linker stubs

.v4_bx          0x08006648        0x0
 .v4_bx         0x08006648        0x0 linker stubs

.iplt           0x08006648        0x0
 .iplt          0x08006648        0x0 D:/tool/cmake/cmake_zip/arm-gnu-toolchain/bin/../lib/gcc/arm-none-eabi/14.2.1/thumb/v7e-m+dp/hard/crtbegin.o

.rodata         0x08006648       0x38
                0x08006648                        . = ALIGN (0x4)
 *(.rodata)
 *(.rodata*)
 .rodata.UARTPrescTable
                0x08006648       0x18 CMakeFiles/debug_gpio.dir/Drivers/STM32H7xx_HAL_Driver/Src/stm32h7xx_hal_uart.c.obj
                0x08006648                UARTPrescTable
 .rodata.numerator.1
                0x08006660        0x8 CMakeFiles/debug_gpio.dir/Drivers/STM32H7xx_HAL_Driver/Src/stm32h7xx_hal_uart_ex.c.obj
 .rodata.denominator.0
                0x08006668        0x8 CMakeFiles/debug_gpio.dir/Drivers/STM32H7xx_HAL_Driver/Src/stm32h7xx_hal_uart_ex.c.obj
 .rodata.D1CorePrescTable
                0x08006670       0x10 CMakeFiles/debug_gpio.dir/Core/Src/system_stm32h7xx.c.obj
                0x08006670                D1CorePrescTable
                0x08006680                        . = ALIGN (0x4)

.ARM.extab
 *(.ARM.extab* .gnu.linkonce.armextab.*)

.ARM            0x08006680        0x8
                0x08006680                        __exidx_start = .
 *(.ARM.exidx*)
 .ARM.exidx.text.__udivmoddi4
                0x08006680        0x8 D:/tool/cmake/cmake_zip/arm-gnu-toolchain/bin/../lib/gcc/arm-none-eabi/14.2.1/thumb/v7e-m+dp/hard\libgcc.a(_udivmoddi4.o)
                0x08006688                        __exidx_end = .

.rel.dyn        0x08006688        0x0
 .rel.iplt      0x08006688        0x0 D:/tool/cmake/cmake_zip/arm-gnu-toolchain/bin/../lib/gcc/arm-none-eabi/14.2.1/thumb/v7e-m+dp/hard/crtbegin.o

.preinit_array  0x08006688        0x0
                0x08006688                        PROVIDE (__preinit_array_start = .)
 *(.preinit_array*)
                0x08006688                        PROVIDE (__preinit_array_end = .)

.init_array     0x08006688        0x4
                0x08006688                        PROVIDE (__init_array_start = .)
 *(SORT_BY_NAME(.init_array.*))
 *(.init_array*)
 .init_array    0x08006688        0x4 D:/tool/cmake/cmake_zip/arm-gnu-toolchain/bin/../lib/gcc/arm-none-eabi/14.2.1/thumb/v7e-m+dp/hard/crtbegin.o
                0x0800668c                        PROVIDE (__init_array_end = .)

.fini_array     0x0800668c        0x4
                [!provide]                        PROVIDE (__fini_array_start = .)
 *(SORT_BY_NAME(.fini_array.*))
 *(.fini_array*)
 .fini_array    0x0800668c        0x4 D:/tool/cmake/cmake_zip/arm-gnu-toolchain/bin/../lib/gcc/arm-none-eabi/14.2.1/thumb/v7e-m+dp/hard/crtbegin.o
                [!provide]                        PROVIDE (__fini_array_end = .)
                0x08006690                        _sidata = LOADADDR (.data)

.data           0x20000000       0x10 load address 0x08006690
                0x20000000                        . = ALIGN (0x4)
                0x20000000                        _sdata = .
 *(.data)
 *(.data*)
 .data.uwTickPrio
                0x20000000        0x4 CMakeFiles/debug_gpio.dir/Drivers/STM32H7xx_HAL_Driver/Src/stm32h7xx_hal.c.obj
                0x20000000                uwTickPrio
 .data.uwTickFreq
                0x20000004        0x1 CMakeFiles/debug_gpio.dir/Drivers/STM32H7xx_HAL_Driver/Src/stm32h7xx_hal.c.obj
                0x20000004                uwTickFreq
 *fill*         0x20000005        0x3 
 .data.SystemCoreClock
                0x20000008        0x4 CMakeFiles/debug_gpio.dir/Core/Src/system_stm32h7xx.c.obj
                0x20000008                SystemCoreClock
 .data.SystemD2Clock
                0x2000000c        0x4 CMakeFiles/debug_gpio.dir/Core/Src/system_stm32h7xx.c.obj
                0x2000000c                SystemD2Clock
                0x20000010                        . = ALIGN (0x4)
                0x20000010                        _edata = .

.tm_clone_table
                0x20000010        0x0 load address 0x080066a0
 .tm_clone_table
                0x20000010        0x0 D:/tool/cmake/cmake_zip/arm-gnu-toolchain/bin/../lib/gcc/arm-none-eabi/14.2.1/thumb/v7e-m+dp/hard/crtbegin.o
 .tm_clone_table
                0x20000010        0x0 D:/tool/cmake/cmake_zip/arm-gnu-toolchain/bin/../lib/gcc/arm-none-eabi/14.2.1/thumb/v7e-m+dp/hard/crtend.o

.igot.plt       0x20000010        0x0 load address 0x080066a0
 .igot.plt      0x20000010        0x0 D:/tool/cmake/cmake_zip/arm-gnu-toolchain/bin/../lib/gcc/arm-none-eabi/14.2.1/thumb/v7e-m+dp/hard/crtbegin.o
                0x20000010                        . = ALIGN (0x4)

.bss            0x20000010      0x198 load address 0x080066a0
                0x20000010                        _sbss = .
                0x20000010                        __bss_start__ = _sbss
 *(.bss)
 *(.bss*)
 .bss.completed.1
                0x20000010        0x1 D:/tool/cmake/cmake_zip/arm-gnu-toolchain/bin/../lib/gcc/arm-none-eabi/14.2.1/thumb/v7e-m+dp/hard/crtbegin.o
 *fill*         0x20000011        0x3 
 .bss.object.0  0x20000014       0x18 D:/tool/cmake/cmake_zip/arm-gnu-toolchain/bin/../lib/gcc/arm-none-eabi/14.2.1/thumb/v7e-m+dp/hard/crtbegin.o
 .bss.hi2c1     0x2000002c       0x54 CMakeFiles/debug_gpio.dir/Core/Src/main.c.obj
                0x2000002c                hi2c1
 .bss.hspi1     0x20000080       0x88 CMakeFiles/debug_gpio.dir/Core/Src/main.c.obj
                0x20000080                hspi1
 .bss.huart4    0x20000108       0x94 CMakeFiles/debug_gpio.dir/Core/Src/main.c.obj
                0x20000108                huart4
 .bss.adc_value
                0x2000019c        0x4 CMakeFiles/debug_gpio.dir/Core/Src/main.c.obj
                0x2000019c                adc_value
 .bss.msb       0x200001a0        0x1 CMakeFiles/debug_gpio.dir/Core/Src/main.c.obj
                0x200001a0                msb
 .bss.mid       0x200001a1        0x1 CMakeFiles/debug_gpio.dir/Core/Src/main.c.obj
                0x200001a1                mid
 .bss.lsb       0x200001a2        0x1 CMakeFiles/debug_gpio.dir/Core/Src/main.c.obj
                0x200001a2                lsb
 *fill*         0x200001a3        0x1 
 .bss.uwTick    0x200001a4        0x4 CMakeFiles/debug_gpio.dir/Drivers/STM32H7xx_HAL_Driver/Src/stm32h7xx_hal.c.obj
                0x200001a4                uwTick
 *(COMMON)
                0x200001a8                        . = ALIGN (0x4)
                0x200001a8                        _ebss = .
                0x200001a8                        __bss_end__ = _ebss

._user_heap_stack
                0x200001a8      0x600 load address 0x080066a0
                0x200001a8                        . = ALIGN (0x8)
                [!provide]                        PROVIDE (end = .)
                0x200001a8                        PROVIDE (_end = .)
                0x200003a8                        . = (. + _Min_Heap_Size)
 *fill*         0x200001a8      0x200 
                0x200007a8                        . = (. + _Min_Stack_Size)
 *fill*         0x200003a8      0x400 
                0x200007a8                        . = ALIGN (0x8)

/DISCARD/
 libc.a(*)
 libm.a(*)
 libgcc.a(*)
OUTPUT(debug_gpio.elf elf32-littlearm)
LOAD linker stubs
LOAD D:/tool/cmake/cmake_zip/arm-gnu-toolchain/bin/../lib/gcc/arm-none-eabi/14.2.1/thumb/v7e-m+dp/hard\libc.a
LOAD D:/tool/cmake/cmake_zip/arm-gnu-toolchain/bin/../lib/gcc/arm-none-eabi/14.2.1/thumb/v7e-m+dp/hard\libm.a
LOAD D:/tool/cmake/cmake_zip/arm-gnu-toolchain/bin/../lib/gcc/arm-none-eabi/14.2.1/thumb/v7e-m+dp/hard\libgcc.a

.ARM.attributes
                0x00000000       0x2e
 .ARM.attributes
                0x00000000       0x20 D:/tool/cmake/cmake_zip/arm-gnu-toolchain/bin/../lib/gcc/arm-none-eabi/14.2.1/thumb/v7e-m+dp/hard/crti.o
 .ARM.attributes
                0x00000020       0x32 D:/tool/cmake/cmake_zip/arm-gnu-toolchain/bin/../lib/gcc/arm-none-eabi/14.2.1/thumb/v7e-m+dp/hard/crtbegin.o
 .ARM.attributes
                0x00000052       0x32 D:/tool/cmake/cmake_zip/arm-gnu-toolchain/bin/../lib/gcc/arm-none-eabi/14.2.1/thumb/v7e-m+dp/hard\libc_nano.a(libc_a-memset.o)
 .ARM.attributes
                0x00000084       0x32 D:/tool/cmake/cmake_zip/arm-gnu-toolchain/bin/../lib/gcc/arm-none-eabi/14.2.1/thumb/v7e-m+dp/hard\libc_nano.a(libc_a-init.o)
 .ARM.attributes
                0x000000b6       0x32 CMakeFiles/debug_gpio.dir/Core/Src/main.c.obj
 .ARM.attributes
                0x000000e8       0x32 CMakeFiles/debug_gpio.dir/Core/Src/stm32h7xx_it.c.obj
 .ARM.attributes
                0x0000011a       0x32 CMakeFiles/debug_gpio.dir/Core/Src/stm32h7xx_hal_msp.c.obj
 .ARM.attributes
                0x0000014c       0x32 CMakeFiles/debug_gpio.dir/Drivers/STM32H7xx_HAL_Driver/Src/stm32h7xx_hal_cortex.c.obj
 .ARM.attributes
                0x0000017e       0x32 CMakeFiles/debug_gpio.dir/Drivers/STM32H7xx_HAL_Driver/Src/stm32h7xx_hal_i2c.c.obj
 .ARM.attributes
                0x000001b0       0x32 CMakeFiles/debug_gpio.dir/Drivers/STM32H7xx_HAL_Driver/Src/stm32h7xx_hal_i2c_ex.c.obj
 .ARM.attributes
                0x000001e2       0x32 CMakeFiles/debug_gpio.dir/Drivers/STM32H7xx_HAL_Driver/Src/stm32h7xx_hal_rcc.c.obj
 .ARM.attributes
                0x00000214       0x32 CMakeFiles/debug_gpio.dir/Drivers/STM32H7xx_HAL_Driver/Src/stm32h7xx_hal_rcc_ex.c.obj
 .ARM.attributes
                0x00000246       0x32 CMakeFiles/debug_gpio.dir/Drivers/STM32H7xx_HAL_Driver/Src/stm32h7xx_hal_gpio.c.obj
 .ARM.attributes
                0x00000278       0x32 CMakeFiles/debug_gpio.dir/Drivers/STM32H7xx_HAL_Driver/Src/stm32h7xx_hal_pwr_ex.c.obj
 .ARM.attributes
                0x000002aa       0x32 CMakeFiles/debug_gpio.dir/Drivers/STM32H7xx_HAL_Driver/Src/stm32h7xx_hal.c.obj
 .ARM.attributes
                0x000002dc       0x32 CMakeFiles/debug_gpio.dir/Drivers/STM32H7xx_HAL_Driver/Src/stm32h7xx_hal_spi.c.obj
 .ARM.attributes
                0x0000030e       0x32 CMakeFiles/debug_gpio.dir/Drivers/STM32H7xx_HAL_Driver/Src/stm32h7xx_hal_uart.c.obj
 .ARM.attributes
                0x00000340       0x32 CMakeFiles/debug_gpio.dir/Drivers/STM32H7xx_HAL_Driver/Src/stm32h7xx_hal_uart_ex.c.obj
 .ARM.attributes
                0x00000372       0x32 CMakeFiles/debug_gpio.dir/Core/Src/system_stm32h7xx.c.obj
 .ARM.attributes
                0x000003a4       0x21 CMakeFiles/debug_gpio.dir/startup_stm32h750xx.s.obj
 .ARM.attributes
                0x000003c5       0x20 D:/tool/cmake/cmake_zip/arm-gnu-toolchain/bin/../lib/gcc/arm-none-eabi/14.2.1/thumb/v7e-m+dp/hard\libgcc.a(_aeabi_uldivmod.o)
 .ARM.attributes
                0x000003e5       0x32 D:/tool/cmake/cmake_zip/arm-gnu-toolchain/bin/../lib/gcc/arm-none-eabi/14.2.1/thumb/v7e-m+dp/hard\libgcc.a(_udivmoddi4.o)
 .ARM.attributes
                0x00000417       0x20 D:/tool/cmake/cmake_zip/arm-gnu-toolchain/bin/../lib/gcc/arm-none-eabi/14.2.1/thumb/v7e-m+dp/hard\libgcc.a(_dvmd_tls.o)
 .ARM.attributes
                0x00000437       0x32 D:/tool/cmake/cmake_zip/arm-gnu-toolchain/bin/../lib/gcc/arm-none-eabi/14.2.1/thumb/v7e-m+dp/hard/crtend.o
 .ARM.attributes
                0x00000469       0x20 D:/tool/cmake/cmake_zip/arm-gnu-toolchain/bin/../lib/gcc/arm-none-eabi/14.2.1/thumb/v7e-m+dp/hard/crtn.o

.comment        0x00000000       0x45
 .comment       0x00000000       0x45 CMakeFiles/debug_gpio.dir/Core/Src/main.c.obj
                                 0x46 (size before relaxing)
 .comment       0x00000045       0x46 CMakeFiles/debug_gpio.dir/Core/Src/stm32h7xx_it.c.obj
 .comment       0x00000045       0x46 CMakeFiles/debug_gpio.dir/Core/Src/stm32h7xx_hal_msp.c.obj
 .comment       0x00000045       0x46 CMakeFiles/debug_gpio.dir/Drivers/STM32H7xx_HAL_Driver/Src/stm32h7xx_hal_cortex.c.obj
 .comment       0x00000045       0x46 CMakeFiles/debug_gpio.dir/Drivers/STM32H7xx_HAL_Driver/Src/stm32h7xx_hal_i2c.c.obj
 .comment       0x00000045       0x46 CMakeFiles/debug_gpio.dir/Drivers/STM32H7xx_HAL_Driver/Src/stm32h7xx_hal_i2c_ex.c.obj
 .comment       0x00000045       0x46 CMakeFiles/debug_gpio.dir/Drivers/STM32H7xx_HAL_Driver/Src/stm32h7xx_hal_rcc.c.obj
 .comment       0x00000045       0x46 CMakeFiles/debug_gpio.dir/Drivers/STM32H7xx_HAL_Driver/Src/stm32h7xx_hal_rcc_ex.c.obj
 .comment       0x00000045       0x46 CMakeFiles/debug_gpio.dir/Drivers/STM32H7xx_HAL_Driver/Src/stm32h7xx_hal_gpio.c.obj
 .comment       0x00000045       0x46 CMakeFiles/debug_gpio.dir/Drivers/STM32H7xx_HAL_Driver/Src/stm32h7xx_hal_pwr_ex.c.obj
 .comment       0x00000045       0x46 CMakeFiles/debug_gpio.dir/Drivers/STM32H7xx_HAL_Driver/Src/stm32h7xx_hal.c.obj
 .comment       0x00000045       0x46 CMakeFiles/debug_gpio.dir/Drivers/STM32H7xx_HAL_Driver/Src/stm32h7xx_hal_spi.c.obj
 .comment       0x00000045       0x46 CMakeFiles/debug_gpio.dir/Drivers/STM32H7xx_HAL_Driver/Src/stm32h7xx_hal_uart.c.obj
 .comment       0x00000045       0x46 CMakeFiles/debug_gpio.dir/Drivers/STM32H7xx_HAL_Driver/Src/stm32h7xx_hal_uart_ex.c.obj
 .comment       0x00000045       0x46 CMakeFiles/debug_gpio.dir/Core/Src/system_stm32h7xx.c.obj

.debug_frame    0x00000000     0x3ff8
 .debug_frame   0x00000000       0x20 D:/tool/cmake/cmake_zip/arm-gnu-toolchain/bin/../lib/gcc/arm-none-eabi/14.2.1/thumb/v7e-m+dp/hard\libc_nano.a(libc_a-memset.o)
 .debug_frame   0x00000020       0x2c D:/tool/cmake/cmake_zip/arm-gnu-toolchain/bin/../lib/gcc/arm-none-eabi/14.2.1/thumb/v7e-m+dp/hard\libc_nano.a(libc_a-init.o)
 .debug_frame   0x0000004c      0x1ec CMakeFiles/debug_gpio.dir/Core/Src/main.c.obj
 .debug_frame   0x00000238      0x120 CMakeFiles/debug_gpio.dir/Core/Src/stm32h7xx_it.c.obj
 .debug_frame   0x00000358      0x11c CMakeFiles/debug_gpio.dir/Core/Src/stm32h7xx_hal_msp.c.obj
 .debug_frame   0x00000474      0x508 CMakeFiles/debug_gpio.dir/Drivers/STM32H7xx_HAL_Driver/Src/stm32h7xx_hal_cortex.c.obj
 .debug_frame   0x0000097c      0xc40 CMakeFiles/debug_gpio.dir/Drivers/STM32H7xx_HAL_Driver/Src/stm32h7xx_hal_i2c.c.obj
 .debug_frame   0x000015bc      0x100 CMakeFiles/debug_gpio.dir/Drivers/STM32H7xx_HAL_Driver/Src/stm32h7xx_hal_i2c_ex.c.obj
 .debug_frame   0x000016bc      0x1f8 CMakeFiles/debug_gpio.dir/Drivers/STM32H7xx_HAL_Driver/Src/stm32h7xx_hal_rcc.c.obj
 .debug_frame   0x000018b4      0x414 CMakeFiles/debug_gpio.dir/Drivers/STM32H7xx_HAL_Driver/Src/stm32h7xx_hal_rcc_ex.c.obj
 .debug_frame   0x00001cc8      0x14c CMakeFiles/debug_gpio.dir/Drivers/STM32H7xx_HAL_Driver/Src/stm32h7xx_hal_gpio.c.obj
 .debug_frame   0x00001e14      0x580 CMakeFiles/debug_gpio.dir/Drivers/STM32H7xx_HAL_Driver/Src/stm32h7xx_hal_pwr_ex.c.obj
 .debug_frame   0x00002394      0x690 CMakeFiles/debug_gpio.dir/Drivers/STM32H7xx_HAL_Driver/Src/stm32h7xx_hal.c.obj
 .debug_frame   0x00002a24      0x7a8 CMakeFiles/debug_gpio.dir/Drivers/STM32H7xx_HAL_Driver/Src/stm32h7xx_hal_spi.c.obj
 .debug_frame   0x000031cc      0xa94 CMakeFiles/debug_gpio.dir/Drivers/STM32H7xx_HAL_Driver/Src/stm32h7xx_hal_uart.c.obj
 .debug_frame   0x00003c60      0x2c0 CMakeFiles/debug_gpio.dir/Drivers/STM32H7xx_HAL_Driver/Src/stm32h7xx_hal_uart_ex.c.obj
 .debug_frame   0x00003f20       0x78 CMakeFiles/debug_gpio.dir/Core/Src/system_stm32h7xx.c.obj
 .debug_frame   0x00003f98       0x2c D:/tool/cmake/cmake_zip/arm-gnu-toolchain/bin/../lib/gcc/arm-none-eabi/14.2.1/thumb/v7e-m+dp/hard\libgcc.a(_aeabi_uldivmod.o)
 .debug_frame   0x00003fc4       0x34 D:/tool/cmake/cmake_zip/arm-gnu-toolchain/bin/../lib/gcc/arm-none-eabi/14.2.1/thumb/v7e-m+dp/hard\libgcc.a(_udivmoddi4.o)

.debug_info     0x00000000    0x14b0a
 .debug_info    0x00000000     0x2166 CMakeFiles/debug_gpio.dir/Core/Src/main.c.obj
 .debug_info    0x00002166      0x161 CMakeFiles/debug_gpio.dir/Core/Src/stm32h7xx_it.c.obj
 .debug_info    0x000022c7     0x17fb CMakeFiles/debug_gpio.dir/Core/Src/stm32h7xx_hal_msp.c.obj
 .debug_info    0x00003ac2     0x10b7 CMakeFiles/debug_gpio.dir/Drivers/STM32H7xx_HAL_Driver/Src/stm32h7xx_hal_cortex.c.obj
 .debug_info    0x00004b79     0x22c9 CMakeFiles/debug_gpio.dir/Drivers/STM32H7xx_HAL_Driver/Src/stm32h7xx_hal_i2c.c.obj
 .debug_info    0x00006e42      0xd84 CMakeFiles/debug_gpio.dir/Drivers/STM32H7xx_HAL_Driver/Src/stm32h7xx_hal_i2c_ex.c.obj
 .debug_info    0x00007bc6      0xe6a CMakeFiles/debug_gpio.dir/Drivers/STM32H7xx_HAL_Driver/Src/stm32h7xx_hal_rcc.c.obj
 .debug_info    0x00008a30     0x1225 CMakeFiles/debug_gpio.dir/Drivers/STM32H7xx_HAL_Driver/Src/stm32h7xx_hal_rcc_ex.c.obj
 .debug_info    0x00009c55      0xc5a CMakeFiles/debug_gpio.dir/Drivers/STM32H7xx_HAL_Driver/Src/stm32h7xx_hal_gpio.c.obj
 .debug_info    0x0000a8af     0x1012 CMakeFiles/debug_gpio.dir/Drivers/STM32H7xx_HAL_Driver/Src/stm32h7xx_hal_pwr_ex.c.obj
 .debug_info    0x0000b8c1     0x1541 CMakeFiles/debug_gpio.dir/Drivers/STM32H7xx_HAL_Driver/Src/stm32h7xx_hal.c.obj
 .debug_info    0x0000ce02     0x144a CMakeFiles/debug_gpio.dir/Drivers/STM32H7xx_HAL_Driver/Src/stm32h7xx_hal_spi.c.obj
 .debug_info    0x0000e24c     0x4b1d CMakeFiles/debug_gpio.dir/Drivers/STM32H7xx_HAL_Driver/Src/stm32h7xx_hal_uart.c.obj
 .debug_info    0x00012d69      0xfbf CMakeFiles/debug_gpio.dir/Drivers/STM32H7xx_HAL_Driver/Src/stm32h7xx_hal_uart_ex.c.obj
 .debug_info    0x00013d28      0xdb2 CMakeFiles/debug_gpio.dir/Core/Src/system_stm32h7xx.c.obj
 .debug_info    0x00014ada       0x30 CMakeFiles/debug_gpio.dir/startup_stm32h750xx.s.obj

.debug_abbrev   0x00000000     0x24b4
 .debug_abbrev  0x00000000      0x37e CMakeFiles/debug_gpio.dir/Core/Src/main.c.obj
 .debug_abbrev  0x0000037e       0xa0 CMakeFiles/debug_gpio.dir/Core/Src/stm32h7xx_it.c.obj
 .debug_abbrev  0x0000041e      0x250 CMakeFiles/debug_gpio.dir/Core/Src/stm32h7xx_hal_msp.c.obj
 .debug_abbrev  0x0000066e      0x339 CMakeFiles/debug_gpio.dir/Drivers/STM32H7xx_HAL_Driver/Src/stm32h7xx_hal_cortex.c.obj
 .debug_abbrev  0x000009a7      0x25d CMakeFiles/debug_gpio.dir/Drivers/STM32H7xx_HAL_Driver/Src/stm32h7xx_hal_i2c.c.obj
 .debug_abbrev  0x00000c04      0x1f5 CMakeFiles/debug_gpio.dir/Drivers/STM32H7xx_HAL_Driver/Src/stm32h7xx_hal_i2c_ex.c.obj
 .debug_abbrev  0x00000df9      0x2c8 CMakeFiles/debug_gpio.dir/Drivers/STM32H7xx_HAL_Driver/Src/stm32h7xx_hal_rcc.c.obj
 .debug_abbrev  0x000010c1      0x269 CMakeFiles/debug_gpio.dir/Drivers/STM32H7xx_HAL_Driver/Src/stm32h7xx_hal_rcc_ex.c.obj
 .debug_abbrev  0x0000132a      0x205 CMakeFiles/debug_gpio.dir/Drivers/STM32H7xx_HAL_Driver/Src/stm32h7xx_hal_gpio.c.obj
 .debug_abbrev  0x0000152f      0x2a7 CMakeFiles/debug_gpio.dir/Drivers/STM32H7xx_HAL_Driver/Src/stm32h7xx_hal_pwr_ex.c.obj
 .debug_abbrev  0x000017d6      0x295 CMakeFiles/debug_gpio.dir/Drivers/STM32H7xx_HAL_Driver/Src/stm32h7xx_hal.c.obj
 .debug_abbrev  0x00001a6b      0x2b1 CMakeFiles/debug_gpio.dir/Drivers/STM32H7xx_HAL_Driver/Src/stm32h7xx_hal_spi.c.obj
 .debug_abbrev  0x00001d1c      0x33d CMakeFiles/debug_gpio.dir/Drivers/STM32H7xx_HAL_Driver/Src/stm32h7xx_hal_uart.c.obj
 .debug_abbrev  0x00002059      0x2d2 CMakeFiles/debug_gpio.dir/Drivers/STM32H7xx_HAL_Driver/Src/stm32h7xx_hal_uart_ex.c.obj
 .debug_abbrev  0x0000232b      0x165 CMakeFiles/debug_gpio.dir/Core/Src/system_stm32h7xx.c.obj
 .debug_abbrev  0x00002490       0x24 CMakeFiles/debug_gpio.dir/startup_stm32h750xx.s.obj

.debug_aranges  0x00000000      0xf10
 .debug_aranges
                0x00000000       0x88 CMakeFiles/debug_gpio.dir/Core/Src/main.c.obj
 .debug_aranges
                0x00000088       0x68 CMakeFiles/debug_gpio.dir/Core/Src/stm32h7xx_it.c.obj
 .debug_aranges
                0x000000f0       0x50 CMakeFiles/debug_gpio.dir/Core/Src/stm32h7xx_hal_msp.c.obj
 .debug_aranges
                0x00000140      0x130 CMakeFiles/debug_gpio.dir/Drivers/STM32H7xx_HAL_Driver/Src/stm32h7xx_hal_cortex.c.obj
 .debug_aranges
                0x00000270      0x2a0 CMakeFiles/debug_gpio.dir/Drivers/STM32H7xx_HAL_Driver/Src/stm32h7xx_hal_i2c.c.obj
 .debug_aranges
                0x00000510       0x48 CMakeFiles/debug_gpio.dir/Drivers/STM32H7xx_HAL_Driver/Src/stm32h7xx_hal_i2c_ex.c.obj
 .debug_aranges
                0x00000558       0x88 CMakeFiles/debug_gpio.dir/Drivers/STM32H7xx_HAL_Driver/Src/stm32h7xx_hal_rcc.c.obj
 .debug_aranges
                0x000005e0       0xf8 CMakeFiles/debug_gpio.dir/Drivers/STM32H7xx_HAL_Driver/Src/stm32h7xx_hal_rcc_ex.c.obj
 .debug_aranges
                0x000006d8       0x58 CMakeFiles/debug_gpio.dir/Drivers/STM32H7xx_HAL_Driver/Src/stm32h7xx_hal_gpio.c.obj
 .debug_aranges
                0x00000730      0x158 CMakeFiles/debug_gpio.dir/Drivers/STM32H7xx_HAL_Driver/Src/stm32h7xx_hal_pwr_ex.c.obj
 .debug_aranges
                0x00000888      0x198 CMakeFiles/debug_gpio.dir/Drivers/STM32H7xx_HAL_Driver/Src/stm32h7xx_hal.c.obj
 .debug_aranges
                0x00000a20      0x1a8 CMakeFiles/debug_gpio.dir/Drivers/STM32H7xx_HAL_Driver/Src/stm32h7xx_hal_spi.c.obj
 .debug_aranges
                0x00000bc8      0x248 CMakeFiles/debug_gpio.dir/Drivers/STM32H7xx_HAL_Driver/Src/stm32h7xx_hal_uart.c.obj
 .debug_aranges
                0x00000e10       0xa8 CMakeFiles/debug_gpio.dir/Drivers/STM32H7xx_HAL_Driver/Src/stm32h7xx_hal_uart_ex.c.obj
 .debug_aranges
                0x00000eb8       0x30 CMakeFiles/debug_gpio.dir/Core/Src/system_stm32h7xx.c.obj
 .debug_aranges
                0x00000ee8       0x28 CMakeFiles/debug_gpio.dir/startup_stm32h750xx.s.obj

.debug_rnglists
                0x00000000      0xbc0
 .debug_rnglists
                0x00000000       0x68 CMakeFiles/debug_gpio.dir/Core/Src/main.c.obj
 .debug_rnglists
                0x00000068       0x49 CMakeFiles/debug_gpio.dir/Core/Src/stm32h7xx_it.c.obj
 .debug_rnglists
                0x000000b1       0x3a CMakeFiles/debug_gpio.dir/Core/Src/stm32h7xx_hal_msp.c.obj
 .debug_rnglists
                0x000000eb       0xe0 CMakeFiles/debug_gpio.dir/Drivers/STM32H7xx_HAL_Driver/Src/stm32h7xx_hal_cortex.c.obj
 .debug_rnglists
                0x000001cb      0x22a CMakeFiles/debug_gpio.dir/Drivers/STM32H7xx_HAL_Driver/Src/stm32h7xx_hal_i2c.c.obj
 .debug_rnglists
                0x000003f5       0x35 CMakeFiles/debug_gpio.dir/Drivers/STM32H7xx_HAL_Driver/Src/stm32h7xx_hal_i2c_ex.c.obj
 .debug_rnglists
                0x0000042a       0x68 CMakeFiles/debug_gpio.dir/Drivers/STM32H7xx_HAL_Driver/Src/stm32h7xx_hal_rcc.c.obj
 .debug_rnglists
                0x00000492       0xc0 CMakeFiles/debug_gpio.dir/Drivers/STM32H7xx_HAL_Driver/Src/stm32h7xx_hal_rcc_ex.c.obj
 .debug_rnglists
                0x00000552       0x3f CMakeFiles/debug_gpio.dir/Drivers/STM32H7xx_HAL_Driver/Src/stm32h7xx_hal_gpio.c.obj
 .debug_rnglists
                0x00000591      0x103 CMakeFiles/debug_gpio.dir/Drivers/STM32H7xx_HAL_Driver/Src/stm32h7xx_hal_pwr_ex.c.obj
 .debug_rnglists
                0x00000694      0x131 CMakeFiles/debug_gpio.dir/Drivers/STM32H7xx_HAL_Driver/Src/stm32h7xx_hal.c.obj
 .debug_rnglists
                0x000007c5      0x148 CMakeFiles/debug_gpio.dir/Drivers/STM32H7xx_HAL_Driver/Src/stm32h7xx_hal_spi.c.obj
 .debug_rnglists
                0x0000090d      0x1fa CMakeFiles/debug_gpio.dir/Drivers/STM32H7xx_HAL_Driver/Src/stm32h7xx_hal_uart.c.obj
 .debug_rnglists
                0x00000b07       0x7f CMakeFiles/debug_gpio.dir/Drivers/STM32H7xx_HAL_Driver/Src/stm32h7xx_hal_uart_ex.c.obj
 .debug_rnglists
                0x00000b86       0x21 CMakeFiles/debug_gpio.dir/Core/Src/system_stm32h7xx.c.obj
 .debug_rnglists
                0x00000ba7       0x19 CMakeFiles/debug_gpio.dir/startup_stm32h750xx.s.obj

.debug_macro    0x00000000    0x36d34
 .debug_macro   0x00000000      0x2cd CMakeFiles/debug_gpio.dir/Core/Src/main.c.obj
 .debug_macro   0x000002cd      0xaf6 CMakeFiles/debug_gpio.dir/Core/Src/main.c.obj
 .debug_macro   0x00000dc3      0x238 CMakeFiles/debug_gpio.dir/Core/Src/main.c.obj
 .debug_macro   0x00000ffb       0x2e CMakeFiles/debug_gpio.dir/Core/Src/main.c.obj
 .debug_macro   0x00001029       0x3b CMakeFiles/debug_gpio.dir/Core/Src/main.c.obj
 .debug_macro   0x00001064       0x22 CMakeFiles/debug_gpio.dir/Core/Src/main.c.obj
 .debug_macro   0x00001086       0x8e CMakeFiles/debug_gpio.dir/Core/Src/main.c.obj
 .debug_macro   0x00001114       0x51 CMakeFiles/debug_gpio.dir/Core/Src/main.c.obj
 .debug_macro   0x00001165      0x103 CMakeFiles/debug_gpio.dir/Core/Src/main.c.obj
 .debug_macro   0x00001268       0x6a CMakeFiles/debug_gpio.dir/Core/Src/main.c.obj
 .debug_macro   0x000012d2      0x1df CMakeFiles/debug_gpio.dir/Core/Src/main.c.obj
 .debug_macro   0x000014b1       0x1c CMakeFiles/debug_gpio.dir/Core/Src/main.c.obj
 .debug_macro   0x000014cd       0x22 CMakeFiles/debug_gpio.dir/Core/Src/main.c.obj
 .debug_macro   0x000014ef       0xfb CMakeFiles/debug_gpio.dir/Core/Src/main.c.obj
 .debug_macro   0x000015ea     0x1305 CMakeFiles/debug_gpio.dir/Core/Src/main.c.obj
 .debug_macro   0x000028ef      0x11f CMakeFiles/debug_gpio.dir/Core/Src/main.c.obj
 .debug_macro   0x00002a0e       0x27 CMakeFiles/debug_gpio.dir/Core/Src/main.c.obj
 .debug_macro   0x00002a35    0x26197 CMakeFiles/debug_gpio.dir/Core/Src/main.c.obj
 .debug_macro   0x00028bcc       0x6d CMakeFiles/debug_gpio.dir/Core/Src/main.c.obj
 .debug_macro   0x00028c39     0x3d79 CMakeFiles/debug_gpio.dir/Core/Src/main.c.obj
 .debug_macro   0x0002c9b2      0x190 CMakeFiles/debug_gpio.dir/Core/Src/main.c.obj
 .debug_macro   0x0002cb42       0x7b CMakeFiles/debug_gpio.dir/Core/Src/main.c.obj
 .debug_macro   0x0002cbbd       0x29 CMakeFiles/debug_gpio.dir/Core/Src/main.c.obj
 .debug_macro   0x0002cbe6       0x3c CMakeFiles/debug_gpio.dir/Core/Src/main.c.obj
 .debug_macro   0x0002cc22       0x34 CMakeFiles/debug_gpio.dir/Core/Src/main.c.obj
 .debug_macro   0x0002cc56      0x364 CMakeFiles/debug_gpio.dir/Core/Src/main.c.obj
 .debug_macro   0x0002cfba       0x16 CMakeFiles/debug_gpio.dir/Core/Src/main.c.obj
 .debug_macro   0x0002cfd0       0x4a CMakeFiles/debug_gpio.dir/Core/Src/main.c.obj
 .debug_macro   0x0002d01a       0x34 CMakeFiles/debug_gpio.dir/Core/Src/main.c.obj
 .debug_macro   0x0002d04e       0x10 CMakeFiles/debug_gpio.dir/Core/Src/main.c.obj
 .debug_macro   0x0002d05e       0x58 CMakeFiles/debug_gpio.dir/Core/Src/main.c.obj
 .debug_macro   0x0002d0b6      0x1e5 CMakeFiles/debug_gpio.dir/Core/Src/main.c.obj
 .debug_macro   0x0002d29b      0x19b CMakeFiles/debug_gpio.dir/Core/Src/main.c.obj
 .debug_macro   0x0002d436       0x5d CMakeFiles/debug_gpio.dir/Core/Src/main.c.obj
 .debug_macro   0x0002d493     0x240e CMakeFiles/debug_gpio.dir/Core/Src/main.c.obj
 .debug_macro   0x0002f8a1     0x102c CMakeFiles/debug_gpio.dir/Core/Src/main.c.obj
 .debug_macro   0x000308cd      0x154 CMakeFiles/debug_gpio.dir/Core/Src/main.c.obj
 .debug_macro   0x00030a21      0x114 CMakeFiles/debug_gpio.dir/Core/Src/main.c.obj
 .debug_macro   0x00030b35      0x3b6 CMakeFiles/debug_gpio.dir/Core/Src/main.c.obj
 .debug_macro   0x00030eeb       0xac CMakeFiles/debug_gpio.dir/Core/Src/main.c.obj
 .debug_macro   0x00030f97      0x72d CMakeFiles/debug_gpio.dir/Core/Src/main.c.obj
 .debug_macro   0x000316c4      0x228 CMakeFiles/debug_gpio.dir/Core/Src/main.c.obj
 .debug_macro   0x000318ec       0x66 CMakeFiles/debug_gpio.dir/Core/Src/main.c.obj
 .debug_macro   0x00031952      0x3bb CMakeFiles/debug_gpio.dir/Core/Src/main.c.obj
 .debug_macro   0x00031d0d      0x3e4 CMakeFiles/debug_gpio.dir/Core/Src/main.c.obj
 .debug_macro   0x000320f1      0x275 CMakeFiles/debug_gpio.dir/Core/Src/main.c.obj
 .debug_macro   0x00032366      0x3ca CMakeFiles/debug_gpio.dir/Core/Src/main.c.obj
 .debug_macro   0x00032730      0x3de CMakeFiles/debug_gpio.dir/Core/Src/main.c.obj
 .debug_macro   0x00032b0e       0x3c CMakeFiles/debug_gpio.dir/Core/Src/main.c.obj
 .debug_macro   0x00032b4a       0x4a CMakeFiles/debug_gpio.dir/Core/Src/main.c.obj
 .debug_macro   0x00032b94      0x22c CMakeFiles/debug_gpio.dir/Core/Src/main.c.obj
 .debug_macro   0x00032dc0       0x67 CMakeFiles/debug_gpio.dir/Core/Src/main.c.obj
 .debug_macro   0x00032e27       0xa5 CMakeFiles/debug_gpio.dir/Core/Src/main.c.obj
 .debug_macro   0x00032ecc      0x1c4 CMakeFiles/debug_gpio.dir/Core/Src/main.c.obj
 .debug_macro   0x00033090      0x25e CMakeFiles/debug_gpio.dir/Core/Src/main.c.obj
 .debug_macro   0x000332ee       0x35 CMakeFiles/debug_gpio.dir/Core/Src/main.c.obj
 .debug_macro   0x00033323      0x5e4 CMakeFiles/debug_gpio.dir/Core/Src/main.c.obj
 .debug_macro   0x00033907       0xc1 CMakeFiles/debug_gpio.dir/Core/Src/main.c.obj
 .debug_macro   0x000339c8      0x693 CMakeFiles/debug_gpio.dir/Core/Src/main.c.obj
 .debug_macro   0x0003405b       0xa6 CMakeFiles/debug_gpio.dir/Core/Src/main.c.obj
 .debug_macro   0x00034101      0x5ac CMakeFiles/debug_gpio.dir/Core/Src/main.c.obj
 .debug_macro   0x000346ad      0x2b3 CMakeFiles/debug_gpio.dir/Core/Src/stm32h7xx_it.c.obj
 .debug_macro   0x00034960      0x2a9 CMakeFiles/debug_gpio.dir/Core/Src/stm32h7xx_hal_msp.c.obj
 .debug_macro   0x00034c09      0x29f CMakeFiles/debug_gpio.dir/Drivers/STM32H7xx_HAL_Driver/Src/stm32h7xx_hal_cortex.c.obj
 .debug_macro   0x00034ea8      0x36b CMakeFiles/debug_gpio.dir/Drivers/STM32H7xx_HAL_Driver/Src/stm32h7xx_hal_i2c.c.obj
 .debug_macro   0x00035213      0x29f CMakeFiles/debug_gpio.dir/Drivers/STM32H7xx_HAL_Driver/Src/stm32h7xx_hal_i2c_ex.c.obj
 .debug_macro   0x000354b2      0x2c3 CMakeFiles/debug_gpio.dir/Drivers/STM32H7xx_HAL_Driver/Src/stm32h7xx_hal_rcc.c.obj
 .debug_macro   0x00035775      0x2bd CMakeFiles/debug_gpio.dir/Drivers/STM32H7xx_HAL_Driver/Src/stm32h7xx_hal_rcc_ex.c.obj
 .debug_macro   0x00035a32      0x2a6 CMakeFiles/debug_gpio.dir/Drivers/STM32H7xx_HAL_Driver/Src/stm32h7xx_hal_gpio.c.obj
 .debug_macro   0x00035cd8      0x2d8 CMakeFiles/debug_gpio.dir/Drivers/STM32H7xx_HAL_Driver/Src/stm32h7xx_hal_pwr_ex.c.obj
 .debug_macro   0x00035fb0      0x2c9 CMakeFiles/debug_gpio.dir/Drivers/STM32H7xx_HAL_Driver/Src/stm32h7xx_hal.c.obj
 .debug_macro   0x00036279      0x2a7 CMakeFiles/debug_gpio.dir/Drivers/STM32H7xx_HAL_Driver/Src/stm32h7xx_hal_spi.c.obj
 .debug_macro   0x00036520      0x2ca CMakeFiles/debug_gpio.dir/Drivers/STM32H7xx_HAL_Driver/Src/stm32h7xx_hal_uart.c.obj
 .debug_macro   0x000367ea      0x2ab CMakeFiles/debug_gpio.dir/Drivers/STM32H7xx_HAL_Driver/Src/stm32h7xx_hal_uart_ex.c.obj
 .debug_macro   0x00036a95      0x29f CMakeFiles/debug_gpio.dir/Core/Src/system_stm32h7xx.c.obj

.debug_line     0x00000000    0x12682
 .debug_line    0x00000000      0xa2b CMakeFiles/debug_gpio.dir/Core/Src/main.c.obj
 .debug_line    0x00000a2b      0x740 CMakeFiles/debug_gpio.dir/Core/Src/stm32h7xx_it.c.obj
 .debug_line    0x0000116b      0x7a4 CMakeFiles/debug_gpio.dir/Core/Src/stm32h7xx_hal_msp.c.obj
 .debug_line    0x0000190f      0xc3b CMakeFiles/debug_gpio.dir/Drivers/STM32H7xx_HAL_Driver/Src/stm32h7xx_hal_cortex.c.obj
 .debug_line    0x0000254a     0x39c8 CMakeFiles/debug_gpio.dir/Drivers/STM32H7xx_HAL_Driver/Src/stm32h7xx_hal_i2c.c.obj
 .debug_line    0x00005f12      0x7df CMakeFiles/debug_gpio.dir/Drivers/STM32H7xx_HAL_Driver/Src/stm32h7xx_hal_i2c_ex.c.obj
 .debug_line    0x000066f1     0x12f8 CMakeFiles/debug_gpio.dir/Drivers/STM32H7xx_HAL_Driver/Src/stm32h7xx_hal_rcc.c.obj
 .debug_line    0x000079e9     0x1c04 CMakeFiles/debug_gpio.dir/Drivers/STM32H7xx_HAL_Driver/Src/stm32h7xx_hal_rcc_ex.c.obj
 .debug_line    0x000095ed      0xada CMakeFiles/debug_gpio.dir/Drivers/STM32H7xx_HAL_Driver/Src/stm32h7xx_hal_gpio.c.obj
 .debug_line    0x0000a0c7      0xdd5 CMakeFiles/debug_gpio.dir/Drivers/STM32H7xx_HAL_Driver/Src/stm32h7xx_hal_pwr_ex.c.obj
 .debug_line    0x0000ae9c      0xc51 CMakeFiles/debug_gpio.dir/Drivers/STM32H7xx_HAL_Driver/Src/stm32h7xx_hal.c.obj
 .debug_line    0x0000baed     0x1fe3 CMakeFiles/debug_gpio.dir/Drivers/STM32H7xx_HAL_Driver/Src/stm32h7xx_hal_spi.c.obj
 .debug_line    0x0000dad0     0x36d8 CMakeFiles/debug_gpio.dir/Drivers/STM32H7xx_HAL_Driver/Src/stm32h7xx_hal_uart.c.obj
 .debug_line    0x000111a8      0xbe7 CMakeFiles/debug_gpio.dir/Drivers/STM32H7xx_HAL_Driver/Src/stm32h7xx_hal_uart_ex.c.obj
 .debug_line    0x00011d8f      0x878 CMakeFiles/debug_gpio.dir/Core/Src/system_stm32h7xx.c.obj
 .debug_line    0x00012607       0x7b CMakeFiles/debug_gpio.dir/startup_stm32h750xx.s.obj

.debug_str      0x00000000   0x15d3d9
 .debug_str     0x00000000   0x15d3d9 CMakeFiles/debug_gpio.dir/Core/Src/main.c.obj
                             0x1595ad (size before relaxing)
 .debug_str     0x0015d3d9   0x1579fd CMakeFiles/debug_gpio.dir/Core/Src/stm32h7xx_it.c.obj
 .debug_str     0x0015d3d9   0x158a8b CMakeFiles/debug_gpio.dir/Core/Src/stm32h7xx_hal_msp.c.obj
 .debug_str     0x0015d3d9   0x1587f3 CMakeFiles/debug_gpio.dir/Drivers/STM32H7xx_HAL_Driver/Src/stm32h7xx_hal_cortex.c.obj
 .debug_str     0x0015d3d9   0x158eeb CMakeFiles/debug_gpio.dir/Drivers/STM32H7xx_HAL_Driver/Src/stm32h7xx_hal_i2c.c.obj
 .debug_str     0x0015d3d9   0x15828f CMakeFiles/debug_gpio.dir/Drivers/STM32H7xx_HAL_Driver/Src/stm32h7xx_hal_i2c_ex.c.obj
 .debug_str     0x0015d3d9   0x15822e CMakeFiles/debug_gpio.dir/Drivers/STM32H7xx_HAL_Driver/Src/stm32h7xx_hal_rcc.c.obj
 .debug_str     0x0015d3d9   0x15870f CMakeFiles/debug_gpio.dir/Drivers/STM32H7xx_HAL_Driver/Src/stm32h7xx_hal_rcc_ex.c.obj
 .debug_str     0x0015d3d9   0x157e4a CMakeFiles/debug_gpio.dir/Drivers/STM32H7xx_HAL_Driver/Src/stm32h7xx_hal_gpio.c.obj
 .debug_str     0x0015d3d9   0x15830b CMakeFiles/debug_gpio.dir/Drivers/STM32H7xx_HAL_Driver/Src/stm32h7xx_hal_pwr_ex.c.obj
 .debug_str     0x0015d3d9   0x158db8 CMakeFiles/debug_gpio.dir/Drivers/STM32H7xx_HAL_Driver/Src/stm32h7xx_hal.c.obj
 .debug_str     0x0015d3d9   0x158552 CMakeFiles/debug_gpio.dir/Drivers/STM32H7xx_HAL_Driver/Src/stm32h7xx_hal_spi.c.obj
 .debug_str     0x0015d3d9   0x158d6f CMakeFiles/debug_gpio.dir/Drivers/STM32H7xx_HAL_Driver/Src/stm32h7xx_hal_uart.c.obj
 .debug_str     0x0015d3d9   0x15832f CMakeFiles/debug_gpio.dir/Drivers/STM32H7xx_HAL_Driver/Src/stm32h7xx_hal_uart_ex.c.obj
 .debug_str     0x0015d3d9   0x157ed2 CMakeFiles/debug_gpio.dir/Core/Src/system_stm32h7xx.c.obj
 .debug_str     0x0015d3d9       0x74 CMakeFiles/debug_gpio.dir/startup_stm32h750xx.s.obj

.debug_line_str
                0x00000000      0x12d
 .debug_line_str
                0x00000000      0x12d CMakeFiles/debug_gpio.dir/startup_stm32h750xx.s.obj
                                 0x58 (size before relaxing)
 .debug_line_str
                0x0000012d       0xc9 D:/tool/cmake/cmake_zip/arm-gnu-toolchain/bin/../lib/gcc/arm-none-eabi/14.2.1/thumb/v7e-m+dp/hard\libgcc.a(_aeabi_uldivmod.o)
 .debug_line_str
                0x0000012d       0xcd D:/tool/cmake/cmake_zip/arm-gnu-toolchain/bin/../lib/gcc/arm-none-eabi/14.2.1/thumb/v7e-m+dp/hard\libgcc.a(_dvmd_tls.o)
